Archive member included because of file (symbol)

ym/mbed-drivers/source/mbed-drivers.a(exit.c.o)
                              c:/progra~2/gnutoo~1/4f412~1.820/bin/../lib/gcc/arm-none-eabi/4.8.4/../../../../arm-none-eabi/lib/armv7e-m/crt0.o (exit)
ym/mbed-drivers/source/mbed-drivers.a(gpio.c.o)
                              source/CMakeFiles/mbed3.dir/C_/development/cpp/mbed3/source/app.cpp.o (gpio_init_out)
ym/mbed-drivers/source/mbed-drivers.a(retarget.cpp.o)
                              c:/progra~2/gnutoo~1/4f412~1.820/bin/../lib/gcc/arm-none-eabi/4.8.4/../../../../arm-none-eabi/lib/armv7e-m/crt0.o (__wrap_main)
ym/mbed-drivers/source/mbed-drivers.a(board.c.o)
                              ym/mbed-drivers/source/mbed-drivers.a(exit.c.o) (mbed_die)
ym/mbed-drivers/source/mbed-drivers.a(FilePath.cpp.o)
                              ym/mbed-drivers/source/mbed-drivers.a(retarget.cpp.o) (mbed::FilePath::FilePath(char const*))
ym/mbed-drivers/source/mbed-drivers.a(error.c.o)
                              ym/mbed-drivers/source/mbed-drivers.a(retarget.cpp.o) (error)
ym/mbed-drivers/source/mbed-drivers.a(wait_api.c.o)
                              ym/mbed-drivers/source/mbed-drivers.a(board.c.o) (wait_ms)
ym/mbed-drivers/source/mbed-drivers.a(FileSystemLike.cpp.o)
                              ym/mbed-drivers/source/mbed-drivers.a(retarget.cpp.o) (mbed::FileSystemLike::opendir())
ym/mbed-drivers/source/mbed-drivers.a(FileBase.cpp.o)
                              ym/mbed-drivers/source/mbed-drivers.a(FileSystemLike.cpp.o) (mbed::FileBase::~FileBase())
ym/minar/source/minar.a(minar.cpp.o)
                              source/CMakeFiles/mbed3.dir/C_/development/cpp/mbed3/source/app.cpp.o (minar::Scheduler::CallbackAdder::period(unsigned long))
ym/core-util/source/core-util.a(PoolAllocator.cpp.o)
                              ym/minar/source/minar.a(minar.cpp.o) (mbed::util::PoolAllocator::align_up(unsigned long, unsigned long))
ym/core-util/source/core-util.a(ExtendablePoolAllocator.cpp.o)
                              ym/minar/source/minar.a(minar.cpp.o) (mbed::util::ExtendablePoolAllocator::ExtendablePoolAllocator())
ym/core-util/source/core-util.a(mbed-util_mbed.c.o)
                              ym/minar/source/minar.a(minar.cpp.o) (mbed_util_runtime_error_internal)
ym/mbed-hal-ksdk-mcu/source/mbed-hal-ksdk-mcu.a(fsl_gpio_hal.c.o)
                              source/CMakeFiles/mbed3.dir/C_/development/cpp/mbed3/source/app.cpp.o (GPIO_HAL_WritePinOutput)
ym/mbed-hal-ksdk-mcu/source/mbed-hal-ksdk-mcu.a(gpio_api.c.o)
                              ym/mbed-drivers/source/mbed-drivers.a(gpio.c.o) (gpio_init)
ym/mbed-hal-ksdk-mcu/source/mbed-hal-ksdk-mcu.a(serial_api.c.o)
                              ym/mbed-drivers/source/mbed-drivers.a(retarget.cpp.o) (serial_init)
ym/mbed-hal-ksdk-mcu/source/mbed-hal-ksdk-mcu.a(us_ticker.c.o)
                              ym/mbed-drivers/source/mbed-drivers.a(wait_api.c.o) (us_ticker_read)
ym/mbed-hal-ksdk-mcu/source/mbed-hal-ksdk-mcu.a(pinmap.c.o)
                              ym/mbed-hal-ksdk-mcu/source/mbed-hal-ksdk-mcu.a(gpio_api.c.o) (pin_function)
ym/mbed-hal-ksdk-mcu/source/mbed-hal-ksdk-mcu.a(fsl_clock_manager.c.o)
                              ym/mbed-hal-ksdk-mcu/source/mbed-hal-ksdk-mcu.a(us_ticker.c.o) (CLOCK_SYS_GetFreq)
ym/mbed-hal-ksdk-mcu/source/mbed-hal-ksdk-mcu.a(fsl_mcg_hal.c.o)
                              ym/mbed-hal-ksdk-mcu/source/mbed-hal-ksdk-mcu.a(fsl_clock_manager.c.o) (CLOCK_HAL_GetFllRefClk)
ym/mbed-hal-ksdk-mcu/source/mbed-hal-ksdk-mcu.a(fsl_uart_hal.c.o)
                              ym/mbed-hal-ksdk-mcu/source/mbed-hal-ksdk-mcu.a(serial_api.c.o) (UART_HAL_Init)
ym/mbed-hal-ksdk-mcu/source/mbed-hal-ksdk-mcu.a(fsl_sim_hal.c.o)
                              ym/mbed-hal-ksdk-mcu/source/mbed-hal-ksdk-mcu.a(fsl_clock_manager.c.o) (CLOCK_HAL_SetSource)
ym/minar-platform-mbed/source/minar-platform-mbed.a(mbed_platform.cpp.o)
                              ym/minar/source/minar.a(minar.cpp.o) (minar::platform::init())
ym/mbed-hal-k64f/source/mbed-hal-k64f.a(startup_MK64F12.S.obj)
                              (Reset_Handler)
ym/mbed-hal-k64f/source/mbed-hal-k64f.a(fsl_clock_K64F12.c.o)
                              ym/mbed-hal-ksdk-mcu/source/mbed-hal-ksdk-mcu.a(serial_api.c.o) (CLOCK_SYS_GetUartFreq)
ym/mbed-hal-k64f/source/mbed-hal-k64f.a(fsl_sim_hal_K64F12.c.o)
                              ym/mbed-hal-ksdk-mcu/source/mbed-hal-ksdk-mcu.a(gpio_api.c.o) (SIM_HAL_EnablePortClock)
ym/mbed-hal-frdm-k64f/source/mbed-hal-frdm-k64f.a(init_api.c.o)
                              ym/mbed-drivers/source/mbed-drivers.a(retarget.cpp.o) (mbed_hal_init)
ym/mbed-hal-frdm-k64f/source/mbed-hal-frdm-k64f.a(PeripheralPins.c.o)
                              ym/mbed-hal-ksdk-mcu/source/mbed-hal-ksdk-mcu.a(serial_api.c.o) (PinMap_UART_RX)
ym/mbed-drivers/source/mbed-drivers.a(pinmap_common.c.o)
[...]
Memory Configuration

Name             Origin             Length             Attributes
VECTORS          0x00000000         0x00000400         xr
FLASH_PROTECTION 0x00000400         0x00000010         xr
FLASH            0x00000410         0x000ffbf0         xr
RAM              0x1fff0200         0x0003fe00         xrw
*default*        0x00000000         0xffffffff

Linker script and memory map

LOAD c:/progra~2/gnutoo~1/4f412~1.820/bin/../lib/gcc/arm-none-eabi/4.8.4/armv7e-m/crti.o
LOAD c:/progra~2/gnutoo~1/4f412~1.820/bin/../lib/gcc/arm-none-eabi/4.8.4/armv7e-m/crtbegin.o
LOAD c:/progra~2/gnutoo~1/4f412~1.820/bin/../lib/gcc/arm-none-eabi/4.8.4/../../../../arm-none-eabi/lib/armv7e-m/crt0.o
START GROUP
LOAD source/CMakeFiles/mbed3.dir/C_/development/cpp/mbed3/source/app.cpp.o
LOAD ym/mbed-drivers/source/mbed-drivers.a
LOAD ym/sockets/source/sockets.a
LOAD ym/sal/source/sal.a
LOAD ym/sal-stack-lwip/source/sal-stack-lwip.a
LOAD ym/sal-driver-lwip-k64f-eth/source/sal-driver-lwip-k64f-eth.a
LOAD ym/sal-iface-eth/source/sal-iface-eth.a
LOAD ym/sal/source/sal.a
LOAD ym/sal-stack-lwip/source/sal-stack-lwip.a
LOAD ym/sal-driver-lwip-k64f-eth/source/sal-driver-lwip-k64f-eth.a
LOAD ym/sal-iface-eth/source/sal-iface-eth.a
LOAD ym/mbed-drivers/source/mbed-drivers.a
LOAD ym/mbed-hal/yotta_dummy_lib_mbed_hal/mbed-hal.a
LOAD ym/minar/source/minar.a
LOAD ym/core-util/source/core-util.a
LOAD ym/mbed-hal-freescale/yotta_dummy_lib_mbed_hal_freescale/mbed-hal-freescale.a
LOAD ym/minar-platform/yotta_dummy_lib_minar_platform/minar-platform.a
LOAD ym/mbed-hal-ksdk-mcu/source/mbed-hal-ksdk-mcu.a
LOAD ym/minar-platform-mbed/source/minar-platform-mbed.a
LOAD ym/mbed-hal-k64f/source/mbed-hal-k64f.a
LOAD ym/mbed-hal-frdm-k64f/source/mbed-hal-frdm-k64f.a
LOAD ym/mbed-drivers/source/mbed-drivers.a
LOAD ym/mbed-hal/yotta_dummy_lib_mbed_hal/mbed-hal.a
LOAD ym/minar/source/minar.a
LOAD ym/core-util/source/core-util.a
LOAD ym/mbed-hal-freescale/yotta_dummy_lib_mbed_hal_freescale/mbed-hal-freescale.a
LOAD ym/minar-platform/yotta_dummy_lib_minar_platform/minar-platform.a
LOAD ym/mbed-hal-ksdk-mcu/source/mbed-hal-ksdk-mcu.a
LOAD ym/minar-platform-mbed/source/minar-platform-mbed.a
LOAD ym/mbed-hal-k64f/source/mbed-hal-k64f.a
LOAD ym/mbed-hal-frdm-k64f/source/mbed-hal-frdm-k64f.a
LOAD ym/compiler-polyfill/yotta_dummy_lib_compiler_polyfill/compiler-polyfill.a
LOAD ym/ualloc/source/ualloc.a
LOAD ym/dlmalloc/source/dlmalloc.a
LOAD ym/cmsis-core/yotta_dummy_lib_cmsis_core/cmsis-core.a
LOAD ym/cmsis-core-freescale/yotta_dummy_lib_cmsis_core_freescale/cmsis-core-freescale.a
LOAD ym/cmsis-core-k64f/source/cmsis-core-k64f.a
LOAD ym/cmsis-core/yotta_dummy_lib_cmsis_core/cmsis-core.a
LOAD ym/cmsis-core-freescale/yotta_dummy_lib_cmsis_core_freescale/cmsis-core-freescale.a
LOAD ym/cmsis-core-k64f/source/cmsis-core-k64f.a
LOAD ym/uvisor-lib/source/uvisor-lib.a
LOAD c:/progra~2/gnutoo~1/4f412~1.820/bin/../lib/gcc/arm-none-eabi/4.8.4/../../../../arm-none-eabi/lib/armv7e-m\libstdc++_s.a
LOAD c:/progra~2/gnutoo~1/4f412~1.820/bin/../lib/gcc/arm-none-eabi/4.8.4/../../../../arm-none-eabi/lib/armv7e-m\libsupc++_s.a
LOAD c:/progra~2/gnutoo~1/4f412~1.820/bin/../lib/gcc/arm-none-eabi/4.8.4/armv7e-m\libgcc.a
LOAD c:/progra~2/gnutoo~1/4f412~1.820/bin/../lib/gcc/arm-none-eabi/4.8.4/../../../../arm-none-eabi/lib/armv7e-m\libstdc++_s.a
LOAD c:/progra~2/gnutoo~1/4f412~1.820/bin/../lib/gcc/arm-none-eabi/4.8.4/../../../../arm-none-eabi/lib/armv7e-m\libsupc++_s.a
LOAD c:/progra~2/gnutoo~1/4f412~1.820/bin/../lib/gcc/arm-none-eabi/4.8.4/../../../../arm-none-eabi/lib/armv7e-m\libm.a
LOAD c:/progra~2/gnutoo~1/4f412~1.820/bin/../lib/gcc/arm-none-eabi/4.8.4/../../../../arm-none-eabi/lib/armv7e-m\libc_s.a
LOAD c:/progra~2/gnutoo~1/4f412~1.820/bin/../lib/gcc/arm-none-eabi/4.8.4/armv7e-m\libgcc.a
END GROUP
LOAD c:/progra~2/gnutoo~1/4f412~1.820/bin/../lib/gcc/arm-none-eabi/4.8.4/../../../../arm-none-eabi/lib/armv7e-m\libstdc++_s.a
LOAD c:/progra~2/gnutoo~1/4f412~1.820/bin/../lib/gcc/arm-none-eabi/4.8.4/../../../../arm-none-eabi/lib/armv7e-m\libm.a
LOAD c:/progra~2/gnutoo~1/4f412~1.820/bin/../lib/gcc/arm-none-eabi/4.8.4/../../../../arm-none-eabi/lib/armv7e-m\libc_s.a
START GROUP
LOAD c:/progra~2/gnutoo~1/4f412~1.820/bin/../lib/gcc/arm-none-eabi/4.8.4/armv7e-m\libgcc.a
LOAD c:/progra~2/gnutoo~1/4f412~1.820/bin/../lib/gcc/arm-none-eabi/4.8.4/../../../../arm-none-eabi/lib/armv7e-m\libc_s.a
END GROUP
START GROUP
LOAD c:/progra~2/gnutoo~1/4f412~1.820/bin/../lib/gcc/arm-none-eabi/4.8.4/armv7e-m\libgcc.a
LOAD c:/progra~2/gnutoo~1/4f412~1.820/bin/../lib/gcc/arm-none-eabi/4.8.4/../../../../arm-none-eabi/lib/armv7e-m\libc_s.a
END GROUP
LOAD c:/progra~2/gnutoo~1/4f412~1.820/bin/../lib/gcc/arm-none-eabi/4.8.4/armv7e-m/crtend.o
LOAD c:/progra~2/gnutoo~1/4f412~1.820/bin/../lib/gcc/arm-none-eabi/4.8.4/armv7e-m/crtn.o

.isr_vector     0x00000000      0x198
                0x00000000                __vector_table = .
 *(SORT(.vector_table))
 .vector_table  0x00000000      0x198 ym/mbed-hal-k64f/source/mbed-hal-k64f.a(startup_MK64F12.S.obj)
                0x00000000                __isr_vector
                0x00000198                . = ALIGN (0x4)

.flash_protect  0x00000400       0x10
 *(SORT(.kinetis_flash_config_field))
 .kinetis_flash_config_field
                0x00000400       0x10 ym/mbed-hal-k64f/source/mbed-hal-k64f.a(startup_MK64F12.S.obj)
                0x00000410                . = ALIGN (0x4)

.uvisor.bss     0x1fff0200     0x2000
 *(SORT(.uvisor.bss.main))
 .uvisor.bss.main
                0x1fff0200     0x2000 ym/uvisor-lib/source/uvisor-lib.a(uvisor-GCC_ARM.s.obj)
 *(SORT(.uvisor.bss.stack))
                0x1fff2200                __uvisor_bss_start = .
 *(SORT(.uvisor.bss*))
                0x1fff2200                __uvisor_bss_end = .

.uvisor.data    0x1fff2200        0x0 load address 0x00007000
                0x00007000                __uvisor_data_src = LOADADDR (.uvisor.data)
                0x1fff2200                . = ALIGN (0x20)
                0x1fff2200                __uvisor_data_start = .
 *(SORT(.uvisor.data))
                0x1fff2200                . = ALIGN (0x20)
                0x1fff2200                __uvisor_data_end = .

.text           0x00000420     0x6b50
 *(SORT(.uvisor.main))
 .uvisor.main   0x00000420     0x1600 ym/uvisor-lib/source/uvisor-lib.a(uvisor-GCC_ARM.s.obj)
                0x00000420                uvisor_init
                0x000019d4                uvisor_config
                0x00001a10                __uvisor_mode
 *(SORT(.text*))
 .text          0x00001a20       0x54 c:/progra~2/gnutoo~1/4f412~1.820/bin/../lib/gcc/arm-none-eabi/4.8.4/armv7e-m/crtbegin.o
 .text          0x00001a74       0x74 c:/progra~2/gnutoo~1/4f412~1.820/bin/../lib/gcc/arm-none-eabi/4.8.4/../../../../arm-none-eabi/lib/armv7e-m/crt0.o
                0x00001a74                _start
                0x00001a74                _mainCRTStartup
 .text.gpio_read
                0x00001ae8       0x34 source/CMakeFiles/mbed3.dir/C_/development/cpp/mbed3/source/app.cpp.o
 .text._ZN4mbed4util19FunctionPointerBindIvED2Ev
                0x00001b1c       0x20 source/CMakeFiles/mbed3.dir/C_/development/cpp/mbed3/source/app.cpp.o
                0x00001b1c                mbed::util::FunctionPointerBind<void>::~FunctionPointerBind()
                0x00001b1c                mbed::util::FunctionPointerBind<void>::~FunctionPointerBind()
 .text._ZN4mbed4util19FunctionPointerBaseIvED2Ev
                0x00001b3c        0xc source/CMakeFiles/mbed3.dir/C_/development/cpp/mbed3/source/app.cpp.o
                0x00001b3c                mbed::util::FunctionPointerBase<void>::~FunctionPointerBase()
                0x00001b3c                mbed::util::FunctionPointerBase<void>::~FunctionPointerBase()
 .text._ZN4mbed4util16FunctionPointer0IvED2Ev
                0x00001b48        0xc source/CMakeFiles/mbed3.dir/C_/development/cpp/mbed3/source/app.cpp.o
                0x00001b48                mbed::util::FunctionPointer0<void>::~FunctionPointer0()
                0x00001b48                mbed::util::FunctionPointer0<void>::~FunctionPointer0()
 .text._ZN4mbed4util19FunctionPointerBindIvE5clearEv
                0x00001b54       0x24 source/CMakeFiles/mbed3.dir/C_/development/cpp/mbed3/source/app.cpp.o
                0x00001b54                mbed::util::FunctionPointerBind<void>::clear()
 .text._ZN4mbed4util19FunctionPointerBaseIvED0Ev
                0x00001b78       0x14 source/CMakeFiles/mbed3.dir/C_/development/cpp/mbed3/source/app.cpp.o
                0x00001b78                mbed::util::FunctionPointerBase<void>::~FunctionPointerBase()
 .text._ZN4mbed4util16FunctionPointer0IvED0Ev
                0x00001b8c       0x14 source/CMakeFiles/mbed3.dir/C_/development/cpp/mbed3/source/app.cpp.o
                0x00001b8c                mbed::util::FunctionPointer0<void>::~FunctionPointer0()
 .text.gpio_write
                0x00001ba0       0x34 source/CMakeFiles/mbed3.dir/C_/development/cpp/mbed3/source/app.cpp.o
 .text._ZL8ledFlashv
                0x00001bd4       0x20 source/CMakeFiles/mbed3.dir/C_/development/cpp/mbed3/source/app.cpp.o
 .text._ZL5pulsev
                0x00001bf4       0x20 source/CMakeFiles/mbed3.dir/C_/development/cpp/mbed3/source/app.cpp.o
 .text._ZN4mbed4util19FunctionPointerBindIvE4bindINS0_16FunctionPointer0IvE10arg_structEEERS2_PKNS0_19FunctionPointerBaseIvE6ArgOpsEPT_PS9_z
                0x00001c14       0x64 source/CMakeFiles/mbed3.dir/C_/development/cpp/mbed3/source/app.cpp.o
                0x00001c14                mbed::util::FunctionPointerBind<void>& mbed::util::FunctionPointerBind<void>::bind<mbed::util::FunctionPointer0<void>::arg_struct>(mbed::util::FunctionPointerBase<void>::ArgOps const*, mbed::util::FunctionPointer0<void>::arg_struct*, mbed::util::FunctionPointerBase<void>*, ...)
 .text._ZN5minar9Scheduler12postCallbackEPFvvE
                0x00001c78       0x4c source/CMakeFiles/mbed3.dir/C_/development/cpp/mbed3/source/app.cpp.o
                0x00001c78                minar::Scheduler::postCallback(void (*)())
 .text.app_start
                0x00001cc4       0x4c source/CMakeFiles/mbed3.dir/C_/development/cpp/mbed3/source/app.cpp.o
                0x00001cc4                app_start
 .text.startup._GLOBAL__sub_I_output
                0x00001d10       0x28 source/CMakeFiles/mbed3.dir/C_/development/cpp/mbed3/source/app.cpp.o
 .text.exit     0x00001d38       0x24 ym/mbed-drivers/source/mbed-drivers.a(exit.c.o)
                0x00001d38                exit
 .text.gpio_write
                0x00001d5c       0x34 ym/mbed-drivers/source/mbed-drivers.a(gpio.c.o)
 .text._ZN4mbed4util16FunctionPointer2IviPPcED2Ev
                0x00001d90        0xc ym/mbed-drivers/source/mbed-drivers.a(retarget.cpp.o)
                0x00001d90                mbed::util::FunctionPointer2<void, int, char**>::~FunctionPointer2()
                0x00001d90                mbed::util::FunctionPointer2<void, int, char**>::~FunctionPointer2()
 .text._ZN4mbed4util16FunctionPointer2IviPPcED0Ev
                0x00001d9c       0x14 ym/mbed-drivers/source/mbed-drivers.a(retarget.cpp.o)
                0x00001d9c                mbed::util::FunctionPointer2<void, int, char**>::~FunctionPointer2()
 .text._ZL11init_serialv
                0x00001db0       0x20 ym/mbed-drivers/source/mbed-drivers.a(retarget.cpp.o)
 .text._close   0x00001dd0       0x30 ym/mbed-drivers/source/mbed-drivers.a(retarget.cpp.o)
                0x00001dd0                _close
 .text._write   0x00001e00       0x50 ym/mbed-drivers/source/mbed-drivers.a(retarget.cpp.o)
                0x00001e00                _write
 .text._read    0x00001e50       0x44 ym/mbed-drivers/source/mbed-drivers.a(retarget.cpp.o)
                0x00001e50                _read
 .text._isatty  0x00001e94       0x28 ym/mbed-drivers/source/mbed-drivers.a(retarget.cpp.o)
                0x00001e94                _isatty
 .text._lseek   0x00001ebc       0x28 ym/mbed-drivers/source/mbed-drivers.a(retarget.cpp.o)
                0x00001ebc                _lseek
 .text._ZN4mbed4util19FunctionPointerBindIvE4bindINS0_16FunctionPointer2IviPPcE10arg_structEEERS2_PKNS0_19FunctionPointerBaseIvE6ArgOpsEPT_PSB_z
                0x00001ee4       0x64 ym/mbed-drivers/source/mbed-drivers.a(retarget.cpp.o)
                0x00001ee4                mbed::util::FunctionPointerBind<void>& mbed::util::FunctionPointerBind<void>::bind<mbed::util::FunctionPointer2<void, int, char**>::arg_struct>(mbed::util::FunctionPointerBase<void>::ArgOps const*, mbed::util::FunctionPointer2<void, int, char**>::arg_struct*, mbed::util::FunctionPointerBase<void>*, ...)
 .text.startup.main
                0x00001f48       0x6c ym/mbed-drivers/source/mbed-drivers.a(retarget.cpp.o)
                0x00001f48                main
 .text.gpio_write
                0x00001fb4       0x34 ym/mbed-drivers/source/mbed-drivers.a(board.c.o)
 .text.error    0x00001fe8       0x20 ym/mbed-drivers/source/mbed-drivers.a(error.c.o)
                0x00001fe8                error
 .text._ZN5minar12CallbackNode13get_allocatorEv
                0x00002008       0x58 ym/minar/source/minar.a(minar.cpp.o)
                0x00002008                minar::CallbackNode::get_allocator()
 .text._ZN4mbed4util19FunctionPointerBindIvEC2ERKS2_
                0x00002060       0x4c ym/minar/source/minar.a(minar.cpp.o)
                0x00002060                mbed::util::FunctionPointerBind<void>::FunctionPointerBind(mbed::util::FunctionPointerBind<void> const&)
                0x00002060                mbed::util::FunctionPointerBind<void>::FunctionPointerBind(mbed::util::FunctionPointerBind<void> const&)
 .text._ZNK4mbed4util10BinaryHeapIPN5minar12CallbackNodeENS2_13SchedulerData19CallbackNodeCompareEE8get_rootEv
                0x000020ac       0x28 ym/minar/source/minar.a(minar.cpp.o)
                0x000020ac                mbed::util::BinaryHeap<minar::CallbackNode*, minar::SchedulerData::CallbackNodeCompare>::get_root() const
 .text._ZN5minar13SchedulerDataC2Ev
                0x000020d4       0x60 ym/minar/source/minar.a(minar.cpp.o)
                0x000020d4                minar::SchedulerData::SchedulerData()
                0x000020d4                minar::SchedulerData::SchedulerData()
 .text._ZN5minar9Scheduler8instanceEv
                0x00002134       0x34 ym/minar/source/minar.a(minar.cpp.o)
                0x00002134                minar::Scheduler::instance()
 .text._ZN5minar9Scheduler12postCallbackERKN4mbed4util19FunctionPointerBindIvEE
                0x00002168       0x34 ym/minar/source/minar.a(minar.cpp.o)
                0x00002168                minar::Scheduler::postCallback(mbed::util::FunctionPointerBind<void> const&)
 .text._ZN5minar13SchedulerData5startEv
                0x0000219c      0x188 ym/minar/source/minar.a(minar.cpp.o)
                0x0000219c                minar::SchedulerData::start()
 .text._ZN5minar9Scheduler5startEv
                0x00002324       0x18 ym/minar/source/minar.a(minar.cpp.o)
                0x00002324                minar::Scheduler::start()
 .text._ZN5minar13SchedulerData11postGenericEN4mbed4util19FunctionPointerBindIvEEmmm
                0x0000233c       0x5c ym/minar/source/minar.a(minar.cpp.o)
                0x0000233c                minar::SchedulerData::postGeneric(mbed::util::FunctionPointerBind<void>, unsigned long, unsigned long, unsigned long)
 .text.mbed_util_runtime_error_internal
                0x00002398       0x38 ym/core-util/source/core-util.a(mbed-util_mbed.c.o)
                0x00002398                mbed_util_runtime_error_internal
 .text.gpio_init
                0x000023d0       0x5c ym/mbed-hal-ksdk-mcu/source/mbed-hal-ksdk-mcu.a(gpio_api.c.o)
                0x000023d0                gpio_init
 .text.gpio_dir
                0x0000242c       0x44 ym/mbed-hal-ksdk-mcu/source/mbed-hal-ksdk-mcu.a(gpio_api.c.o)
                0x0000242c                gpio_dir
 .text.uart_irq
                0x00002470       0x34 ym/mbed-hal-ksdk-mcu/source/mbed-hal-ksdk-mcu.a(serial_api.c.o)
 .text.uart1_irq
                0x000024a4       0x34 ym/mbed-hal-ksdk-mcu/source/mbed-hal-ksdk-mcu.a(serial_api.c.o)
                0x000024a4                uart1_irq
 .text.uart2_irq
                0x000024d8       0x34 ym/mbed-hal-ksdk-mcu/source/mbed-hal-ksdk-mcu.a(serial_api.c.o)
                0x000024d8                uart2_irq
 .text.uart3_irq
                0x0000250c       0x34 ym/mbed-hal-ksdk-mcu/source/mbed-hal-ksdk-mcu.a(serial_api.c.o)
                0x0000250c                uart3_irq
 .text.uart4_irq
                0x00002540       0x34 ym/mbed-hal-ksdk-mcu/source/mbed-hal-ksdk-mcu.a(serial_api.c.o)
                0x00002540                uart4_irq
 .text.uart0_irq
                0x00002574       0x48 ym/mbed-hal-ksdk-mcu/source/mbed-hal-ksdk-mcu.a(serial_api.c.o)
                0x00002574                uart0_irq
 .text.serial_init
                0x000025bc      0x184 ym/mbed-hal-ksdk-mcu/source/mbed-hal-ksdk-mcu.a(serial_api.c.o)
                0x000025bc                serial_init
 .text.PIT_HAL_SetTimerPeriodByCount.constprop.4
                0x00002740       0x18 ym/mbed-hal-ksdk-mcu/source/mbed-hal-ksdk-mcu.a(us_ticker.c.o)
 .text.PIT_HAL_StartTimer.constprop.6
                0x00002758       0x1c ym/mbed-hal-ksdk-mcu/source/mbed-hal-ksdk-mcu.a(us_ticker.c.o)
 .text.us_ticker_init
                0x00002774       0xd4 ym/mbed-hal-ksdk-mcu/source/mbed-hal-ksdk-mcu.a(us_ticker.c.o)
                0x00002774                us_ticker_init
 .text.us_ticker_read
                0x00002848       0x1c ym/mbed-hal-ksdk-mcu/source/mbed-hal-ksdk-mcu.a(us_ticker.c.o)
                0x00002848                us_ticker_read
 .text.us_ticker_disable_interrupt
                0x00002864       0x18 ym/mbed-hal-ksdk-mcu/source/mbed-hal-ksdk-mcu.a(us_ticker.c.o)
                0x00002864                us_ticker_disable_interrupt
 .text.us_ticker_clear_interrupt
                0x0000287c       0x18 ym/mbed-hal-ksdk-mcu/source/mbed-hal-ksdk-mcu.a(us_ticker.c.o)
                0x0000287c                us_ticker_clear_interrupt
 .text.us_ticker_set_interrupt
                0x00002894       0x60 ym/mbed-hal-ksdk-mcu/source/mbed-hal-ksdk-mcu.a(us_ticker.c.o)
                0x00002894                us_ticker_set_interrupt
 .text.pin_function
                0x000028f4       0x64 ym/mbed-hal-ksdk-mcu/source/mbed-hal-ksdk-mcu.a(pinmap.c.o)
                0x000028f4                pin_function
 .text.pin_mode
                0x00002958       0x80 ym/mbed-hal-ksdk-mcu/source/mbed-hal-ksdk-mcu.a(pinmap.c.o)
                0x00002958                pin_mode
 .text.CLOCK_SYS_GetFreq
                0x000029d8       0x90 ym/mbed-hal-ksdk-mcu/source/mbed-hal-ksdk-mcu.a(fsl_clock_manager.c.o)
                0x000029d8                CLOCK_SYS_GetFreq
 .text.CLOCK_SYS_GetSysClkFreq
                0x00002a68       0x54 ym/mbed-hal-ksdk-mcu/source/mbed-hal-ksdk-mcu.a(fsl_clock_manager.c.o)
                0x00002a68                CLOCK_SYS_GetSysClkFreq
 .text.CLOCK_HAL_GetFllRefClk
                0x00002abc       0x6c ym/mbed-hal-ksdk-mcu/source/mbed-hal-ksdk-mcu.a(fsl_mcg_hal.c.o)
                0x00002abc                CLOCK_HAL_GetFllRefClk
 .text.CLOCK_HAL_GetPll0Clk
                0x00002b28       0x44 ym/mbed-hal-ksdk-mcu/source/mbed-hal-ksdk-mcu.a(fsl_mcg_hal.c.o)
                0x00002b28                CLOCK_HAL_GetPll0Clk
 .text.CLOCK_HAL_GetInternalRefClk
                0x00002b6c       0x30 ym/mbed-hal-ksdk-mcu/source/mbed-hal-ksdk-mcu.a(fsl_mcg_hal.c.o)
                0x00002b6c                CLOCK_HAL_GetInternalRefClk
 .text.CLOCK_HAL_GetOutClk
                0x00002b9c       0x7c ym/mbed-hal-ksdk-mcu/source/mbed-hal-ksdk-mcu.a(fsl_mcg_hal.c.o)
                0x00002b9c                CLOCK_HAL_GetOutClk
 .text.CLOCK_HAL_SetSource
                0x00002c18       0xdc ym/mbed-hal-ksdk-mcu/source/mbed-hal-ksdk-mcu.a(fsl_sim_hal.c.o)
                0x00002c18                CLOCK_HAL_SetSource
 .text.CLOCK_HAL_GetDivider
                0x00002cf4       0x7c ym/mbed-hal-ksdk-mcu/source/mbed-hal-ksdk-mcu.a(fsl_sim_hal.c.o)
                0x00002cf4                CLOCK_HAL_GetDivider
 .text          0x00002d70       0x14 ym/mbed-hal-k64f/source/mbed-hal-k64f.a(startup_MK64F12.S.obj)
                0x00002d70                NMI_Handler
                0x00002d72                HardFault_Handler
                0x00002d74                MemManage_Handler
                0x00002d76                BusFault_Handler
                0x00002d78                UsageFault_Handler
                0x00002d7a                SVC_Handler
                0x00002d7c                DebugMon_Handler
                0x00002d7e                PendSV_Handler
                0x00002d80                SysTick_Handler
                0x00002d82                I2C1_IRQHandler
                0x00002d82                DMA2_IRQHandler
                0x00002d82                ENET_Error_IRQHandler
                0x00002d82                CAN0_Tx_Warning_IRQHandler
                0x00002d82                PIT0_IRQHandler
                0x00002d82                CAN0_ORed_Message_buffer_IRQHandler
                0x00002d82                Watchdog_IRQHandler
                0x00002d82                CMP2_IRQHandler
                0x00002d82                ENET_Receive_IRQHandler
                0x00002d82                ENET_1588_Timer_IRQHandler
                0x00002d82                UART2_RX_TX_IRQHandler
                0x00002d82                SWI_IRQHandler
                0x00002d82                ADC0_IRQHandler
                0x00002d82                UART0_RX_TX_IRQHandler
                0x00002d82                I2S0_Tx_IRQHandler
                0x00002d82                CMT_IRQHandler
                0x00002d82                UART4_RX_TX_IRQHandler
                0x00002d82                SPI1_IRQHandler
                0x00002d82                DefaultISR
                0x00002d82                DMA9_IRQHandler
                0x00002d82                DMA14_IRQHandler
                0x00002d82                CMP1_IRQHandler
                0x00002d82                Reserved71_IRQHandler
                0x00002d82                I2C0_IRQHandler
                0x00002d82                PORTB_IRQHandler
                0x00002d82                UART3_RX_TX_IRQHandler
                0x00002d82                ADC1_IRQHandler
                0x00002d82                I2C2_IRQHandler
                0x00002d82                PIT2_IRQHandler
                0x00002d82                I2S0_Rx_IRQHandler
                0x00002d82                LPTimer_IRQHandler
                0x00002d82                DMA5_IRQHandler
                0x00002d82                RTC_IRQHandler
                0x00002d82                PDB0_IRQHandler
                0x00002d82                FTM1_IRQHandler
                0x00002d82                UART5_RX_TX_IRQHandler
                0x00002d82                UART3_ERR_IRQHandler
                0x00002d82                PIT3_IRQHandler
                0x00002d82                SDHC_IRQHandler
                0x00002d82                RTC_Seconds_IRQHandler
                0x00002d82                MCG_IRQHandler
                0x00002d82                FTFE_IRQHandler
                0x00002d82                UART2_ERR_IRQHandler
                0x00002d82                DMA11_IRQHandler
                0x00002d82                UART5_ERR_IRQHandler
                0x00002d82                Read_Collision_IRQHandler
                0x00002d82                Default_Handler
                0x00002d82                DMA7_IRQHandler
                0x00002d82                ENET_Transmit_IRQHandler
                0x00002d82                USBDCD_IRQHandler
                0x00002d82                USB0_IRQHandler
                0x00002d82                LLW_IRQHandler
                0x00002d82                SPI2_IRQHandler
                0x00002d82                UART4_ERR_IRQHandler
                0x00002d82                PORTD_IRQHandler
                0x00002d82                DMA13_IRQHandler
                0x00002d82                DMA3_IRQHandler
                0x00002d82                UART0_LON_IRQHandler
                0x00002d82                RNG_IRQHandler
                0x00002d82                DMA0_IRQHandler
                0x00002d82                DMA15_IRQHandler
                0x00002d82                DAC0_IRQHandler
                0x00002d82                CAN0_Error_IRQHandler
                0x00002d82                DMA4_IRQHandler
                0x00002d82                PIT1_IRQHandler
                0x00002d82                UART0_ERR_IRQHandler
                0x00002d82                DMA_Error_IRQHandler
                0x00002d82                LVD_LVW_IRQHandler
                0x00002d82                SPI0_IRQHandler
                0x00002d82                FTM0_IRQHandler
                0x00002d82                PORTA_IRQHandler
                0x00002d82                DAC1_IRQHandler
                0x00002d82                MCM_IRQHandler
                0x00002d82                DMA12_IRQHandler
                0x00002d82                CAN0_Bus_Off_IRQHandler
                0x00002d82                FTM3_IRQHandler
                0x00002d82                PORTE_IRQHandler
                0x00002d82                FTM2_IRQHandler
                0x00002d82                CAN0_Rx_Warning_IRQHandler
                0x00002d82                DMA8_IRQHandler
                0x00002d82                DMA10_IRQHandler
                0x00002d82                CAN0_Wake_Up_IRQHandler
                0x00002d82                UART1_ERR_IRQHandler
                0x00002d82                UART1_RX_TX_IRQHandler
                0x00002d82                CMP0_IRQHandler
                0x00002d82                PORTC_IRQHandler
                0x00002d82                DMA6_IRQHandler
                0x00002d82                DMA1_IRQHandler
 .text.Reset_Handler
                0x00002d84       0x60 ym/mbed-hal-k64f/source/mbed-hal-k64f.a(startup_MK64F12.S.obj)
                0x00002d84                Reset_Handler
 .text.SIM_HAL_EnablePortClock
                0x00002de4       0x50 ym/mbed-hal-k64f/source/mbed-hal-k64f.a(fsl_sim_hal_K64F12.c.o)
                0x00002de4                SIM_HAL_EnablePortClock
 .text.SIM_HAL_EnablePitClock
                0x00002e34       0x1c ym/mbed-hal-k64f/source/mbed-hal-k64f.a(fsl_sim_hal_K64F12.c.o)
                0x00002e34                SIM_HAL_EnablePitClock
 .text.SIM_HAL_EnableLptimerClock
                0x00002e50       0x1c ym/mbed-hal-k64f/source/mbed-hal-k64f.a(fsl_sim_hal_K64F12.c.o)
                0x00002e50                SIM_HAL_EnableLptimerClock
 .text.SIM_HAL_EnableRtcClock
                0x00002e6c       0x1c ym/mbed-hal-k64f/source/mbed-hal-k64f.a(fsl_sim_hal_K64F12.c.o)
                0x00002e6c                SIM_HAL_EnableRtcClock
 .text.SIM_HAL_EnableUartClock
                0x00002e88       0x5c ym/mbed-hal-k64f/source/mbed-hal-k64f.a(fsl_sim_hal_K64F12.c.o)
                0x00002e88                SIM_HAL_EnableUartClock
 .text.pinmap_pinout
                0x00002ee4       0x38 ym/mbed-drivers/source/mbed-drivers.a(pinmap_common.c.o)
                0x00002ee4                pinmap_pinout
 .text.pinmap_merge
                0x00002f1c       0x24 ym/mbed-drivers/source/mbed-drivers.a(pinmap_common.c.o)
                0x00002f1c                pinmap_merge
 .text.pinmap_peripheral
                0x00002f40       0x20 ym/mbed-drivers/source/mbed-drivers.a(pinmap_common.c.o)
                0x00002f40                pinmap_peripheral
 .text.us_ticker_irq_handler
                0x00002f60        0xc ym/mbed-drivers/source/mbed-drivers.a(us_ticker_api.c.o)
                0x00002f60                us_ticker_irq_handler
 .text.RTC_HAL_SetAlarmIntCmd.constprop.0
                0x00002f6c       0x18 ym/mbed-hal-ksdk-mcu/source/mbed-hal-ksdk-mcu.a(lp_ticker.c.o)
 .text.RTC_HAL_EnableCounter.constprop.2
                0x00002f84       0x18 ym/mbed-hal-ksdk-mcu/source/mbed-hal-ksdk-mcu.a(lp_ticker.c.o)
 .text.RTC_HAL_GetPrescaler.constprop.5
                0x00002f9c        0xc ym/mbed-hal-ksdk-mcu/source/mbed-hal-ksdk-mcu.a(lp_ticker.c.o)
 .text.RTC_HAL_SetAlarmReg.constprop.6
                0x00002fa8       0x18 ym/mbed-hal-ksdk-mcu/source/mbed-hal-ksdk-mcu.a(lp_ticker.c.o)
 .text.LPTMR_HAL_SetCompareValue.constprop.7
                0x00002fc0       0x24 ym/mbed-hal-ksdk-mcu/source/mbed-hal-ksdk-mcu.a(lp_ticker.c.o)
 .text.lptmr_isr
                0x00002fe4       0x18 ym/mbed-hal-ksdk-mcu/source/mbed-hal-ksdk-mcu.a(lp_ticker.c.o)
 .text.rct_isr  0x00002ffc       0x38 ym/mbed-hal-ksdk-mcu/source/mbed-hal-ksdk-mcu.a(lp_ticker.c.o)
 .text.lp_ticker_init
                0x00003034      0x14c ym/mbed-hal-ksdk-mcu/source/mbed-hal-ksdk-mcu.a(lp_ticker.c.o)
                0x00003034                lp_ticker_init
 .text.lp_ticker_read
                0x00003180       0x3c ym/mbed-hal-ksdk-mcu/source/mbed-hal-ksdk-mcu.a(lp_ticker.c.o)
                0x00003180                lp_ticker_read
 .text.lp_ticker_get_compare_match
                0x000031bc        0xc ym/mbed-hal-ksdk-mcu/source/mbed-hal-ksdk-mcu.a(lp_ticker.c.o)
                0x000031bc                lp_ticker_get_compare_match
 .text.lp_ticker_set_interrupt
                0x000031c8       0x7c ym/mbed-hal-ksdk-mcu/source/mbed-hal-ksdk-mcu.a(lp_ticker.c.o)
                0x000031c8                lp_ticker_set_interrupt
 .text.lp_ticker_sleep_until
                0x00003244       0x2c ym/mbed-hal-ksdk-mcu/source/mbed-hal-ksdk-mcu.a(lp_ticker.c.o)
                0x00003244                lp_ticker_sleep_until
 .text.mbed_enter_sleep
                0x00003270       0x38 ym/mbed-hal-ksdk-mcu/source/mbed-hal-ksdk-mcu.a(sleep.c.o)
                0x00003270                mbed_enter_sleep
 .text.mbed_ufree
                0x000032a8       0x1c ym/ualloc/source/ualloc.a(ualloc.c.o)
                0x000032a8                mbed_ufree
 .text.init_mparams
                0x000032c4       0x40 ym/dlmalloc/source/dlmalloc.a(dlmalloc.c.o)
 .text.init_top.constprop.16
                0x00003304       0x38 ym/dlmalloc/source/dlmalloc.a(dlmalloc.c.o)
 .text.segment_holding.constprop.17
                0x0000333c       0x20 ym/dlmalloc/source/dlmalloc.a(dlmalloc.c.o)
 .text.dlmalloc
                0x0000335c      0xe24 ym/dlmalloc/source/dlmalloc.a(dlmalloc.c.o)
                0x0000335c                dlmalloc
 .text.dlfree   0x00004180      0x45c ym/dlmalloc/source/dlmalloc.a(dlmalloc.c.o)
                0x00004180                dlfree
 .text.SystemInit
                0x000045dc      0x13c ym/cmsis-core-k64f/source/cmsis-core-k64f.a(system_MK64F12.c.o)
                0x000045dc                SystemInit
 .text.NVIC_SetVector
                0x00004718       0x40 ym/cmsis-core-k64f/source/cmsis-core-k64f.a(cmsis_nvic.c.o)
                0x00004718                NVIC_SetVector
 .text._Znwj    0x00004758       0x28 c:/progra~2/gnutoo~1/4f412~1.820/bin/../lib/gcc/arm-none-eabi/4.8.4/../../../../arm-none-eabi/lib/armv7e-m\libstdc++_s.a(new_op.o)
                0x00004758                operator new(unsigned int)
 .text          0x00004780       0x2c c:/progra~2/gnutoo~1/4f412~1.820/bin/../lib/gcc/arm-none-eabi/4.8.4/armv7e-m\libgcc.a(_aeabi_uldivmod.o)
                0x00004780                __aeabi_uldivmod
 .text          0x000047ac       0x60 c:/progra~2/gnutoo~1/4f412~1.820/bin/../lib/gcc/arm-none-eabi/4.8.4/armv7e-m\libgcc.a(bpabi.o)
                0x000047ac                __gnu_ldivmod_helper
                0x000047dc                __gnu_uldivmod_helper
 .text          0x0000480c        0x4 c:/progra~2/gnutoo~1/4f412~1.820/bin/../lib/gcc/arm-none-eabi/4.8.4/armv7e-m\libgcc.a(_dvmd_tls.o)
                0x0000480c                __aeabi_idiv0
                0x0000480c                __aeabi_ldiv0
 .text          0x00004810      0x298 c:/progra~2/gnutoo~1/4f412~1.820/bin/../lib/gcc/arm-none-eabi/4.8.4/armv7e-m\libgcc.a(_divdi3.o)
                0x00004810                __divdi3
 .text          0x00004aa8      0x284 c:/progra~2/gnutoo~1/4f412~1.820/bin/../lib/gcc/arm-none-eabi/4.8.4/armv7e-m\libgcc.a(_udivdi3.o)
                0x00004aa8                __udivdi3
 .text.__errno  0x00004d2c        0xc c:/progra~2/gnutoo~1/4f412~1.820/bin/../lib/gcc/arm-none-eabi/4.8.4/../../../../arm-none-eabi/lib/armv7e-m\libc_s.a(lib_a-errno.o)
                0x00004d2c                __errno
 .text._fflush_r
                0x00004d38       0x54 c:/progra~2/gnutoo~1/4f412~1.820/bin/../lib/gcc/arm-none-eabi/4.8.4/../../../../arm-none-eabi/lib/armv7e-m\libc_s.a(lib_a-fflush.o)
                0x00004d38                _fflush_r
 .text.fflush   0x00004d8c       0x24 c:/progra~2/gnutoo~1/4f412~1.820/bin/../lib/gcc/arm-none-eabi/4.8.4/../../../../arm-none-eabi/lib/armv7e-m\libc_s.a(lib_a-fflush.o)
                0x00004d8c                fflush
 .text.std.isra.0
                0x00004db0       0x48 c:/progra~2/gnutoo~1/4f412~1.820/bin/../lib/gcc/arm-none-eabi/4.8.4/../../../../arm-none-eabi/lib/armv7e-m\libc_s.a(lib_a-findfp.o)
 .text.__sinit  0x00004df8       0x60 c:/progra~2/gnutoo~1/4f412~1.820/bin/../lib/gcc/arm-none-eabi/4.8.4/../../../../arm-none-eabi/lib/armv7e-m\libc_s.a(lib_a-findfp.o)
                0x00004df8                __sinit
 .text.__sfp    0x00004e58       0x74 c:/progra~2/gnutoo~1/4f412~1.820/bin/../lib/gcc/arm-none-eabi/4.8.4/../../../../arm-none-eabi/lib/armv7e-m\libc_s.a(lib_a-findfp.o)
                0x00004e58                __sfp
 .text.fprintf  0x00004ecc       0x24 c:/progra~2/gnutoo~1/4f412~1.820/bin/../lib/gcc/arm-none-eabi/4.8.4/../../../../arm-none-eabi/lib/armv7e-m\libc_s.a(lib_a-fprintf.o)
                0x00004ecc                fiprintf
                0x00004ecc                fprintf
 .text.__libc_init_array
                0x00004ef0       0x4c c:/progra~2/gnutoo~1/4f412~1.820/bin/../lib/gcc/arm-none-eabi/4.8.4/../../../../arm-none-eabi/lib/armv7e-m\libc_s.a(lib_a-init.o)
                0x00004ef0                __libc_init_array
 .text.malloc   0x00004f3c       0x10 c:/progra~2/gnutoo~1/4f412~1.820/bin/../lib/gcc/arm-none-eabi/4.8.4/../../../../arm-none-eabi/lib/armv7e-m\libc_s.a(lib_a-malloc.o)
                0x00004f3c                malloc
 .text.free     0x00004f4c       0x10 c:/progra~2/gnutoo~1/4f412~1.820/bin/../lib/gcc/arm-none-eabi/4.8.4/../../../../arm-none-eabi/lib/armv7e-m\libc_s.a(lib_a-malloc.o)
                0x00004f4c                free
 .text.raise    0x00004f5c       0x10 c:/progra~2/gnutoo~1/4f412~1.820/bin/../lib/gcc/arm-none-eabi/4.8.4/../../../../arm-none-eabi/lib/armv7e-m\libc_s.a(lib_a-signal.o)
                0x00004f5c                raise
 .text._kill_r  0x00004f6c       0x24 c:/progra~2/gnutoo~1/4f412~1.820/bin/../lib/gcc/arm-none-eabi/4.8.4/../../../../arm-none-eabi/lib/armv7e-m\libc_s.a(lib_a-signalr.o)
                0x00004f6c                _kill_r
 .text._vfprintf_r
                0x00004f90      0x208 c:/progra~2/gnutoo~1/4f412~1.820/bin/../lib/gcc/arm-none-eabi/4.8.4/../../../../arm-none-eabi/lib/armv7e-m\libc_s.a(lib_a-vfprintf.o)
                0x00004f90                _vfprintf_r
                0x00004f90                _vfiprintf_r
 .text.vfprintf
                0x00005198       0x1c c:/progra~2/gnutoo~1/4f412~1.820/bin/../lib/gcc/arm-none-eabi/4.8.4/../../../../arm-none-eabi/lib/armv7e-m\libc_s.a(lib_a-vfprintf.o)
                0x00005198                vfprintf
                0x00005198                vfiprintf
 .text._printf_i
                0x000051b4      0x228 c:/progra~2/gnutoo~1/4f412~1.820/bin/../lib/gcc/arm-none-eabi/4.8.4/../../../../arm-none-eabi/lib/armv7e-m\libc_s.a(lib_a-vfprintf_i.o)
                0x000051b4                _printf_i
 .text.__swbuf_r
                0x000053dc       0xa8 c:/progra~2/gnutoo~1/4f412~1.820/bin/../lib/gcc/arm-none-eabi/4.8.4/../../../../arm-none-eabi/lib/armv7e-m\libc_s.a(lib_a-wbuf.o)
                0x000053dc                __swbuf_r
 .text._write_r
                0x00005484       0x24 c:/progra~2/gnutoo~1/4f412~1.820/bin/../lib/gcc/arm-none-eabi/4.8.4/../../../../arm-none-eabi/lib/armv7e-m\libc_s.a(lib_a-writer.o)
                0x00005484                _write_r
 .text.__swsetup_r
                0x000054a8       0xdc c:/progra~2/gnutoo~1/4f412~1.820/bin/../lib/gcc/arm-none-eabi/4.8.4/../../../../arm-none-eabi/lib/armv7e-m\libc_s.a(lib_a-wsetup.o)
                0x000054a8                __swsetup_r
 .text._close_r
                0x00005584       0x20 c:/progra~2/gnutoo~1/4f412~1.820/bin/../lib/gcc/arm-none-eabi/4.8.4/../../../../arm-none-eabi/lib/armv7e-m\libc_s.a(lib_a-closer.o)
                0x00005584                _close_r
 .text._lseek_r
                0x000055a4       0x24 c:/progra~2/gnutoo~1/4f412~1.820/bin/../lib/gcc/arm-none-eabi/4.8.4/../../../../arm-none-eabi/lib/armv7e-m\libc_s.a(lib_a-lseekr.o)
                0x000055a4                _lseek_r
 .text.__smakebuf_r
                0x000055c8       0x9c c:/progra~2/gnutoo~1/4f412~1.820/bin/../lib/gcc/arm-none-eabi/4.8.4/../../../../arm-none-eabi/lib/armv7e-m\libc_s.a(lib_a-makebuf.o)
                0x000055c8                __smakebuf_r
 .text._read_r  0x00005664       0x24 c:/progra~2/gnutoo~1/4f412~1.820/bin/../lib/gcc/arm-none-eabi/4.8.4/../../../../arm-none-eabi/lib/armv7e-m\libc_s.a(lib_a-readr.o)
                0x00005664                _read_r
 .text._fstat_r
                0x00005688       0x24 c:/progra~2/gnutoo~1/4f412~1.820/bin/../lib/gcc/arm-none-eabi/4.8.4/../../../../arm-none-eabi/lib/armv7e-m\libc_s.a(lib_a-fstatr.o)
                0x00005688                _fstat_r
 .text._isatty_r
                0x000056ac       0x20 c:/progra~2/gnutoo~1/4f412~1.820/bin/../lib/gcc/arm-none-eabi/4.8.4/../../../../arm-none-eabi/lib/armv7e-m\libc_s.a(lib_a-isattyr.o)
                0x000056ac                _isatty_r
 .text.mbed_sbrk
                0x000056cc       0x60 ym/core-util/source/core-util.a(sbrk.cpp.o)
                0x000056cc                mbed_sbrk
 .text.mbed_krbs_ex
                0x0000572c       0x6c ym/core-util/source/core-util.a(sbrk.cpp.o)
                0x0000572c                mbed_krbs_ex
 .text._ZN4mbed4util19FunctionPointerBaseIvE17_null_constructorEPvSt9__va_list
                0x00005798        0x2 source/CMakeFiles/mbed3.dir/C_/development/cpp/mbed3/source/app.cpp.o
                0x00005798                mbed::util::FunctionPointerBase<void>::_null_constructor(void*, std::__va_list)
 .text._ZN4mbed4util19FunctionPointerBaseIvE15_null_copy_argsEPvS3_
                0x0000579a        0x2 source/CMakeFiles/mbed3.dir/C_/development/cpp/mbed3/source/app.cpp.o
                0x0000579a                mbed::util::FunctionPointerBase<void>::_null_copy_args(void*, void*)
 .text._ZN4mbed4util19FunctionPointerBaseIvE16_null_destructorEPv
                0x0000579c        0x2 source/CMakeFiles/mbed3.dir/C_/development/cpp/mbed3/source/app.cpp.o
                0x0000579c                mbed::util::FunctionPointerBase<void>::_null_destructor(void*)
 .text._ZN4mbed4util16FunctionPointer0IvE12staticcallerEPvPjS3_
                0x0000579e        0x6 source/CMakeFiles/mbed3.dir/C_/development/cpp/mbed3/source/app.cpp.o
                0x0000579e                mbed::util::FunctionPointer0<void>::staticcaller(void*, unsigned int*, void*)
 .text._ZN4mbed4util19FunctionPointerBaseIvE5clearEv
                0x000057a4        0x8 source/CMakeFiles/mbed3.dir/C_/development/cpp/mbed3/source/app.cpp.o
                0x000057a4                mbed::util::FunctionPointerBase<void>::clear()
 .text._ZN4mbed4util19FunctionPointerBindIvED0Ev
                0x000057ac       0x12 source/CMakeFiles/mbed3.dir/C_/development/cpp/mbed3/source/app.cpp.o
                0x000057ac                mbed::util::FunctionPointerBind<void>::~FunctionPointerBind()
 .text.gpio_init_out_ex
                0x000057be       0x2e ym/mbed-drivers/source/mbed-drivers.a(gpio.c.o)
                0x000057be                gpio_init_out_ex
 .text.gpio_init_out
                0x000057ec        0x6 ym/mbed-drivers/source/mbed-drivers.a(gpio.c.o)
                0x000057ec                gpio_init_out
 .text._ZN4mbed4util16FunctionPointer2IviPPcE11constructorEPvSt9__va_list
                0x000057f2       0x10 ym/mbed-drivers/source/mbed-drivers.a(retarget.cpp.o)
                0x000057f2                mbed::util::FunctionPointer2<void, int, char**>::constructor(void*, std::__va_list)
 .text._ZN4mbed4util16FunctionPointer2IviPPcE16copy_constructorEPvS5_
                0x00005802        0xc ym/mbed-drivers/source/mbed-drivers.a(retarget.cpp.o)
                0x00005802                mbed::util::FunctionPointer2<void, int, char**>::copy_constructor(void*, void*)
 .text._ZN4mbed4util16FunctionPointer2IviPPcE10destructorEPv
                0x0000580e        0x2 ym/mbed-drivers/source/mbed-drivers.a(retarget.cpp.o)
                0x0000580e                mbed::util::FunctionPointer2<void, int, char**>::destructor(void*)
 .text._ZN4mbed4util16FunctionPointer2IviPPcE12staticcallerEPvPjS5_
                0x00005810        0xc ym/mbed-drivers/source/mbed-drivers.a(retarget.cpp.o)
                0x00005810                mbed::util::FunctionPointer2<void, int, char**>::staticcaller(void*, unsigned int*, void*)
 .text._fstat   0x0000581c       0x1e ym/mbed-drivers/source/mbed-drivers.a(retarget.cpp.o)
                0x0000581c                _fstat
 .text.__wrap_main
                0x0000583a        0xe ym/mbed-drivers/source/mbed-drivers.a(retarget.cpp.o)
                0x0000583a                __wrap_main
 .text._exit    0x00005848        0x4 ym/mbed-drivers/source/mbed-drivers.a(retarget.cpp.o)
                0x00005848                _exit
 .text._kill    0x0000584c       0x10 ym/mbed-drivers/source/mbed-drivers.a(retarget.cpp.o)
                0x0000584c                _kill
 .text._getpid  0x0000585c        0x4 ym/mbed-drivers/source/mbed-drivers.a(retarget.cpp.o)
                0x0000585c                _getpid
 .text.mbed_die
                0x00005860       0x2c ym/mbed-drivers/source/mbed-drivers.a(board.c.o)
                0x00005860                mbed_die
 .text.wait_us  0x0000588c       0x16 ym/mbed-drivers/source/mbed-drivers.a(wait_api.c.o)
                0x0000588c                wait_us
 .text.wait_ms  0x000058a2        0xa ym/mbed-drivers/source/mbed-drivers.a(wait_api.c.o)
                0x000058a2                wait_ms
 .text._ZN5minarL21smallestTimeIncrementEmmm
                0x000058ac       0x26 ym/minar/source/minar.a(minar.cpp.o)
 .text._ZN4mbed4util19CriticalSectionLockC2Ev
                0x000058d2        0xa ym/minar/source/minar.a(minar.cpp.o)
                0x000058d2                mbed::util::CriticalSectionLock::CriticalSectionLock()
                0x000058d2                mbed::util::CriticalSectionLock::CriticalSectionLock()
 .text._ZN5minar9Scheduler13CallbackAdder6periodEm
                0x000058dc        0x4 ym/minar/source/minar.a(minar.cpp.o)
                0x000058dc                minar::Scheduler::CallbackAdder::period(unsigned long)
 .text._ZNK5minar13SchedulerData19CallbackNodeCompareclERKPNS_12CallbackNodeES5_
                0x000058e0       0x1a ym/minar/source/minar.a(minar.cpp.o)
                0x000058e0                minar::SchedulerData::CallbackNodeCompare::operator()(minar::CallbackNode* const&, minar::CallbackNode* const&) const
 .text._ZN5minar12millisecondsEm
                0x000058fa       0x16 ym/minar/source/minar.a(minar.cpp.o)
                0x000058fa                minar::milliseconds(unsigned long)
 .text._ZN5minar9Scheduler13CallbackAdderC2ERS0_N4mbed4util19FunctionPointerBindIvEE
                0x00005910       0x22 ym/minar/source/minar.a(minar.cpp.o)
                0x00005910                minar::Scheduler::CallbackAdder::CallbackAdder(minar::Scheduler&, mbed::util::FunctionPointerBind<void>)
                0x00005910                minar::Scheduler::CallbackAdder::CallbackAdder(minar::Scheduler&, mbed::util::FunctionPointerBind<void>)
 .text._ZNK4mbed4util5ArrayIPN5minar12CallbackNodeEE19get_element_addressEj
                0x00005932       0x18 ym/minar/source/minar.a(minar.cpp.o)
                0x00005932                mbed::util::Array<minar::CallbackNode*>::get_element_address(unsigned int) const
 .text._ZN4mbed4util10BinaryHeapIPN5minar12CallbackNodeENS2_13SchedulerData19CallbackNodeCompareEE5_swapEjj
                0x0000594a       0x34 ym/minar/source/minar.a(minar.cpp.o)
                0x0000594a                mbed::util::BinaryHeap<minar::CallbackNode*, minar::SchedulerData::CallbackNodeCompare>::_swap(unsigned int, unsigned int)
 .text._ZN4mbed4util5ArrayIPN5minar12CallbackNodeEE8pop_backEv
                0x0000597e       0x28 ym/minar/source/minar.a(minar.cpp.o)
                0x0000597e                mbed::util::Array<minar::CallbackNode*>::pop_back()
 .text._ZN4mbed4util10BinaryHeapIPN5minar12CallbackNodeENS2_13SchedulerData19CallbackNodeCompareEE15_propagate_downEj
                0x000059a6       0xb6 ym/minar/source/minar.a(minar.cpp.o)
                0x000059a6                mbed::util::BinaryHeap<minar::CallbackNode*, minar::SchedulerData::CallbackNodeCompare>::_propagate_down(unsigned int)
 .text._ZNK4mbed4util5ArrayIPN5minar12CallbackNodeEE16create_new_arrayEjjPNS5_10array_linkE
                0x00005a5c       0x26 ym/minar/source/minar.a(minar.cpp.o)
                0x00005a5c                mbed::util::Array<minar::CallbackNode*>::create_new_array(unsigned int, unsigned int, mbed::util::Array<minar::CallbackNode*>::array_link*) const
 .text._ZN5minar9SchedulerC2Ev
                0x00005a82       0x16 ym/minar/source/minar.a(minar.cpp.o)
                0x00005a82                minar::Scheduler::Scheduler()
                0x00005a82                minar::Scheduler::Scheduler()
 .text._ZN4mbed4util10BinaryHeapIPN5minar12CallbackNodeENS2_13SchedulerData19CallbackNodeCompareEE6insertERKS4_
                0x00005a98       0xc6 ym/minar/source/minar.a(minar.cpp.o)
                0x00005a98                mbed::util::BinaryHeap<minar::CallbackNode*, minar::SchedulerData::CallbackNodeCompare>::insert(minar::CallbackNode* const&)
 .text._ZN5minar9Scheduler13CallbackAdder9getHandleEv
                0x00005b5e       0x50 ym/minar/source/minar.a(minar.cpp.o)
                0x00005b5e                minar::Scheduler::CallbackAdder::getHandle()
 .text._ZN5minar9Scheduler13CallbackAdderD2Ev
                0x00005bae       0x12 ym/minar/source/minar.a(minar.cpp.o)
                0x00005bae                minar::Scheduler::CallbackAdder::~CallbackAdder()
                0x00005bae                minar::Scheduler::CallbackAdder::~CallbackAdder()
 .text._ZN4mbed4util13PoolAllocator5allocEv
                0x00005bc0       0x2c ym/core-util/source/core-util.a(PoolAllocator.cpp.o)
                0x00005bc0                mbed::util::PoolAllocator::alloc()
 .text._ZNK4mbed4util13PoolAllocator4ownsEPv
                0x00005bec       0x16 ym/core-util/source/core-util.a(PoolAllocator.cpp.o)
                0x00005bec                mbed::util::PoolAllocator::owns(void*) const
 .text._ZN4mbed4util13PoolAllocator4freeEPv
                0x00005c02       0x2e ym/core-util/source/core-util.a(PoolAllocator.cpp.o)
                0x00005c02                mbed::util::PoolAllocator::free(void*)
 .text._ZN4mbed4util13PoolAllocator13get_pool_sizeEjjj
                0x00005c30        0xe ym/core-util/source/core-util.a(PoolAllocator.cpp.o)
                0x00005c30                mbed::util::PoolAllocator::get_pool_size(unsigned int, unsigned int, unsigned int)
 .text._ZN4mbed4util13PoolAllocator8align_upEmm
                0x00005c3e        0xa ym/core-util/source/core-util.a(PoolAllocator.cpp.o)
                0x00005c3e                mbed::util::PoolAllocator::align_up(unsigned long, unsigned long)
 .text._ZN4mbed4util13PoolAllocator5_initEv
                0x00005c48       0x1e ym/core-util/source/core-util.a(PoolAllocator.cpp.o)
                0x00005c48                mbed::util::PoolAllocator::_init()
 .text._ZN4mbed4util13PoolAllocatorC2EPvjjj
                0x00005c66       0x20 ym/core-util/source/core-util.a(PoolAllocator.cpp.o)
                0x00005c66                mbed::util::PoolAllocator::PoolAllocator(void*, unsigned int, unsigned int, unsigned int)
                0x00005c66                mbed::util::PoolAllocator::PoolAllocator(void*, unsigned int, unsigned int, unsigned int)
 .text._ZN4mbed4util23ExtendablePoolAllocatorC2Ev
                0x00005c86        0x6 ym/core-util/source/core-util.a(ExtendablePoolAllocator.cpp.o)
                0x00005c86                mbed::util::ExtendablePoolAllocator::ExtendablePoolAllocator()
                0x00005c86                mbed::util::ExtendablePoolAllocator::ExtendablePoolAllocator()
 .text._ZN4mbed4util23ExtendablePoolAllocator4freeEPv
                0x00005c8c       0x26 ym/core-util/source/core-util.a(ExtendablePoolAllocator.cpp.o)
                0x00005c8c                mbed::util::ExtendablePoolAllocator::free(void*)
 .text._ZNK4mbed4util23ExtendablePoolAllocator15create_new_poolEjPNS1_9pool_linkE
                0x00005cb2       0x44 ym/core-util/source/core-util.a(ExtendablePoolAllocator.cpp.o)
                0x00005cb2                mbed::util::ExtendablePoolAllocator::create_new_pool(unsigned int, mbed::util::ExtendablePoolAllocator::pool_link*) const
 .text._ZN4mbed4util23ExtendablePoolAllocator4initEjjj12UAllocTraitsj
                0x00005cf6       0x38 ym/core-util/source/core-util.a(ExtendablePoolAllocator.cpp.o)
                0x00005cf6                mbed::util::ExtendablePoolAllocator::init(unsigned int, unsigned int, unsigned int, UAllocTraits, unsigned int)
 .text._ZN4mbed4util23ExtendablePoolAllocator5allocEv
                0x00005d2e       0x58 ym/core-util/source/core-util.a(ExtendablePoolAllocator.cpp.o)
                0x00005d2e                mbed::util::ExtendablePoolAllocator::alloc()
 .text.GPIO_HAL_SetPinDir
                0x00005d86       0x38 ym/mbed-hal-ksdk-mcu/source/mbed-hal-ksdk-mcu.a(fsl_gpio_hal.c.o)
                0x00005d86                GPIO_HAL_SetPinDir
 .text.GPIO_HAL_WritePinOutput
                0x00005dbe       0x1c ym/mbed-hal-ksdk-mcu/source/mbed-hal-ksdk-mcu.a(fsl_gpio_hal.c.o)
                0x00005dbe                GPIO_HAL_WritePinOutput
 .text.gpio_mode
                0x00005dda        0x6 ym/mbed-hal-ksdk-mcu/source/mbed-hal-ksdk-mcu.a(gpio_api.c.o)
                0x00005dda                gpio_mode
 .text.UART_HAL_EnableTransmitter
                0x00005de0       0x1a ym/mbed-hal-ksdk-mcu/source/mbed-hal-ksdk-mcu.a(serial_api.c.o)
 .text.UART_HAL_EnableReceiver
                0x00005dfa       0x1a ym/mbed-hal-ksdk-mcu/source/mbed-hal-ksdk-mcu.a(serial_api.c.o)
 .text.UART_HAL_SetBitCountPerChar
                0x00005e14       0x16 ym/mbed-hal-ksdk-mcu/source/mbed-hal-ksdk-mcu.a(serial_api.c.o)
 .text.UART_HAL_SetParityMode
                0x00005e2a       0x1a ym/mbed-hal-ksdk-mcu/source/mbed-hal-ksdk-mcu.a(serial_api.c.o)
 .text.UART_HAL_SetStopBitCount
                0x00005e44       0x16 ym/mbed-hal-ksdk-mcu/source/mbed-hal-ksdk-mcu.a(serial_api.c.o)
 .text.UART_HAL_GetTxDataRegEmptyIntCmd
                0x00005e5a       0x14 ym/mbed-hal-ksdk-mcu/source/mbed-hal-ksdk-mcu.a(serial_api.c.o)
 .text.UART_HAL_GetRxDataRegFullIntCmd
                0x00005e6e       0x14 ym/mbed-hal-ksdk-mcu/source/mbed-hal-ksdk-mcu.a(serial_api.c.o)
 .text.UART_HAL_IsTxDataRegEmpty
                0x00005e82       0x14 ym/mbed-hal-ksdk-mcu/source/mbed-hal-ksdk-mcu.a(serial_api.c.o)
 .text.UART_HAL_IsRxDataRegFull
                0x00005e96       0x14 ym/mbed-hal-ksdk-mcu/source/mbed-hal-ksdk-mcu.a(serial_api.c.o)
 .text.serial_readable
                0x00005eaa       0x1e ym/mbed-hal-ksdk-mcu/source/mbed-hal-ksdk-mcu.a(serial_api.c.o)
                0x00005eaa                serial_readable
 .text.serial_getc
                0x00005ec8       0x20 ym/mbed-hal-ksdk-mcu/source/mbed-hal-ksdk-mcu.a(serial_api.c.o)
                0x00005ec8                serial_getc
 .text.serial_writable
                0x00005ee8       0x1e ym/mbed-hal-ksdk-mcu/source/mbed-hal-ksdk-mcu.a(serial_api.c.o)
                0x00005ee8                serial_writable
 .text.serial_putc
                0x00005f06       0x1c ym/mbed-hal-ksdk-mcu/source/mbed-hal-ksdk-mcu.a(serial_api.c.o)
                0x00005f06                serial_putc
 .text.PORT_HAL_SetPullMode
                0x00005f22       0x1a ym/mbed-hal-ksdk-mcu/source/mbed-hal-ksdk-mcu.a(pinmap.c.o)
 .text.PORT_HAL_SetPullCmd
                0x00005f3c       0x1c ym/mbed-hal-ksdk-mcu/source/mbed-hal-ksdk-mcu.a(pinmap.c.o)
 .text.CLOCK_HAL_GetOscselMode
                0x00005f58        0xa ym/mbed-hal-ksdk-mcu/source/mbed-hal-ksdk-mcu.a(fsl_mcg_hal.c.o)
 .text.CLOCK_HAL_GetFllClk
                0x00005f62       0x74 ym/mbed-hal-ksdk-mcu/source/mbed-hal-ksdk-mcu.a(fsl_mcg_hal.c.o)
                0x00005f62                CLOCK_HAL_GetFllClk
 .text.UART_HAL_Init
                0x00005fd6      0x11c ym/mbed-hal-ksdk-mcu/source/mbed-hal-ksdk-mcu.a(fsl_uart_hal.c.o)
                0x00005fd6                UART_HAL_Init
 .text.UART_HAL_SetBaudRate
                0x000060f2       0x72 ym/mbed-hal-ksdk-mcu/source/mbed-hal-ksdk-mcu.a(fsl_uart_hal.c.o)
                0x000060f2                UART_HAL_SetBaudRate
 .text.UART_HAL_Putchar
                0x00006164       0x16 ym/mbed-hal-ksdk-mcu/source/mbed-hal-ksdk-mcu.a(fsl_uart_hal.c.o)
                0x00006164                UART_HAL_Putchar
 .text.UART_HAL_Getchar
                0x0000617a        0xe ym/mbed-hal-ksdk-mcu/source/mbed-hal-ksdk-mcu.a(fsl_uart_hal.c.o)
                0x0000617a                UART_HAL_Getchar
 .text.UART_HAL_GetStatusFlag
                0x00006188       0x2e ym/mbed-hal-ksdk-mcu/source/mbed-hal-ksdk-mcu.a(fsl_uart_hal.c.o)
                0x00006188                UART_HAL_GetStatusFlag
 .text.UART_HAL_ClearStatusFlag
                0x000061b6       0x9a ym/mbed-hal-ksdk-mcu/source/mbed-hal-ksdk-mcu.a(fsl_uart_hal.c.o)
                0x000061b6                UART_HAL_ClearStatusFlag
 .text.UART_HAL_ClearAllNonAutoclearStatusFlags
                0x00006250       0x56 ym/mbed-hal-ksdk-mcu/source/mbed-hal-ksdk-mcu.a(fsl_uart_hal.c.o)
                0x00006250                UART_HAL_ClearAllNonAutoclearStatusFlags
 .text.UART_HAL_SetTxFifoCmd
                0x000062a6       0x34 ym/mbed-hal-ksdk-mcu/source/mbed-hal-ksdk-mcu.a(fsl_uart_hal.c.o)
                0x000062a6                UART_HAL_SetTxFifoCmd
 .text.UART_HAL_SetRxFifoCmd
                0x000062da       0x34 ym/mbed-hal-ksdk-mcu/source/mbed-hal-ksdk-mcu.a(fsl_uart_hal.c.o)
                0x000062da                UART_HAL_SetRxFifoCmd
 .text.UART_HAL_FlushTxFifo
                0x0000630e       0x30 ym/mbed-hal-ksdk-mcu/source/mbed-hal-ksdk-mcu.a(fsl_uart_hal.c.o)
                0x0000630e                UART_HAL_FlushTxFifo
 .text.UART_HAL_FlushRxFifo
                0x0000633e       0x30 ym/mbed-hal-ksdk-mcu/source/mbed-hal-ksdk-mcu.a(fsl_uart_hal.c.o)
                0x0000633e                UART_HAL_FlushRxFifo
 .text._ZN5minar8platform4initEv
                0x0000636e        0x4 ym/minar-platform-mbed/source/minar-platform-mbed.a(mbed_platform.cpp.o)
                0x0000636e                minar::platform::init()
 .text._ZN5minar8platform5sleepEv
                0x00006372       0x14 ym/minar-platform-mbed/source/minar-platform-mbed.a(mbed_platform.cpp.o)
                0x00006372                minar::platform::sleep()
 .text._ZN5minar8platform7getTimeEv
                0x00006386        0x4 ym/minar-platform-mbed/source/minar-platform-mbed.a(mbed_platform.cpp.o)
                0x00006386                minar::platform::getTime()
 .text._ZN5minar8platform14sleepFromUntilEmm
                0x0000638a       0x54 ym/minar-platform-mbed/source/minar-platform-mbed.a(mbed_platform.cpp.o)
                0x0000638a                minar::platform::sleepFromUntil(unsigned long, unsigned long)
 .text.CLOCK_SYS_GetUartFreq
                0x000063de       0x28 ym/mbed-hal-k64f/source/mbed-hal-k64f.a(fsl_clock_K64F12.c.o)
                0x000063de                CLOCK_SYS_GetUartFreq
 .text.mbed_hal_init
                0x00006406        0x2 ym/mbed-hal-frdm-k64f/source/mbed-hal-frdm-k64f.a(init_api.c.o)
                0x00006406                mbed_hal_init
 .text.pinmap_find_peripheral
                0x00006408       0x16 ym/mbed-drivers/source/mbed-drivers.a(pinmap_common.c.o)
                0x00006408                pinmap_find_peripheral
 .text.ticker_irq_handler
                0x0000641e       0x44 ym/mbed-drivers/source/mbed-drivers.a(ticker_api.c.o)
                0x0000641e                ticker_irq_handler
 .text.LPTMR_HAL_Disable.constprop.13
                0x00006462       0x14 ym/mbed-hal-ksdk-mcu/source/mbed-hal-ksdk-mcu.a(lp_ticker.c.o)
 .text.LPTMR_HAL_Enable.constprop.14
                0x00006476       0x14 ym/mbed-hal-ksdk-mcu/source/mbed-hal-ksdk-mcu.a(lp_ticker.c.o)
 .text.RTC_HAL_SetSecsReg
                0x0000648a       0x26 ym/mbed-hal-ksdk-mcu/source/mbed-hal-ksdk-mcu.a(fsl_rtc_hal.c.o)
 .text.RTC_HAL_SetOscillatorCmd
                0x000064b0       0x16 ym/mbed-hal-ksdk-mcu/source/mbed-hal-ksdk-mcu.a(fsl_rtc_hal.c.o)
 .text.RTC_HAL_Enable
                0x000064c6        0x6 ym/mbed-hal-ksdk-mcu/source/mbed-hal-ksdk-mcu.a(fsl_rtc_hal.c.o)
                0x000064c6                RTC_HAL_Enable
 .text.RTC_HAL_Init
                0x000064cc       0x78 ym/mbed-hal-ksdk-mcu/source/mbed-hal-ksdk-mcu.a(fsl_rtc_hal.c.o)
                0x000064cc                RTC_HAL_Init
 .text.mbed_exit_sleep
                0x00006544        0x2 ym/mbed-hal-ksdk-mcu/source/mbed-hal-ksdk-mcu.a(sleep.c.o)
                0x00006544                mbed_exit_sleep
 .text.SMC_HAL_SetProtection
                0x00006546       0x36 ym/mbed-hal-ksdk-mcu/source/mbed-hal-ksdk-mcu.a(fsl_smc_hal.c.o)
                0x00006546                SMC_HAL_SetProtection
 .text.mbed_ualloc
                0x0000657c       0x48 ym/ualloc/source/ualloc.a(ualloc.c.o)
                0x0000657c                mbed_ualloc
 .text.dlcalloc
                0x000065c4       0x40 ym/dlmalloc/source/dlmalloc.a(dlmalloc.c.o)
                0x000065c4                dlcalloc
 .text.__uvisor_isr_set
                0x00006604        0x4 ym/uvisor-lib/source/uvisor-lib.a(interrupts.cpp.o)
                0x00006604                __uvisor_isr_set
 .text.__uvisor_irq_enable
                0x00006608        0x4 ym/uvisor-lib/source/uvisor-lib.a(interrupts.cpp.o)
                0x00006608                __uvisor_irq_enable
 .text.__uvisor_irq_pending_clr
                0x0000660c        0x4 ym/uvisor-lib/source/uvisor-lib.a(interrupts.cpp.o)
                0x0000660c                __uvisor_irq_pending_clr
 .text._ZdlPv   0x00006610        0x8 c:/progra~2/gnutoo~1/4f412~1.820/bin/../lib/gcc/arm-none-eabi/4.8.4/../../../../arm-none-eabi/lib/armv7e-m\libstdc++_s.a(del_op.o)
                0x00006610                operator delete(void*)
 .text.abort    0x00006618        0xe c:/progra~2/gnutoo~1/4f412~1.820/bin/../lib/gcc/arm-none-eabi/4.8.4/../../../../arm-none-eabi/lib/armv7e-m\libc_s.a(lib_a-abort.o)
                0x00006618                abort
 .text.__sflush_r
                0x00006626      0x106 c:/progra~2/gnutoo~1/4f412~1.820/bin/../lib/gcc/arm-none-eabi/4.8.4/../../../../arm-none-eabi/lib/armv7e-m\libc_s.a(lib_a-fflush.o)
                0x00006626                __sflush_r
 .text._cleanup_r
                0x0000672c       0x32 c:/progra~2/gnutoo~1/4f412~1.820/bin/../lib/gcc/arm-none-eabi/4.8.4/../../../../arm-none-eabi/lib/armv7e-m\libc_s.a(lib_a-findfp.o)
                0x0000672c                _cleanup_r
 .text.__sfmoreglue
                0x0000675e       0x2c c:/progra~2/gnutoo~1/4f412~1.820/bin/../lib/gcc/arm-none-eabi/4.8.4/../../../../arm-none-eabi/lib/armv7e-m\libc_s.a(lib_a-findfp.o)
                0x0000675e                __sfmoreglue
 .text._fwalk_reent
                0x0000678a       0x3c c:/progra~2/gnutoo~1/4f412~1.820/bin/../lib/gcc/arm-none-eabi/4.8.4/../../../../arm-none-eabi/lib/armv7e-m\libc_s.a(lib_a-fwalk.o)
                0x0000678a                _fwalk_reent
 .text.memset   0x000067c6       0x10 c:/progra~2/gnutoo~1/4f412~1.820/bin/../lib/gcc/arm-none-eabi/4.8.4/../../../../arm-none-eabi/lib/armv7e-m\libc_s.a(lib_a-memset.o)
                0x000067c6                memset
 .text._raise_r
                0x000067d6       0x50 c:/progra~2/gnutoo~1/4f412~1.820/bin/../lib/gcc/arm-none-eabi/4.8.4/../../../../arm-none-eabi/lib/armv7e-m\libc_s.a(lib_a-signal.o)
                0x000067d6                _raise_r
 .text._getpid_r
                0x00006826        0x4 c:/progra~2/gnutoo~1/4f412~1.820/bin/../lib/gcc/arm-none-eabi/4.8.4/../../../../arm-none-eabi/lib/armv7e-m\libc_s.a(lib_a-signalr.o)
                0x00006826                _getpid_r
 .text.__sread  0x0000682a       0x22 c:/progra~2/gnutoo~1/4f412~1.820/bin/../lib/gcc/arm-none-eabi/4.8.4/../../../../arm-none-eabi/lib/armv7e-m\libc_s.a(lib_a-stdio.o)
                0x0000682a                __sread
 .text.__swrite
                0x0000684c       0x38 c:/progra~2/gnutoo~1/4f412~1.820/bin/../lib/gcc/arm-none-eabi/4.8.4/../../../../arm-none-eabi/lib/armv7e-m\libc_s.a(lib_a-stdio.o)
                0x0000684c                __swrite
 .text.__sseek  0x00006884       0x24 c:/progra~2/gnutoo~1/4f412~1.820/bin/../lib/gcc/arm-none-eabi/4.8.4/../../../../arm-none-eabi/lib/armv7e-m\libc_s.a(lib_a-stdio.o)
                0x00006884                __sseek
 .text.__sclose
                0x000068a8        0x8 c:/progra~2/gnutoo~1/4f412~1.820/bin/../lib/gcc/arm-none-eabi/4.8.4/../../../../arm-none-eabi/lib/armv7e-m\libc_s.a(lib_a-stdio.o)
                0x000068a8                __sclose
 .text.strlen   0x000068b0       0x10 c:/progra~2/gnutoo~1/4f412~1.820/bin/../lib/gcc/arm-none-eabi/4.8.4/../../../../arm-none-eabi/lib/armv7e-m\libc_s.a(lib_a-strlen.o)
                0x000068b0                strlen
 .text.__sfputc_r
                0x000068c0       0x2c c:/progra~2/gnutoo~1/4f412~1.820/bin/../lib/gcc/arm-none-eabi/4.8.4/../../../../arm-none-eabi/lib/armv7e-m\libc_s.a(lib_a-vfprintf.o)
 .text.__sfputs_r
                0x000068ec       0x24 c:/progra~2/gnutoo~1/4f412~1.820/bin/../lib/gcc/arm-none-eabi/4.8.4/../../../../arm-none-eabi/lib/armv7e-m\libc_s.a(lib_a-vfprintf.o)
                0x000068ec                __sfputs_r
 .text._printf_common
                0x00006910       0xe4 c:/progra~2/gnutoo~1/4f412~1.820/bin/../lib/gcc/arm-none-eabi/4.8.4/../../../../arm-none-eabi/lib/armv7e-m\libc_s.a(lib_a-vfprintf_i.o)
                0x00006910                _printf_common
 .text.memchr   0x000069f4       0x1e c:/progra~2/gnutoo~1/4f412~1.820/bin/../lib/gcc/arm-none-eabi/4.8.4/../../../../arm-none-eabi/lib/armv7e-m\libc_s.a(lib_a-memchr-stub.o)
                0x000069f4                memchr
 .text._ZN4mbed4util10atomic_casImEEbPT_S3_S2_
                0x00006a12       0x1e ym/core-util/source/core-util.a(sbrk.cpp.o)
                0x00006a12                bool mbed::util::atomic_cas<unsigned long>(unsigned long*, unsigned long*, unsigned long)
 .text.mbed_krbs
                0x00006a30        0x6 ym/core-util/source/core-util.a(sbrk.cpp.o)
                0x00006a30                mbed_krbs
 .text.__wrap__malloc_r
                0x00006a36        0xc ym/ualloc/source/ualloc.a(malloc.c.o)
                0x00006a36                __wrap__malloc_r
 .text.__wrap__free_r
                0x00006a42        0x6 ym/ualloc/source/ualloc.a(malloc.c.o)
                0x00006a42                __wrap__free_r
 *(SORT(.init))
 .init          0x00006a48        0x4 c:/progra~2/gnutoo~1/4f412~1.820/bin/../lib/gcc/arm-none-eabi/4.8.4/armv7e-m/crti.o
                0x00006a48                _init
 .init          0x00006a4c        0x8 c:/progra~2/gnutoo~1/4f412~1.820/bin/../lib/gcc/arm-none-eabi/4.8.4/armv7e-m/crtn.o
 *(SORT(.fini))
 .fini          0x00006a54        0x4 c:/progra~2/gnutoo~1/4f412~1.820/bin/../lib/gcc/arm-none-eabi/4.8.4/armv7e-m/crti.o
                0x00006a54                _fini
 .fini          0x00006a58        0x8 c:/progra~2/gnutoo~1/4f412~1.820/bin/../lib/gcc/arm-none-eabi/4.8.4/armv7e-m/crtn.o
 *crtbegin.o(SORT(.ctors))
 *crtbegin?.o(SORT(.ctors))
 *(SORT(EXCLUDE_FILE(*crtend.o *crtend?.o) .ctors))
 *(SORT(.ctors.*))
 *(SORT(.ctors))
 *crtbegin.o(SORT(.dtors))
 *crtbegin?.o(SORT(.dtors))
 *(SORT(EXCLUDE_FILE(*crtend.o *crtend?.o) .dtors))
 *(SORT(.dtors.*))
 *(SORT(.dtors))
 *(SORT(.rodata*))
 .rodata._ZTVN4mbed4util19FunctionPointerBaseIvEE
                0x00006a60       0x18 source/CMakeFiles/mbed3.dir/C_/development/cpp/mbed3/source/app.cpp.o
                0x00006a60                vtable for mbed::util::FunctionPointerBase<void>
 .rodata._ZTVN4mbed4util19FunctionPointerBindIvEE
                0x00006a78       0x18 source/CMakeFiles/mbed3.dir/C_/development/cpp/mbed3/source/app.cpp.o
                0x00006a78                vtable for mbed::util::FunctionPointerBind<void>
 .rodata._ZTVN4mbed4util16FunctionPointer0IvEE
                0x00006a90       0x18 source/CMakeFiles/mbed3.dir/C_/development/cpp/mbed3/source/app.cpp.o
                0x00006a90                vtable for mbed::util::FunctionPointer0<void>
 .rodata._ZTVN4mbed4util16FunctionPointer2IviPPcEE
                0x00006aa8       0x18 ym/mbed-drivers/source/mbed-drivers.a(retarget.cpp.o)
                0x00006aa8                vtable for mbed::util::FunctionPointer2<void, int, char**>
 .rodata._ZN4mbed4util19FunctionPointerBaseIvE8_nullopsE
                0x00006ac0        0xc source/CMakeFiles/mbed3.dir/C_/development/cpp/mbed3/source/app.cpp.o
                0x00006ac0                mbed::util::FunctionPointerBase<void>::_nullops
 .rodata        0x00006acc       0x14 source/CMakeFiles/mbed3.dir/C_/development/cpp/mbed3/source/app.cpp.o
 .rodata        0x00006ae0       0x14 ym/mbed-drivers/source/mbed-drivers.a(gpio.c.o)
 .rodata._ZN4mbed4util16FunctionPointer2IviPPcE8_fp2_opsE
                0x00006af4        0xc ym/mbed-drivers/source/mbed-drivers.a(retarget.cpp.o)
                0x00006af4                mbed::util::FunctionPointer2<void, int, char**>::_fp2_ops
 .rodata        0x00006b00       0x14 ym/mbed-drivers/source/mbed-drivers.a(board.c.o)
 .rodata        0x00006b14       0x28 ym/mbed-hal-ksdk-mcu/source/mbed-hal-ksdk-mcu.a(gpio_api.c.o)
 .rodata        0x00006b3c       0x18 ym/mbed-hal-ksdk-mcu/source/mbed-hal-ksdk-mcu.a(serial_api.c.o)
 .rodata        0x00006b54       0x14 ym/mbed-hal-ksdk-mcu/source/mbed-hal-ksdk-mcu.a(pinmap.c.o)
 .rodata.g_simBaseAddr
                0x00006b68        0x4 ym/mbed-hal-ksdk-mcu/source/mbed-hal-ksdk-mcu.a(fsl_clock_manager.c.o)
                0x00006b68                g_simBaseAddr
 .rodata.PinMap_UART_RX
                0x00006b6c       0x90 ym/mbed-hal-frdm-k64f/source/mbed-hal-frdm-k64f.a(PeripheralPins.c.o)
                0x00006b6c                PinMap_UART_RX
 .rodata.PinMap_UART_TX
                0x00006bfc       0x90 ym/mbed-hal-frdm-k64f/source/mbed-hal-frdm-k64f.a(PeripheralPins.c.o)
                0x00006bfc                PinMap_UART_TX
 .rodata.us_interface
                0x00006c8c       0x14 ym/mbed-drivers/source/mbed-drivers.a(us_ticker_api.c.o)
 .rodata.us_data
                0x00006ca0        0x8 ym/mbed-drivers/source/mbed-drivers.a(us_ticker_api.c.o)
 .rodata.__sf_fake_stdin
                0x00006ca8       0x20 c:/progra~2/gnutoo~1/4f412~1.820/bin/../lib/gcc/arm-none-eabi/4.8.4/../../../../arm-none-eabi/lib/armv7e-m\libc_s.a(lib_a-findfp.o)
                0x00006ca8                __sf_fake_stdin
 .rodata.__sf_fake_stdout
                0x00006cc8       0x20 c:/progra~2/gnutoo~1/4f412~1.820/bin/../lib/gcc/arm-none-eabi/4.8.4/../../../../arm-none-eabi/lib/armv7e-m\libc_s.a(lib_a-findfp.o)
                0x00006cc8                __sf_fake_stdout
 .rodata.__sf_fake_stderr
                0x00006ce8       0x20 c:/progra~2/gnutoo~1/4f412~1.820/bin/../lib/gcc/arm-none-eabi/4.8.4/../../../../arm-none-eabi/lib/armv7e-m\libc_s.a(lib_a-findfp.o)
                0x00006ce8                __sf_fake_stderr
 .rodata._global_impure_ptr
                0x00006d08        0x4 c:/progra~2/gnutoo~1/4f412~1.820/bin/../lib/gcc/arm-none-eabi/4.8.4/../../../../arm-none-eabi/lib/armv7e-m\libc_s.a(lib_a-impure.o)
                0x00006d08                _global_impure_ptr
 .rodata.str1.1
                0x00006d0c      0x15e ym/minar/source/minar.a(minar.cpp.o)
 .rodata.str1.1
                0x00006e6a       0x57 ym/core-util/source/core-util.a(mbed-util_mbed.c.o)
 .rodata.kClockNameConfigTable
                0x00006ec1       0x12 ym/mbed-hal-k64f/source/mbed-hal-k64f.a(fsl_sim_hal_K64F12.c.o)
                0x00006ec1                kClockNameConfigTable
 .rodata.str1.1
                0x00006ed3       0x60 ym/mbed-drivers/source/mbed-drivers.a(pinmap_common.c.o)
 .rodata        0x00006f33        0x3 ym/mbed-hal-ksdk-mcu/source/mbed-hal-ksdk-mcu.a(sleep.c.o)
 .rodata.str1.1
                0x00006f36        0x2 c:/progra~2/gnutoo~1/4f412~1.820/bin/../lib/gcc/arm-none-eabi/4.8.4/../../../../arm-none-eabi/lib/armv7e-m\libc_s.a(lib_a-impure.o)
 .rodata.str1.1
                0x00006f38       0x11 c:/progra~2/gnutoo~1/4f412~1.820/bin/../lib/gcc/arm-none-eabi/4.8.4/../../../../arm-none-eabi/lib/armv7e-m\libc_s.a(lib_a-vfprintf.o)
 .rodata.str1.1
                0x00006f49       0x22 c:/progra~2/gnutoo~1/4f412~1.820/bin/../lib/gcc/arm-none-eabi/4.8.4/../../../../arm-none-eabi/lib/armv7e-m\libc_s.a(lib_a-vfprintf_i.o)
 *(SORT(.eh_frame*))
 *fill*         0x00006f6b        0x1 
 .eh_frame      0x00006f6c        0x0 c:/progra~2/gnutoo~1/4f412~1.820/bin/../lib/gcc/arm-none-eabi/4.8.4/armv7e-m/crtbegin.o
 .eh_frame      0x00006f6c        0x4 c:/progra~2/gnutoo~1/4f412~1.820/bin/../lib/gcc/arm-none-eabi/4.8.4/armv7e-m/crtend.o

.glue_7         0x00006f70        0x0
 .glue_7        0x00000000        0x0 linker stubs

.glue_7t        0x00006f70        0x0
 .glue_7t       0x00000000        0x0 linker stubs

.vfp11_veneer   0x00006f70        0x0
 .vfp11_veneer  0x00000000        0x0 linker stubs

.v4_bx          0x00006f70        0x0
 .v4_bx         0x00000000        0x0 linker stubs

.iplt           0x00006f70        0x0
 .iplt          0x00000000        0x0 c:/progra~2/gnutoo~1/4f412~1.820/bin/../lib/gcc/arm-none-eabi/4.8.4/armv7e-m/crtbegin.o

.ARM.extab
 *(SORT(.ARM.extab*) SORT(.gnu.linkonce.armextab.*))

.ARM.exidx      0x00006f70        0x8
                0x00006f70                __exidx_start = .
 *(SORT(.ARM.exidx*) SORT(.gnu.linkonce.armexidx.*))
 .ARM.exidx     0x00006f70        0x8 c:/progra~2/gnutoo~1/4f412~1.820/bin/../lib/gcc/arm-none-eabi/4.8.4/../../../../arm-none-eabi/lib/armv7e-m/crt0.o
 .ARM.exidx     0x00006f78        0x0 c:/progra~2/gnutoo~1/4f412~1.820/bin/../lib/gcc/arm-none-eabi/4.8.4/armv7e-m\libgcc.a(_divdi3.o)
                                  0x8 (size before relaxing)
 .ARM.exidx     0x00006f78        0x0 c:/progra~2/gnutoo~1/4f412~1.820/bin/../lib/gcc/arm-none-eabi/4.8.4/armv7e-m\libgcc.a(_udivdi3.o)
                                  0x8 (size before relaxing)
                0x00006f78                __exidx_end = .

.rel.dyn        0x00006f78        0x0
 .rel.iplt      0x00000000        0x0 c:/progra~2/gnutoo~1/4f412~1.820/bin/../lib/gcc/arm-none-eabi/4.8.4/armv7e-m/crtbegin.o

.stack          0x1fff2200     0x8000
                0x1fff2200                __StackLimit = .
 *(SORT(.stack*))
 .stack         0x1fff2200      0xc00 ym/mbed-hal-k64f/source/mbed-hal-k64f.a(startup_MK64F12.S.obj)
                0x1fffa200                . = (. + (0x8000 - (. - __StackLimit)))
 *fill*         0x1fff2e00     0x7400 
                0x1fffa200                __StackTop = (ADDR (.stack) + SIZEOF (.stack))
                0x1fff2200                __StackLimit = ADDR (.stack)
                0x1fffa200                PROVIDE (__stack, __StackTop)

.data           0x1fffa200       0x80 load address 0x00006f78
                0x00006f78                PROVIDE (__etext, LOADADDR (.data))
                0x1fffa200                __data_start__ = .
 *(SORT(vtable))
 *(SORT(.data*))
 .data.lp_compare_value
                0x1fffa200        0x4 ym/mbed-hal-ksdk-mcu/source/mbed-hal-ksdk-mcu.a(lp_ticker.c.o)
 .data.impure_data
                0x1fffa204       0x60 c:/progra~2/gnutoo~1/4f412~1.820/bin/../lib/gcc/arm-none-eabi/4.8.4/../../../../arm-none-eabi/lib/armv7e-m\libc_s.a(lib_a-impure.o)
 .data._impure_ptr
                0x1fffa264        0x4 c:/progra~2/gnutoo~1/4f412~1.820/bin/../lib/gcc/arm-none-eabi/4.8.4/../../../../arm-none-eabi/lib/armv7e-m\libc_s.a(lib_a-impure.o)
                0x1fffa264                _impure_ptr
 .data.mbed_sbrk_diff
                0x1fffa268        0x4 ym/core-util/source/core-util.a(sbrk.cpp.o)
                0x1fffa268                mbed_sbrk_diff
 .data.mbed_sbrk_ptr
                0x1fffa26c        0x4 ym/core-util/source/core-util.a(sbrk.cpp.o)
                0x1fffa26c                mbed_sbrk_ptr
 .data.mbed_krbs_ptr
                0x1fffa270        0x4 ym/core-util/source/core-util.a(sbrk.cpp.o)
                0x1fffa270                mbed_krbs_ptr
                0x1fffa274                . = ALIGN (0x4)
                0x1fffa274                PROVIDE (__preinit_array_start, .)
 *(SORT(.preinit_array))
                0x1fffa274                PROVIDE (__preinit_array_end, .)
                0x1fffa274                . = ALIGN (0x4)
                0x1fffa274                PROVIDE (__init_array_start, .)
 *(SORT(.init_array.*))
 *(SORT(.init_array))
 .init_array    0x1fffa274        0x4 c:/progra~2/gnutoo~1/4f412~1.820/bin/../lib/gcc/arm-none-eabi/4.8.4/armv7e-m/crtbegin.o
 .init_array    0x1fffa278        0x4 source/CMakeFiles/mbed3.dir/C_/development/cpp/mbed3/source/app.cpp.o
                0x1fffa27c                PROVIDE (__init_array_end, .)
                0x1fffa27c                . = ALIGN (0x4)
                0x1fffa27c                PROVIDE (__fini_array_start, .)
 *(SORT(.fini_array.*))
 *(SORT(.fini_array))
 .fini_array    0x1fffa27c        0x4 c:/progra~2/gnutoo~1/4f412~1.820/bin/../lib/gcc/arm-none-eabi/4.8.4/armv7e-m/crtbegin.o
                0x1fffa280                PROVIDE (__fini_array_end, .)
                0x1fffa280                . = ALIGN (0x20)
                0x1fffa280                __data_end__ = .

.jcr            0x1fffa280        0x0 load address 0x00006ff8
 .jcr           0x1fffa280        0x0 c:/progra~2/gnutoo~1/4f412~1.820/bin/../lib/gcc/arm-none-eabi/4.8.4/armv7e-m/crtbegin.o

.igot.plt       0x1fffa280        0x0 load address 0x00006ff8
 .igot.plt      0x00000000        0x0 c:/progra~2/gnutoo~1/4f412~1.820/bin/../lib/gcc/arm-none-eabi/4.8.4/armv7e-m/crtbegin.o

.uvisor.secure  0x00006ff8        0x8
                0x00007000                . = ALIGN (0x20)
 *fill*         0x00006ff8        0x8 
                0x00007000                __uvisor_secure_start = .
 *(SORT(.uvisor.secure.keep))
 *(SORT(.uvisor.secure))
                0x00007000                . = ALIGN (0x20)
                0x00007000                __uvisor_cfgtbl_start = .
 *(SORT(.uvisor.cfgtbl_first*))
 *(SORT(.uvisor.cfgtbl*))
                0x00007000                __uvisor_cfgtbl_end = .

.uvisor.end     0x00007000        0x0
                0x00007000                . = ALIGN (0x400)
 *fill*         0x00007000        0x0 
                0x00007000                __uvisor_secure_end = .

.bss            0x1fffa280      0x3ac
                0x1fffa280                __bss_start__ = .
 *(SORT(.bss*))
 .bss           0x1fffa280       0x1c c:/progra~2/gnutoo~1/4f412~1.820/bin/../lib/gcc/arm-none-eabi/4.8.4/armv7e-m/crtbegin.o
 .bss.led       0x1fffa29c        0x4 source/CMakeFiles/mbed3.dir/C_/development/cpp/mbed3/source/app.cpp.o
                0x1fffa29c                led
 .bss.output    0x1fffa2a0        0x4 source/CMakeFiles/mbed3.dir/C_/development/cpp/mbed3/source/app.cpp.o
                0x1fffa2a0                output
 .bss._ZL11filehandles
                0x1fffa2a4      0x100 ym/mbed-drivers/source/mbed-drivers.a(retarget.cpp.o)
 .bss._ZZN5minar12CallbackNode13get_allocatorEvE9allocator
                0x1fffa3a4        0x4 ym/minar/source/minar.a(minar.cpp.o)
                0x1fffa3a4                minar::CallbackNode::get_allocator()::allocator
 .bss._ZGVZN5minar13SchedulerData5startEvE19Warn_Duration_Ticks
                0x1fffa3a8        0x4 ym/minar/source/minar.a(minar.cpp.o)
 .bss._ZZN5minar13SchedulerData5startEvE19Warn_Duration_Ticks
                0x1fffa3ac        0x4 ym/minar/source/minar.a(minar.cpp.o)
 .bss._ZZN5minar13SchedulerData5startEvE14Warn_Lag_Ticks
                0x1fffa3b0        0x4 ym/minar/source/minar.a(minar.cpp.o)
 .bss._ZN5minarL15staticSchedulerE
                0x1fffa3b4        0x4 ym/minar/source/minar.a(minar.cpp.o)
 .bss._ZGVZN5minar13SchedulerData5startEvE14Warn_Lag_Ticks
                0x1fffa3b8        0x4 ym/minar/source/minar.a(minar.cpp.o)
 .bss.stdio_uart_inited
                0x1fffa3bc        0x4 ym/mbed-hal-ksdk-mcu/source/mbed-hal-ksdk-mcu.a(serial_api.c.o)
                0x1fffa3bc                stdio_uart_inited
 .bss.serial_irq_ids
                0x1fffa3c0       0x14 ym/mbed-hal-ksdk-mcu/source/mbed-hal-ksdk-mcu.a(serial_api.c.o)
 .bss.irq_handler
                0x1fffa3d4        0x4 ym/mbed-hal-ksdk-mcu/source/mbed-hal-ksdk-mcu.a(serial_api.c.o)
 .bss.us_ticker_inited
                0x1fffa3d8        0x4 ym/mbed-hal-ksdk-mcu/source/mbed-hal-ksdk-mcu.a(us_ticker.c.o)
 .bss.events    0x1fffa3dc        0x8 ym/mbed-drivers/source/mbed-drivers.a(us_ticker_api.c.o)
 .bss.lp_ticker_inited
                0x1fffa3e4        0x4 ym/mbed-hal-ksdk-mcu/source/mbed-hal-ksdk-mcu.a(lp_ticker.c.o)
 .bss.lp_lptmr_schedule_ticks
                0x1fffa3e8        0x4 ym/mbed-hal-ksdk-mcu/source/mbed-hal-ksdk-mcu.a(lp_ticker.c.o)
 .bss._gm_      0x1fffa3ec      0x1d8 ym/dlmalloc/source/dlmalloc.a(dlmalloc.c.o)
 .bss.mparams   0x1fffa5c4       0x18 ym/dlmalloc/source/dlmalloc.a(dlmalloc.c.o)
 .bss.__new_handler
                0x1fffa5dc        0x4 c:/progra~2/gnutoo~1/4f412~1.820/bin/../lib/gcc/arm-none-eabi/4.8.4/../../../../arm-none-eabi/lib/armv7e-m\libstdc++_s.a(new_handler.o)
                0x1fffa5dc                __new_handler
 .bss.lp_ticker_lptmr_scheduled_flag
                0x1fffa5e0        0x1 ym/mbed-hal-ksdk-mcu/source/mbed-hal-ksdk-mcu.a(lp_ticker.c.o)
 .bss           0x1fffa5e1        0x4 ym/uvisor-lib/source/uvisor-lib.a(uvisor-GCC_ARM.s.obj)
                0x1fffa5e1                uvisor_ctx
 *(SORT(COMMON))
 *fill*         0x1fffa5e5        0x3 
 COMMON         0x1fffa5e8       0x40 ym/mbed-hal-ksdk-mcu/source/mbed-hal-ksdk-mcu.a(serial_api.c.o)
                0x1fffa5e8                stdio_uart
 COMMON         0x1fffa628        0x4 c:/progra~2/gnutoo~1/4f412~1.820/bin/../lib/gcc/arm-none-eabi/4.8.4/../../../../arm-none-eabi/lib/armv7e-m\libc_s.a(lib_a-reent.o)
                0x1fffa628                errno
                0x1fffa62c                __bss_end__ = .

.heap           0x1fffa630    0x359d0
                0x1fffa630                __end__ = .
                0x1fffa630                end = __end__
 *(SORT(.heap*))
 .heap          0x1fffa630      0x400 ym/mbed-hal-k64f/source/mbed-hal-k64f.a(startup_MK64F12.S.obj)
                0x1fffa630                __HeapBase
                0x20030000                . = (. + ((ORIGIN (RAM) + 0x3fe00) - .))
 *fill*         0x1fffaa30    0x355d0 
                0x20030000                __HeapLimit = .
                0x000359d0                PROVIDE (__heap_size, SIZEOF (.heap))
                0x1fffa630                PROVIDE (__mbed_sbrk_start, ADDR (.heap))
                0x20030000                PROVIDE (__mbed_krbs_start, (ADDR (.heap) + SIZEOF (.heap)))
OUTPUT(source/mbed3 elf32-littlearm)

.ARM.attributes
                0x00000000       0x2a
 .ARM.attributes
                0x00000000       0x1e c:/progra~2/gnutoo~1/4f412~1.820/bin/../lib/gcc/arm-none-eabi/4.8.4/armv7e-m/crti.o
 .ARM.attributes
                0x0000001e       0x2e c:/progra~2/gnutoo~1/4f412~1.820/bin/../lib/gcc/arm-none-eabi/4.8.4/armv7e-m/crtbegin.o
 .ARM.attributes
                0x0000004c       0x1c c:/progra~2/gnutoo~1/4f412~1.820/bin/../lib/gcc/arm-none-eabi/4.8.4/../../../../arm-none-eabi/lib/armv7e-m/crt0.o
 .ARM.attributes
                0x00000068       0x33 source/CMakeFiles/mbed3.dir/C_/development/cpp/mbed3/source/app.cpp.o
 .ARM.attributes
                0x0000009b       0x33 ym/mbed-drivers/source/mbed-drivers.a(exit.c.o)
 .ARM.attributes
                0x000000ce       0x33 ym/mbed-drivers/source/mbed-drivers.a(gpio.c.o)
 .ARM.attributes
                0x00000101       0x33 ym/mbed-drivers/source/mbed-drivers.a(retarget.cpp.o)
 .ARM.attributes
                0x00000134       0x33 ym/mbed-drivers/source/mbed-drivers.a(board.c.o)
 .ARM.attributes
                0x00000167       0x33 ym/mbed-drivers/source/mbed-drivers.a(error.c.o)
 .ARM.attributes
                0x0000019a       0x33 ym/mbed-drivers/source/mbed-drivers.a(wait_api.c.o)
 .ARM.attributes
                0x000001cd       0x33 ym/minar/source/minar.a(minar.cpp.o)
 .ARM.attributes
                0x00000200       0x33 ym/core-util/source/core-util.a(PoolAllocator.cpp.o)
 .ARM.attributes
                0x00000233       0x33 ym/core-util/source/core-util.a(ExtendablePoolAllocator.cpp.o)
 .ARM.attributes
                0x00000266       0x33 ym/core-util/source/core-util.a(mbed-util_mbed.c.o)
 .ARM.attributes
                0x00000299       0x33 ym/mbed-hal-ksdk-mcu/source/mbed-hal-ksdk-mcu.a(fsl_gpio_hal.c.o)
 .ARM.attributes
                0x000002cc       0x33 ym/mbed-hal-ksdk-mcu/source/mbed-hal-ksdk-mcu.a(gpio_api.c.o)
 .ARM.attributes
                0x000002ff       0x33 ym/mbed-hal-ksdk-mcu/source/mbed-hal-ksdk-mcu.a(serial_api.c.o)
 .ARM.attributes
                0x00000332       0x33 ym/mbed-hal-ksdk-mcu/source/mbed-hal-ksdk-mcu.a(us_ticker.c.o)
 .ARM.attributes
                0x00000365       0x33 ym/mbed-hal-ksdk-mcu/source/mbed-hal-ksdk-mcu.a(pinmap.c.o)
 .ARM.attributes
                0x00000398       0x33 ym/mbed-hal-ksdk-mcu/source/mbed-hal-ksdk-mcu.a(fsl_clock_manager.c.o)
 .ARM.attributes
                0x000003cb       0x33 ym/mbed-hal-ksdk-mcu/source/mbed-hal-ksdk-mcu.a(fsl_mcg_hal.c.o)
 .ARM.attributes
                0x000003fe       0x33 ym/mbed-hal-ksdk-mcu/source/mbed-hal-ksdk-mcu.a(fsl_uart_hal.c.o)
 .ARM.attributes
                0x00000431       0x33 ym/mbed-hal-ksdk-mcu/source/mbed-hal-ksdk-mcu.a(fsl_sim_hal.c.o)
 .ARM.attributes
                0x00000464       0x33 ym/minar-platform-mbed/source/minar-platform-mbed.a(mbed_platform.cpp.o)
 .ARM.attributes
                0x00000497       0x1b ym/mbed-hal-k64f/source/mbed-hal-k64f.a(startup_MK64F12.S.obj)
 .ARM.attributes
                0x000004b2       0x33 ym/mbed-hal-k64f/source/mbed-hal-k64f.a(fsl_clock_K64F12.c.o)
 .ARM.attributes
                0x000004e5       0x33 ym/mbed-hal-k64f/source/mbed-hal-k64f.a(fsl_sim_hal_K64F12.c.o)
 .ARM.attributes
                0x00000518       0x33 ym/mbed-hal-frdm-k64f/source/mbed-hal-frdm-k64f.a(init_api.c.o)
 .ARM.attributes
                0x0000054b       0x33 ym/mbed-hal-frdm-k64f/source/mbed-hal-frdm-k64f.a(PeripheralPins.c.o)
 .ARM.attributes
                0x0000057e       0x33 ym/mbed-drivers/source/mbed-drivers.a(pinmap_common.c.o)
 .ARM.attributes
                0x000005b1       0x33 ym/mbed-drivers/source/mbed-drivers.a(us_ticker_api.c.o)
 .ARM.attributes
                0x000005e4       0x33 ym/mbed-drivers/source/mbed-drivers.a(ticker_api.c.o)
 .ARM.attributes
                0x00000617       0x33 ym/mbed-hal-ksdk-mcu/source/mbed-hal-ksdk-mcu.a(lp_ticker.c.o)
 .ARM.attributes
                0x0000064a       0x33 ym/mbed-hal-ksdk-mcu/source/mbed-hal-ksdk-mcu.a(fsl_rtc_hal.c.o)
 .ARM.attributes
                0x0000067d       0x33 ym/mbed-hal-ksdk-mcu/source/mbed-hal-ksdk-mcu.a(sleep.c.o)
 .ARM.attributes
                0x000006b0       0x33 ym/mbed-hal-ksdk-mcu/source/mbed-hal-ksdk-mcu.a(fsl_smc_hal.c.o)
 .ARM.attributes
                0x000006e3       0x33 ym/ualloc/source/ualloc.a(ualloc.c.o)
 .ARM.attributes
                0x00000716       0x33 ym/dlmalloc/source/dlmalloc.a(dlmalloc.c.o)
 .ARM.attributes
                0x00000749       0x33 ym/cmsis-core-k64f/source/cmsis-core-k64f.a(system_MK64F12.c.o)
 .ARM.attributes
                0x0000077c       0x33 ym/cmsis-core-k64f/source/cmsis-core-k64f.a(cmsis_nvic.c.o)
 .ARM.attributes
                0x000007af       0x21 ym/uvisor-lib/source/uvisor-lib.a(uvisor-GCC_ARM.s.obj)
 .ARM.attributes
                0x000007d0       0x33 ym/uvisor-lib/source/uvisor-lib.a(interrupts.cpp.o)
 .ARM.attributes
                0x00000803       0x2e c:/progra~2/gnutoo~1/4f412~1.820/bin/../lib/gcc/arm-none-eabi/4.8.4/../../../../arm-none-eabi/lib/armv7e-m\libstdc++_s.a(new_op.o)
 .ARM.attributes
                0x00000831       0x2e c:/progra~2/gnutoo~1/4f412~1.820/bin/../lib/gcc/arm-none-eabi/4.8.4/../../../../arm-none-eabi/lib/armv7e-m\libstdc++_s.a(del_op.o)
 .ARM.attributes
                0x0000085f       0x2e c:/progra~2/gnutoo~1/4f412~1.820/bin/../lib/gcc/arm-none-eabi/4.8.4/../../../../arm-none-eabi/lib/armv7e-m\libstdc++_s.a(new_handler.o)
 .ARM.attributes
                0x0000088d       0x1e c:/progra~2/gnutoo~1/4f412~1.820/bin/../lib/gcc/arm-none-eabi/4.8.4/armv7e-m\libgcc.a(_aeabi_uldivmod.o)
 .ARM.attributes
                0x000008ab       0x2e c:/progra~2/gnutoo~1/4f412~1.820/bin/../lib/gcc/arm-none-eabi/4.8.4/armv7e-m\libgcc.a(bpabi.o)
 .ARM.attributes
                0x000008d9       0x1e c:/progra~2/gnutoo~1/4f412~1.820/bin/../lib/gcc/arm-none-eabi/4.8.4/armv7e-m\libgcc.a(_dvmd_tls.o)
 .ARM.attributes
                0x000008f7       0x2e c:/progra~2/gnutoo~1/4f412~1.820/bin/../lib/gcc/arm-none-eabi/4.8.4/armv7e-m\libgcc.a(_divdi3.o)
 .ARM.attributes
                0x00000925       0x2e c:/progra~2/gnutoo~1/4f412~1.820/bin/../lib/gcc/arm-none-eabi/4.8.4/armv7e-m\libgcc.a(_udivdi3.o)
 .ARM.attributes
                0x00000953       0x2e c:/progra~2/gnutoo~1/4f412~1.820/bin/../lib/gcc/arm-none-eabi/4.8.4/../../../../arm-none-eabi/lib/armv7e-m\libc_s.a(lib_a-abort.o)
 .ARM.attributes
                0x00000981       0x2e c:/progra~2/gnutoo~1/4f412~1.820/bin/../lib/gcc/arm-none-eabi/4.8.4/../../../../arm-none-eabi/lib/armv7e-m\libc_s.a(lib_a-errno.o)
 .ARM.attributes
                0x000009af       0x2e c:/progra~2/gnutoo~1/4f412~1.820/bin/../lib/gcc/arm-none-eabi/4.8.4/../../../../arm-none-eabi/lib/armv7e-m\libc_s.a(lib_a-fflush.o)
 .ARM.attributes
                0x000009dd       0x2e c:/progra~2/gnutoo~1/4f412~1.820/bin/../lib/gcc/arm-none-eabi/4.8.4/../../../../arm-none-eabi/lib/armv7e-m\libc_s.a(lib_a-findfp.o)
 .ARM.attributes
                0x00000a0b       0x2e c:/progra~2/gnutoo~1/4f412~1.820/bin/../lib/gcc/arm-none-eabi/4.8.4/../../../../arm-none-eabi/lib/armv7e-m\libc_s.a(lib_a-fprintf.o)
 .ARM.attributes
                0x00000a39       0x2e c:/progra~2/gnutoo~1/4f412~1.820/bin/../lib/gcc/arm-none-eabi/4.8.4/../../../../arm-none-eabi/lib/armv7e-m\libc_s.a(lib_a-fwalk.o)
 .ARM.attributes
                0x00000a67       0x2e c:/progra~2/gnutoo~1/4f412~1.820/bin/../lib/gcc/arm-none-eabi/4.8.4/../../../../arm-none-eabi/lib/armv7e-m\libc_s.a(lib_a-impure.o)
 .ARM.attributes
                0x00000a95       0x2e c:/progra~2/gnutoo~1/4f412~1.820/bin/../lib/gcc/arm-none-eabi/4.8.4/../../../../arm-none-eabi/lib/armv7e-m\libc_s.a(lib_a-init.o)
 .ARM.attributes
                0x00000ac3       0x2e c:/progra~2/gnutoo~1/4f412~1.820/bin/../lib/gcc/arm-none-eabi/4.8.4/../../../../arm-none-eabi/lib/armv7e-m\libc_s.a(lib_a-malloc.o)
 .ARM.attributes
                0x00000af1       0x2e c:/progra~2/gnutoo~1/4f412~1.820/bin/../lib/gcc/arm-none-eabi/4.8.4/../../../../arm-none-eabi/lib/armv7e-m\libc_s.a(lib_a-memset.o)
 .ARM.attributes
                0x00000b1f       0x2e c:/progra~2/gnutoo~1/4f412~1.820/bin/../lib/gcc/arm-none-eabi/4.8.4/../../../../arm-none-eabi/lib/armv7e-m\libc_s.a(lib_a-signal.o)
 .ARM.attributes
                0x00000b4d       0x2e c:/progra~2/gnutoo~1/4f412~1.820/bin/../lib/gcc/arm-none-eabi/4.8.4/../../../../arm-none-eabi/lib/armv7e-m\libc_s.a(lib_a-signalr.o)
 .ARM.attributes
                0x00000b7b       0x2e c:/progra~2/gnutoo~1/4f412~1.820/bin/../lib/gcc/arm-none-eabi/4.8.4/../../../../arm-none-eabi/lib/armv7e-m\libc_s.a(lib_a-stdio.o)
 .ARM.attributes
                0x00000ba9       0x2e c:/progra~2/gnutoo~1/4f412~1.820/bin/../lib/gcc/arm-none-eabi/4.8.4/../../../../arm-none-eabi/lib/armv7e-m\libc_s.a(lib_a-strlen.o)
 .ARM.attributes
                0x00000bd7       0x2e c:/progra~2/gnutoo~1/4f412~1.820/bin/../lib/gcc/arm-none-eabi/4.8.4/../../../../arm-none-eabi/lib/armv7e-m\libc_s.a(lib_a-vfprintf.o)
 .ARM.attributes
                0x00000c05       0x2e c:/progra~2/gnutoo~1/4f412~1.820/bin/../lib/gcc/arm-none-eabi/4.8.4/../../../../arm-none-eabi/lib/armv7e-m\libc_s.a(lib_a-vfprintf_i.o)
 .ARM.attributes
                0x00000c33       0x2e c:/progra~2/gnutoo~1/4f412~1.820/bin/../lib/gcc/arm-none-eabi/4.8.4/../../../../arm-none-eabi/lib/armv7e-m\libc_s.a(lib_a-wbuf.o)
 .ARM.attributes
                0x00000c61       0x2e c:/progra~2/gnutoo~1/4f412~1.820/bin/../lib/gcc/arm-none-eabi/4.8.4/../../../../arm-none-eabi/lib/armv7e-m\libc_s.a(lib_a-writer.o)
 .ARM.attributes
                0x00000c8f       0x2e c:/progra~2/gnutoo~1/4f412~1.820/bin/../lib/gcc/arm-none-eabi/4.8.4/../../../../arm-none-eabi/lib/armv7e-m\libc_s.a(lib_a-wsetup.o)
 .ARM.attributes
                0x00000cbd       0x2e c:/progra~2/gnutoo~1/4f412~1.820/bin/../lib/gcc/arm-none-eabi/4.8.4/../../../../arm-none-eabi/lib/armv7e-m\libc_s.a(lib_a-closer.o)
 .ARM.attributes
                0x00000ceb       0x2e c:/progra~2/gnutoo~1/4f412~1.820/bin/../lib/gcc/arm-none-eabi/4.8.4/../../../../arm-none-eabi/lib/armv7e-m\libc_s.a(lib_a-lseekr.o)
 .ARM.attributes
                0x00000d19       0x2e c:/progra~2/gnutoo~1/4f412~1.820/bin/../lib/gcc/arm-none-eabi/4.8.4/../../../../arm-none-eabi/lib/armv7e-m\libc_s.a(lib_a-makebuf.o)
 .ARM.attributes
                0x00000d47       0x2e c:/progra~2/gnutoo~1/4f412~1.820/bin/../lib/gcc/arm-none-eabi/4.8.4/../../../../arm-none-eabi/lib/armv7e-m\libc_s.a(lib_a-memchr-stub.o)
 .ARM.attributes
                0x00000d75       0x2e c:/progra~2/gnutoo~1/4f412~1.820/bin/../lib/gcc/arm-none-eabi/4.8.4/../../../../arm-none-eabi/lib/armv7e-m\libc_s.a(lib_a-readr.o)
 .ARM.attributes
                0x00000da3       0x2e c:/progra~2/gnutoo~1/4f412~1.820/bin/../lib/gcc/arm-none-eabi/4.8.4/../../../../arm-none-eabi/lib/armv7e-m\libc_s.a(lib_a-reent.o)
 .ARM.attributes
                0x00000dd1       0x2e c:/progra~2/gnutoo~1/4f412~1.820/bin/../lib/gcc/arm-none-eabi/4.8.4/../../../../arm-none-eabi/lib/armv7e-m\libc_s.a(lib_a-fstatr.o)
 .ARM.attributes
                0x00000dff       0x2e c:/progra~2/gnutoo~1/4f412~1.820/bin/../lib/gcc/arm-none-eabi/4.8.4/../../../../arm-none-eabi/lib/armv7e-m\libc_s.a(lib_a-isattyr.o)
 .ARM.attributes
                0x00000e2d       0x33 ym/core-util/source/core-util.a(sbrk.cpp.o)
 .ARM.attributes
                0x00000e60       0x33 ym/ualloc/source/ualloc.a(malloc.c.o)
 .ARM.attributes
                0x00000e93       0x2e c:/progra~2/gnutoo~1/4f412~1.820/bin/../lib/gcc/arm-none-eabi/4.8.4/armv7e-m/crtend.o
 .ARM.attributes
                0x00000ec1       0x1e c:/progra~2/gnutoo~1/4f412~1.820/bin/../lib/gcc/arm-none-eabi/4.8.4/armv7e-m/crtn.o

.comment        0x00000000       0x70
 .comment       0x00000000       0x70 source/CMakeFiles/mbed3.dir/C_/development/cpp/mbed3/source/app.cpp.o
                                 0x71 (size before relaxing)
 .comment       0x00000000       0x71 ym/mbed-drivers/source/mbed-drivers.a(exit.c.o)
 .comment       0x00000000       0x71 ym/mbed-drivers/source/mbed-drivers.a(gpio.c.o)
 .comment       0x00000000       0x71 ym/mbed-drivers/source/mbed-drivers.a(retarget.cpp.o)
 .comment       0x00000000       0x71 ym/mbed-drivers/source/mbed-drivers.a(board.c.o)
 .comment       0x00000000       0x71 ym/mbed-drivers/source/mbed-drivers.a(error.c.o)
 .comment       0x00000000       0x71 ym/mbed-drivers/source/mbed-drivers.a(wait_api.c.o)
 .comment       0x00000000       0x71 ym/minar/source/minar.a(minar.cpp.o)
 .comment       0x00000000       0x71 ym/core-util/source/core-util.a(PoolAllocator.cpp.o)
 .comment       0x00000000       0x71 ym/core-util/source/core-util.a(ExtendablePoolAllocator.cpp.o)
 .comment       0x00000000       0x71 ym/core-util/source/core-util.a(mbed-util_mbed.c.o)
 .comment       0x00000000       0x71 ym/mbed-hal-ksdk-mcu/source/mbed-hal-ksdk-mcu.a(fsl_gpio_hal.c.o)
 .comment       0x00000000       0x71 ym/mbed-hal-ksdk-mcu/source/mbed-hal-ksdk-mcu.a(gpio_api.c.o)
 .comment       0x00000000       0x71 ym/mbed-hal-ksdk-mcu/source/mbed-hal-ksdk-mcu.a(serial_api.c.o)
 .comment       0x00000000       0x71 ym/mbed-hal-ksdk-mcu/source/mbed-hal-ksdk-mcu.a(us_ticker.c.o)
 .comment       0x00000000       0x71 ym/mbed-hal-ksdk-mcu/source/mbed-hal-ksdk-mcu.a(pinmap.c.o)
 .comment       0x00000000       0x71 ym/mbed-hal-ksdk-mcu/source/mbed-hal-ksdk-mcu.a(fsl_clock_manager.c.o)
 .comment       0x00000000       0x71 ym/mbed-hal-ksdk-mcu/source/mbed-hal-ksdk-mcu.a(fsl_mcg_hal.c.o)
 .comment       0x00000000       0x71 ym/mbed-hal-ksdk-mcu/source/mbed-hal-ksdk-mcu.a(fsl_uart_hal.c.o)
 .comment       0x00000000       0x71 ym/mbed-hal-ksdk-mcu/source/mbed-hal-ksdk-mcu.a(fsl_sim_hal.c.o)
 .comment       0x00000000       0x71 ym/minar-platform-mbed/source/minar-platform-mbed.a(mbed_platform.cpp.o)
 .comment       0x00000000       0x71 ym/mbed-hal-k64f/source/mbed-hal-k64f.a(fsl_clock_K64F12.c.o)
 .comment       0x00000000       0x71 ym/mbed-hal-k64f/source/mbed-hal-k64f.a(fsl_sim_hal_K64F12.c.o)
 .comment       0x00000000       0x71 ym/mbed-hal-frdm-k64f/source/mbed-hal-frdm-k64f.a(init_api.c.o)