Archive member included because of file (symbol)

ym/mbed-drivers/source/mbed-drivers.a(exit.c.o)
                              c:/progra~2/gnutoo~1/4f412~1.820/bin/../lib/gcc/arm-none-eabi/4.8.4/../../../../arm-none-eabi/lib/armv7e-m/crt0.o (exit)
ym/mbed-drivers/source/mbed-drivers.a(gpio.c.o)
                              source/CMakeFiles/mbed3.dir/C_/development/cpp/mbed3/source/app.cpp.o (gpio_init_out)
ym/mbed-drivers/source/mbed-drivers.a(retarget.cpp.o)
                              c:/progra~2/gnutoo~1/4f412~1.820/bin/../lib/gcc/arm-none-eabi/4.8.4/../../../../arm-none-eabi/lib/armv7e-m/crt0.o (__wrap_main)
ym/mbed-drivers/source/mbed-drivers.a(board.c.o)
                              ym/mbed-drivers/source/mbed-drivers.a(exit.c.o) (mbed_die)
ym/mbed-drivers/source/mbed-drivers.a(FilePath.cpp.o)
                              ym/mbed-drivers/source/mbed-drivers.a(retarget.cpp.o) (mbed::FilePath::FilePath(char const*))
ym/mbed-drivers/source/mbed-drivers.a(error.c.o)
                              ym/mbed-drivers/source/mbed-drivers.a(retarget.cpp.o) (error)
ym/mbed-drivers/source/mbed-drivers.a(wait_api.c.o)
                              ym/mbed-drivers/source/mbed-drivers.a(board.c.o) (wait_ms)
ym/mbed-drivers/source/mbed-drivers.a(FileSystemLike.cpp.o)
                              ym/mbed-drivers/source/mbed-drivers.a(retarget.cpp.o) (mbed::FileSystemLike::opendir())
ym/mbed-drivers/source/mbed-drivers.a(FileBase.cpp.o)
                              ym/mbed-drivers/source/mbed-drivers.a(FileSystemLike.cpp.o) (mbed::FileBase::~FileBase())
ym/minar/source/minar.a(minar.cpp.o)
                              source/CMakeFiles/mbed3.dir/C_/development/cpp/mbed3/source/app.cpp.o (minar::Scheduler::CallbackAdder::period(unsigned long))
ym/core-util/source/core-util.a(PoolAllocator.cpp.o)
                              ym/minar/source/minar.a(minar.cpp.o) (mbed::util::PoolAllocator::align_up(unsigned long, unsigned long))
ym/core-util/source/core-util.a(ExtendablePoolAllocator.cpp.o)
                              ym/minar/source/minar.a(minar.cpp.o) (mbed::util::ExtendablePoolAllocator::ExtendablePoolAllocator())
ym/core-util/source/core-util.a(mbed-util_mbed.c.o)
                              ym/minar/source/minar.a(minar.cpp.o) (mbed_util_runtime_error_internal)
ym/mbed-hal-ksdk-mcu/source/mbed-hal-ksdk-mcu.a(fsl_gpio_hal.c.o)
                              source/CMakeFiles/mbed3.dir/C_/development/cpp/mbed3/source/app.cpp.o (GPIO_HAL_WritePinOutput)
ym/mbed-hal-ksdk-mcu/source/mbed-hal-ksdk-mcu.a(gpio_api.c.o)
                              ym/mbed-drivers/source/mbed-drivers.a(gpio.c.o) (gpio_init)
ym/mbed-hal-ksdk-mcu/source/mbed-hal-ksdk-mcu.a(serial_api.c.o)
                              ym/mbed-drivers/source/mbed-drivers.a(retarget.cpp.o) (serial_init)
ym/mbed-hal-ksdk-mcu/source/mbed-hal-ksdk-mcu.a(us_ticker.c.o)
                              ym/mbed-drivers/source/mbed-drivers.a(wait_api.c.o) (us_ticker_read)
ym/mbed-hal-ksdk-mcu/source/mbed-hal-ksdk-mcu.a(pinmap.c.o)
                              ym/mbed-hal-ksdk-mcu/source/mbed-hal-ksdk-mcu.a(gpio_api.c.o) (pin_function)
ym/mbed-hal-ksdk-mcu/source/mbed-hal-ksdk-mcu.a(fsl_clock_manager.c.o)
                              ym/mbed-hal-ksdk-mcu/source/mbed-hal-ksdk-mcu.a(us_ticker.c.o) (CLOCK_SYS_GetFreq)
ym/mbed-hal-ksdk-mcu/source/mbed-hal-ksdk-mcu.a(fsl_mcg_hal.c.o)
                              ym/mbed-hal-ksdk-mcu/source/mbed-hal-ksdk-mcu.a(fsl_clock_manager.c.o) (CLOCK_HAL_GetFllRefClk)
ym/mbed-hal-ksdk-mcu/source/mbed-hal-ksdk-mcu.a(fsl_uart_hal.c.o)
                              ym/mbed-hal-ksdk-mcu/source/mbed-hal-ksdk-mcu.a(serial_api.c.o) (UART_HAL_Init)
ym/mbed-hal-ksdk-mcu/source/mbed-hal-ksdk-mcu.a(fsl_sim_hal.c.o)
                              ym/mbed-hal-ksdk-mcu/source/mbed-hal-ksdk-mcu.a(fsl_clock_manager.c.o) (CLOCK_HAL_SetSource)
ym/minar-platform-mbed/source/minar-platform-mbed.a(mbed_platform.cpp.o)
                              ym/minar/source/minar.a(minar.cpp.o) (minar::platform::init())
ym/mbed-hal-k64f/source/mbed-hal-k64f.a(startup_MK64F12.S.obj)
                              (Reset_Handler)
ym/mbed-hal-k64f/source/mbed-hal-k64f.a(fsl_clock_K64F12.c.o)
                              ym/mbed-hal-ksdk-mcu/source/mbed-hal-ksdk-mcu.a(serial_api.c.o) (CLOCK_SYS_GetUartFreq)
ym/mbed-hal-k64f/source/mbed-hal-k64f.a(fsl_sim_hal_K64F12.c.o)
                              ym/mbed-hal-ksdk-mcu/source/mbed-hal-ksdk-mcu.a(gpio_api.c.o) (SIM_HAL_EnablePortClock)
ym/mbed-hal-frdm-k64f/source/mbed-hal-frdm-k64f.a(init_api.c.o)
                              ym/mbed-drivers/source/mbed-drivers.a(retarget.cpp.o) (mbed_hal_init)
ym/mbed-hal-frdm-k64f/source/mbed-hal-frdm-k64f.a(PeripheralPins.c.o)
                              ym/mbed-hal-ksdk-mcu/source/mbed-hal-ksdk-mcu.a(serial_api.c.o) (PinMap_UART_RX)
ym/mbed-drivers/source/mbed-drivers.a(pinmap_common.c.o)
[...]
Memory Configuration

Name             Origin             Length             Attributes
VECTORS          0x00000000         0x00000400         xr
FLASH_PROTECTION 0x00000400         0x00000010         xr
FLASH            0x00000410         0x000ffbf0         xr
RAM              0x1fff0200         0x0003fe00         xrw
*default*        0x00000000         0xffffffff

Linker script and memory map

LOAD c:/progra~2/gnutoo~1/4f412~1.820/bin/../lib/gcc/arm-none-eabi/4.8.4/armv7e-m/crti.o
LOAD c:/progra~2/gnutoo~1/4f412~1.820/bin/../lib/gcc/arm-none-eabi/4.8.4/armv7e-m/crtbegin.o
LOAD c:/progra~2/gnutoo~1/4f412~1.820/bin/../lib/gcc/arm-none-eabi/4.8.4/../../../../arm-none-eabi/lib/armv7e-m/crt0.o
START GROUP
LOAD source/CMakeFiles/mbed3.dir/C_/development/cpp/mbed3/source/app.cpp.o
LOAD ym/mbed-drivers/source/mbed-drivers.a
LOAD ym/mbed-hal/yotta_dummy_lib_mbed_hal/mbed-hal.a
LOAD ym/minar/source/minar.a
LOAD ym/core-util/source/core-util.a
LOAD ym/mbed-hal-freescale/yotta_dummy_lib_mbed_hal_freescale/mbed-hal-freescale.a
LOAD ym/minar-platform/yotta_dummy_lib_minar_platform/minar-platform.a
LOAD ym/mbed-hal-ksdk-mcu/source/mbed-hal-ksdk-mcu.a
LOAD ym/minar-platform-mbed/source/minar-platform-mbed.a
LOAD ym/mbed-hal-k64f/source/mbed-hal-k64f.a
LOAD ym/mbed-hal-frdm-k64f/source/mbed-hal-frdm-k64f.a
LOAD ym/mbed-drivers/source/mbed-drivers.a
LOAD ym/mbed-hal/yotta_dummy_lib_mbed_hal/mbed-hal.a
LOAD ym/minar/source/minar.a
LOAD ym/core-util/source/core-util.a
LOAD ym/mbed-hal-freescale/yotta_dummy_lib_mbed_hal_freescale/mbed-hal-freescale.a
LOAD ym/minar-platform/yotta_dummy_lib_minar_platform/minar-platform.a
LOAD ym/mbed-hal-ksdk-mcu/source/mbed-hal-ksdk-mcu.a
LOAD ym/minar-platform-mbed/source/minar-platform-mbed.a
LOAD ym/mbed-hal-k64f/source/mbed-hal-k64f.a
LOAD ym/mbed-hal-frdm-k64f/source/mbed-hal-frdm-k64f.a
LOAD ym/compiler-polyfill/yotta_dummy_lib_compiler_polyfill/compiler-polyfill.a
LOAD ym/ualloc/source/ualloc.a
LOAD ym/dlmalloc/source/dlmalloc.a
LOAD ym/cmsis-core/yotta_dummy_lib_cmsis_core/cmsis-core.a
LOAD ym/cmsis-core-freescale/yotta_dummy_lib_cmsis_core_freescale/cmsis-core-freescale.a
LOAD ym/cmsis-core-k64f/source/cmsis-core-k64f.a
LOAD ym/cmsis-core/yotta_dummy_lib_cmsis_core/cmsis-core.a
LOAD ym/cmsis-core-freescale/yotta_dummy_lib_cmsis_core_freescale/cmsis-core-freescale.a
LOAD ym/cmsis-core-k64f/source/cmsis-core-k64f.a
LOAD ym/uvisor-lib/source/uvisor-lib.a
LOAD c:/progra~2/gnutoo~1/4f412~1.820/bin/../lib/gcc/arm-none-eabi/4.8.4/../../../../arm-none-eabi/lib/armv7e-m\libstdc++_s.a
LOAD c:/progra~2/gnutoo~1/4f412~1.820/bin/../lib/gcc/arm-none-eabi/4.8.4/../../../../arm-none-eabi/lib/armv7e-m\libsupc++_s.a
LOAD c:/progra~2/gnutoo~1/4f412~1.820/bin/../lib/gcc/arm-none-eabi/4.8.4/armv7e-m\libgcc.a
LOAD c:/progra~2/gnutoo~1/4f412~1.820/bin/../lib/gcc/arm-none-eabi/4.8.4/../../../../arm-none-eabi/lib/armv7e-m\libstdc++_s.a
LOAD c:/progra~2/gnutoo~1/4f412~1.820/bin/../lib/gcc/arm-none-eabi/4.8.4/../../../../arm-none-eabi/lib/armv7e-m\libsupc++_s.a
LOAD c:/progra~2/gnutoo~1/4f412~1.820/bin/../lib/gcc/arm-none-eabi/4.8.4/../../../../arm-none-eabi/lib/armv7e-m\libm.a
LOAD c:/progra~2/gnutoo~1/4f412~1.820/bin/../lib/gcc/arm-none-eabi/4.8.4/../../../../arm-none-eabi/lib/armv7e-m\libc_s.a
LOAD c:/progra~2/gnutoo~1/4f412~1.820/bin/../lib/gcc/arm-none-eabi/4.8.4/armv7e-m\libgcc.a
END GROUP
LOAD c:/progra~2/gnutoo~1/4f412~1.820/bin/../lib/gcc/arm-none-eabi/4.8.4/../../../../arm-none-eabi/lib/armv7e-m\libstdc++_s.a
LOAD c:/progra~2/gnutoo~1/4f412~1.820/bin/../lib/gcc/arm-none-eabi/4.8.4/../../../../arm-none-eabi/lib/armv7e-m\libm.a
LOAD c:/progra~2/gnutoo~1/4f412~1.820/bin/../lib/gcc/arm-none-eabi/4.8.4/../../../../arm-none-eabi/lib/armv7e-m\libc_s.a
START GROUP
LOAD c:/progra~2/gnutoo~1/4f412~1.820/bin/../lib/gcc/arm-none-eabi/4.8.4/armv7e-m\libgcc.a
LOAD c:/progra~2/gnutoo~1/4f412~1.820/bin/../lib/gcc/arm-none-eabi/4.8.4/../../../../arm-none-eabi/lib/armv7e-m\libc_s.a
END GROUP
START GROUP
LOAD c:/progra~2/gnutoo~1/4f412~1.820/bin/../lib/gcc/arm-none-eabi/4.8.4/armv7e-m\libgcc.a
LOAD c:/progra~2/gnutoo~1/4f412~1.820/bin/../lib/gcc/arm-none-eabi/4.8.4/../../../../arm-none-eabi/lib/armv7e-m\libc_s.a
END GROUP
LOAD c:/progra~2/gnutoo~1/4f412~1.820/bin/../lib/gcc/arm-none-eabi/4.8.4/armv7e-m/crtend.o
LOAD c:/progra~2/gnutoo~1/4f412~1.820/bin/../lib/gcc/arm-none-eabi/4.8.4/armv7e-m/crtn.o

.isr_vector     0x00000000      0x198
                0x00000000                __vector_table = .
 *(SORT(.vector_table))
 .vector_table  0x00000000      0x198 ym/mbed-hal-k64f/source/mbed-hal-k64f.a(startup_MK64F12.S.obj)
                0x00000000                __isr_vector
                0x00000198                . = ALIGN (0x4)

.flash_protect  0x00000400       0x10
 *(SORT(.kinetis_flash_config_field))
 .kinetis_flash_config_field
                0x00000400       0x10 ym/mbed-hal-k64f/source/mbed-hal-k64f.a(startup_MK64F12.S.obj)
                0x00000410                . = ALIGN (0x4)

.uvisor.bss     0x1fff0200     0x2000
 *(SORT(.uvisor.bss.main))
 .uvisor.bss.main
                0x1fff0200     0x2000 ym/uvisor-lib/source/uvisor-lib.a(uvisor-GCC_ARM.s.obj)
 *(SORT(.uvisor.bss.stack))
                0x1fff2200                __uvisor_bss_start = .
 *(SORT(.uvisor.bss*))
                0x1fff2200                __uvisor_bss_end = .

.uvisor.data    0x1fff2200        0x0 load address 0x00007040
                0x00007040                __uvisor_data_src = LOADADDR (.uvisor.data)
                0x1fff2200                . = ALIGN (0x20)
                0x1fff2200                __uvisor_data_start = .
 *(SORT(.uvisor.data))
                0x1fff2200                . = ALIGN (0x20)
                0x1fff2200                __uvisor_data_end = .

.text           0x00000420     0x6b80
 *(SORT(.uvisor.main))
 .uvisor.main   0x00000420     0x1600 ym/uvisor-lib/source/uvisor-lib.a(uvisor-GCC_ARM.s.obj)
                0x00000420                uvisor_init
                0x000019d4                uvisor_config
                0x00001a10                __uvisor_mode
 *(SORT(.text*))
 .text          0x00001a20       0x54 c:/progra~2/gnutoo~1/4f412~1.820/bin/../lib/gcc/arm-none-eabi/4.8.4/armv7e-m/crtbegin.o
 .text          0x00001a74       0x74 c:/progra~2/gnutoo~1/4f412~1.820/bin/../lib/gcc/arm-none-eabi/4.8.4/../../../../arm-none-eabi/lib/armv7e-m/crt0.o
                0x00001a74                _start
                0x00001a74                _mainCRTStartup
 .text.gpio_read
                0x00001ae8       0x34 source/CMakeFiles/mbed3.dir/C_/development/cpp/mbed3/source/app.cpp.o
 .text._ZN4mbed4util19FunctionPointerBindIvED2Ev
                0x00001b1c       0x20 source/CMakeFiles/mbed3.dir/C_/development/cpp/mbed3/source/app.cpp.o
                0x00001b1c                mbed::util::FunctionPointerBind<void>::~FunctionPointerBind()
                0x00001b1c                mbed::util::FunctionPointerBind<void>::~FunctionPointerBind()
 .text._ZN4mbed4util19FunctionPointerBaseIvED2Ev
                0x00001b3c        0xc source/CMakeFiles/mbed3.dir/C_/development/cpp/mbed3/source/app.cpp.o
                0x00001b3c                mbed::util::FunctionPointerBase<void>::~FunctionPointerBase()
                0x00001b3c                mbed::util::FunctionPointerBase<void>::~FunctionPointerBase()
 .text._ZN4mbed4util16FunctionPointer0IvED2Ev
                0x00001b48        0xc source/CMakeFiles/mbed3.dir/C_/development/cpp/mbed3/source/app.cpp.o
                0x00001b48                mbed::util::FunctionPointer0<void>::~FunctionPointer0()
                0x00001b48                mbed::util::FunctionPointer0<void>::~FunctionPointer0()
 .text._ZN4mbed4util19FunctionPointerBindIvE5clearEv
                0x00001b54       0x24 source/CMakeFiles/mbed3.dir/C_/development/cpp/mbed3/source/app.cpp.o
                0x00001b54                mbed::util::FunctionPointerBind<void>::clear()
 .text._ZN4mbed4util19FunctionPointerBaseIvED0Ev
                0x00001b78       0x14 source/CMakeFiles/mbed3.dir/C_/development/cpp/mbed3/source/app.cpp.o
                0x00001b78                mbed::util::FunctionPointerBase<void>::~FunctionPointerBase()
 .text._ZN4mbed4util16FunctionPointer0IvED0Ev
                0x00001b8c       0x14 source/CMakeFiles/mbed3.dir/C_/development/cpp/mbed3/source/app.cpp.o
                0x00001b8c                mbed::util::FunctionPointer0<void>::~FunctionPointer0()
 .text.gpio_write
                0x00001ba0       0x34 source/CMakeFiles/mbed3.dir/C_/development/cpp/mbed3/source/app.cpp.o
 .text._ZL6blinkyv
                0x00001bd4       0x94 source/CMakeFiles/mbed3.dir/C_/development/cpp/mbed3/source/app.cpp.o
 .text._ZN4mbed4util19FunctionPointerBindIvE4bindINS0_16FunctionPointer0IvE10arg_structEEERS2_PKNS0_19FunctionPointerBaseIvE6ArgOpsEPT_PS9_z
                0x00001c68       0x64 source/CMakeFiles/mbed3.dir/C_/development/cpp/mbed3/source/app.cpp.o
                0x00001c68                mbed::util::FunctionPointerBind<void>& mbed::util::FunctionPointerBind<void>::bind<mbed::util::FunctionPointer0<void>::arg_struct>(mbed::util::FunctionPointerBase<void>::ArgOps const*, mbed::util::FunctionPointer0<void>::arg_struct*, mbed::util::FunctionPointerBase<void>*, ...)
 .text.app_start
                0x00001ccc       0x64 source/CMakeFiles/mbed3.dir/C_/development/cpp/mbed3/source/app.cpp.o
                0x00001ccc                app_start
 .text.exit     0x00001d30       0x24 ym/mbed-drivers/source/mbed-drivers.a(exit.c.o)
                0x00001d30                exit
 .text.gpio_write
                0x00001d54       0x34 ym/mbed-drivers/source/mbed-drivers.a(gpio.c.o)
 .text._ZN4mbed4util16FunctionPointer2IviPPcED2Ev
                0x00001d88        0xc ym/mbed-drivers/source/mbed-drivers.a(retarget.cpp.o)
                0x00001d88                mbed::util::FunctionPointer2<void, int, char**>::~FunctionPointer2()
                0x00001d88                mbed::util::FunctionPointer2<void, int, char**>::~FunctionPointer2()
 .text._ZN4mbed4util16FunctionPointer2IviPPcED0Ev
                0x00001d94       0x14 ym/mbed-drivers/source/mbed-drivers.a(retarget.cpp.o)
                0x00001d94                mbed::util::FunctionPointer2<void, int, char**>::~FunctionPointer2()
 .text._ZL11init_serialv
                0x00001da8       0x20 ym/mbed-drivers/source/mbed-drivers.a(retarget.cpp.o)
 .text._close   0x00001dc8       0x30 ym/mbed-drivers/source/mbed-drivers.a(retarget.cpp.o)
                0x00001dc8                _close
 .text._write   0x00001df8       0x50 ym/mbed-drivers/source/mbed-drivers.a(retarget.cpp.o)
                0x00001df8                _write
 .text._read    0x00001e48       0x44 ym/mbed-drivers/source/mbed-drivers.a(retarget.cpp.o)
                0x00001e48                _read
 .text._isatty  0x00001e8c       0x28 ym/mbed-drivers/source/mbed-drivers.a(retarget.cpp.o)
                0x00001e8c                _isatty
 .text._lseek   0x00001eb4       0x28 ym/mbed-drivers/source/mbed-drivers.a(retarget.cpp.o)
                0x00001eb4                _lseek
 .text._ZN4mbed4util19FunctionPointerBindIvE4bindINS0_16FunctionPointer2IviPPcE10arg_structEEERS2_PKNS0_19FunctionPointerBaseIvE6ArgOpsEPT_PSB_z
                0x00001edc       0x64 ym/mbed-drivers/source/mbed-drivers.a(retarget.cpp.o)
                0x00001edc                mbed::util::FunctionPointerBind<void>& mbed::util::FunctionPointerBind<void>::bind<mbed::util::FunctionPointer2<void, int, char**>::arg_struct>(mbed::util::FunctionPointerBase<void>::ArgOps const*, mbed::util::FunctionPointer2<void, int, char**>::arg_struct*, mbed::util::FunctionPointerBase<void>*, ...)
 .text.startup.main
                0x00001f40       0x6c ym/mbed-drivers/source/mbed-drivers.a(retarget.cpp.o)
                0x00001f40                main
 .text.gpio_write
                0x00001fac       0x34 ym/mbed-drivers/source/mbed-drivers.a(board.c.o)
 .text.error    0x00001fe0       0x20 ym/mbed-drivers/source/mbed-drivers.a(error.c.o)
                0x00001fe0                error
 .text._ZN5minar12CallbackNode13get_allocatorEv
                0x00002000       0x58 ym/minar/source/minar.a(minar.cpp.o)
                0x00002000                minar::CallbackNode::get_allocator()
 .text._ZN4mbed4util19FunctionPointerBindIvEC2ERKS2_
                0x00002058       0x4c ym/minar/source/minar.a(minar.cpp.o)
                0x00002058                mbed::util::FunctionPointerBind<void>::FunctionPointerBind(mbed::util::FunctionPointerBind<void> const&)
                0x00002058                mbed::util::FunctionPointerBind<void>::FunctionPointerBind(mbed::util::FunctionPointerBind<void> const&)
 .text._ZNK4mbed4util10BinaryHeapIPN5minar12CallbackNodeENS2_13SchedulerData19CallbackNodeCompareEE8get_rootEv
                0x000020a4       0x28 ym/minar/source/minar.a(minar.cpp.o)
                0x000020a4                mbed::util::BinaryHeap<minar::CallbackNode*, minar::SchedulerData::CallbackNodeCompare>::get_root() const
 .text._ZN5minar13SchedulerDataC2Ev
                0x000020cc       0x60 ym/minar/source/minar.a(minar.cpp.o)
                0x000020cc                minar::SchedulerData::SchedulerData()
                0x000020cc                minar::SchedulerData::SchedulerData()
 .text._ZN5minar9Scheduler8instanceEv
                0x0000212c       0x34 ym/minar/source/minar.a(minar.cpp.o)
                0x0000212c                minar::Scheduler::instance()
 .text._ZN5minar9Scheduler12postCallbackERKN4mbed4util19FunctionPointerBindIvEE
                0x00002160       0x34 ym/minar/source/minar.a(minar.cpp.o)
                0x00002160                minar::Scheduler::postCallback(mbed::util::FunctionPointerBind<void> const&)
 .text._ZN5minar13SchedulerData5startEv
                0x00002194      0x188 ym/minar/source/minar.a(minar.cpp.o)
                0x00002194                minar::SchedulerData::start()
 .text._ZN5minar9Scheduler5startEv
                0x0000231c       0x18 ym/minar/source/minar.a(minar.cpp.o)
                0x0000231c                minar::Scheduler::start()
 .text._ZN5minar13SchedulerData11postGenericEN4mbed4util19FunctionPointerBindIvEEmmm
                0x00002334       0x5c ym/minar/source/minar.a(minar.cpp.o)
                0x00002334                minar::SchedulerData::postGeneric(mbed::util::FunctionPointerBind<void>, unsigned long, unsigned long, unsigned long)
 .text.mbed_util_runtime_error_internal
                0x00002390       0x38 ym/core-util/source/core-util.a(mbed-util_mbed.c.o)
                0x00002390                mbed_util_runtime_error_internal
 .text.gpio_init
                0x000023c8       0x5c ym/mbed-hal-ksdk-mcu/source/mbed-hal-ksdk-mcu.a(gpio_api.c.o)
                0x000023c8                gpio_init
 .text.gpio_dir
                0x00002424       0x44 ym/mbed-hal-ksdk-mcu/source/mbed-hal-ksdk-mcu.a(gpio_api.c.o)
                0x00002424                gpio_dir
 .text.uart_irq
                0x00002468       0x34 ym/mbed-hal-ksdk-mcu/source/mbed-hal-ksdk-mcu.a(serial_api.c.o)
 .text.uart1_irq
                0x0000249c       0x34 ym/mbed-hal-ksdk-mcu/source/mbed-hal-ksdk-mcu.a(serial_api.c.o)
                0x0000249c                uart1_irq
 .text.uart2_irq
                0x000024d0       0x34 ym/mbed-hal-ksdk-mcu/source/mbed-hal-ksdk-mcu.a(serial_api.c.o)
                0x000024d0                uart2_irq
 .text.uart3_irq
                0x00002504       0x34 ym/mbed-hal-ksdk-mcu/source/mbed-hal-ksdk-mcu.a(serial_api.c.o)
                0x00002504                uart3_irq
 .text.uart4_irq
                0x00002538       0x34 ym/mbed-hal-ksdk-mcu/source/mbed-hal-ksdk-mcu.a(serial_api.c.o)
                0x00002538                uart4_irq
 .text.uart0_irq
                0x0000256c       0x48 ym/mbed-hal-ksdk-mcu/source/mbed-hal-ksdk-mcu.a(serial_api.c.o)
                0x0000256c                uart0_irq
 .text.serial_init
                0x000025b4      0x184 ym/mbed-hal-ksdk-mcu/source/mbed-hal-ksdk-mcu.a(serial_api.c.o)
                0x000025b4                serial_init
 .text.PIT_HAL_SetTimerPeriodByCount.constprop.4
                0x00002738       0x18 ym/mbed-hal-ksdk-mcu/source/mbed-hal-ksdk-mcu.a(us_ticker.c.o)
 .text.PIT_HAL_StartTimer.constprop.6
                0x00002750       0x1c ym/mbed-hal-ksdk-mcu/source/mbed-hal-ksdk-mcu.a(us_ticker.c.o)
 .text.us_ticker_init
                0x0000276c       0xd4 ym/mbed-hal-ksdk-mcu/source/mbed-hal-ksdk-mcu.a(us_ticker.c.o)
                0x0000276c                us_ticker_init
 .text.us_ticker_read
                0x00002840       0x1c ym/mbed-hal-ksdk-mcu/source/mbed-hal-ksdk-mcu.a(us_ticker.c.o)
                0x00002840                us_ticker_read
 .text.us_ticker_disable_interrupt
                0x0000285c       0x18 ym/mbed-hal-ksdk-mcu/source/mbed-hal-ksdk-mcu.a(us_ticker.c.o)
                0x0000285c                us_ticker_disable_interrupt
 .text.us_ticker_clear_interrupt
                0x00002874       0x18 ym/mbed-hal-ksdk-mcu/source/mbed-hal-ksdk-mcu.a(us_ticker.c.o)
                0x00002874                us_ticker_clear_interrupt
 .text.us_ticker_set_interrupt
                0x0000288c       0x60 ym/mbed-hal-ksdk-mcu/source/mbed-hal-ksdk-mcu.a(us_ticker.c.o)
                0x0000288c                us_ticker_set_interrupt
 .text.pin_function
                0x000028ec       0x64 ym/mbed-hal-ksdk-mcu/source/mbed-hal-ksdk-mcu.a(pinmap.c.o)
                0x000028ec                pin_function
 .text.pin_mode
                0x00002950       0x80 ym/mbed-hal-ksdk-mcu/source/mbed-hal-ksdk-mcu.a(pinmap.c.o)
                0x00002950                pin_mode
 .text.CLOCK_SYS_GetFreq
                0x000029d0       0x90 ym/mbed-hal-ksdk-mcu/source/mbed-hal-ksdk-mcu.a(fsl_clock_manager.c.o)
                0x000029d0                CLOCK_SYS_GetFreq
 .text.CLOCK_SYS_GetSysClkFreq
                0x00002a60       0x54 ym/mbed-hal-ksdk-mcu/source/mbed-hal-ksdk-mcu.a(fsl_clock_manager.c.o)
                0x00002a60                CLOCK_SYS_GetSysClkFreq
 .text.CLOCK_HAL_GetFllRefClk
                0x00002ab4       0x6c ym/mbed-hal-ksdk-mcu/source/mbed-hal-ksdk-mcu.a(fsl_mcg_hal.c.o)
                0x00002ab4                CLOCK_HAL_GetFllRefClk
 .text.CLOCK_HAL_GetPll0Clk
                0x00002b20       0x44 ym/mbed-hal-ksdk-mcu/source/mbed-hal-ksdk-mcu.a(fsl_mcg_hal.c.o)
                0x00002b20                CLOCK_HAL_GetPll0Clk
 .text.CLOCK_HAL_GetInternalRefClk
                0x00002b64       0x30 ym/mbed-hal-ksdk-mcu/source/mbed-hal-ksdk-mcu.a(fsl_mcg_hal.c.o)
                0x00002b64                CLOCK_HAL_GetInternalRefClk
 .text.CLOCK_HAL_GetOutClk
                0x00002b94       0x7c ym/mbed-hal-ksdk-mcu/source/mbed-hal-ksdk-mcu.a(fsl_mcg_hal.c.o)
                0x00002b94                CLOCK_HAL_GetOutClk
 .text.CLOCK_HAL_SetSource
                0x00002c10       0xdc ym/mbed-hal-ksdk-mcu/source/mbed-hal-ksdk-mcu.a(fsl_sim_hal.c.o)
                0x00002c10                CLOCK_HAL_SetSource
 .text.CLOCK_HAL_GetDivider
                0x00002cec       0x7c ym/mbed-hal-ksdk-mcu/source/mbed-hal-ksdk-mcu.a(fsl_sim_hal.c.o)
                0x00002cec                CLOCK_HAL_GetDivider
 .text          0x00002d68       0x14 ym/mbed-hal-k64f/source/mbed-hal-k64f.a(startup_MK64F12.S.obj)
                0x00002d68                NMI_Handler
                0x00002d6a                HardFault_Handler
                0x00002d6c                MemManage_Handler
                0x00002d6e                BusFault_Handler
                0x00002d70                UsageFault_Handler
                0x00002d72                SVC_Handler
                0x00002d74                DebugMon_Handler
                0x00002d76                PendSV_Handler
                0x00002d78                SysTick_Handler
                0x00002d7a                I2C1_IRQHandler
                0x00002d7a                DMA2_IRQHandler
                0x00002d7a                ENET_Error_IRQHandler
                0x00002d7a                CAN0_Tx_Warning_IRQHandler
                0x00002d7a                PIT0_IRQHandler
                0x00002d7a                CAN0_ORed_Message_buffer_IRQHandler
                0x00002d7a                Watchdog_IRQHandler
                0x00002d7a                CMP2_IRQHandler
                0x00002d7a                ENET_Receive_IRQHandler
                0x00002d7a                ENET_1588_Timer_IRQHandler
                0x00002d7a                UART2_RX_TX_IRQHandler
                0x00002d7a                SWI_IRQHandler
                0x00002d7a                ADC0_IRQHandler
                0x00002d7a                UART0_RX_TX_IRQHandler
                0x00002d7a                I2S0_Tx_IRQHandler
                0x00002d7a                CMT_IRQHandler
                0x00002d7a                UART4_RX_TX_IRQHandler
                0x00002d7a                SPI1_IRQHandler
                0x00002d7a                DefaultISR
                0x00002d7a                DMA9_IRQHandler
                0x00002d7a                DMA14_IRQHandler
                0x00002d7a                CMP1_IRQHandler
                0x00002d7a                Reserved71_IRQHandler
                0x00002d7a                I2C0_IRQHandler
                0x00002d7a                PORTB_IRQHandler
                0x00002d7a                UART3_RX_TX_IRQHandler
                0x00002d7a                ADC1_IRQHandler
                0x00002d7a                I2C2_IRQHandler
                0x00002d7a                PIT2_IRQHandler
                0x00002d7a                I2S0_Rx_IRQHandler
                0x00002d7a                LPTimer_IRQHandler
                0x00002d7a                DMA5_IRQHandler
                0x00002d7a                RTC_IRQHandler
                0x00002d7a                PDB0_IRQHandler
                0x00002d7a                FTM1_IRQHandler
                0x00002d7a                UART5_RX_TX_IRQHandler
                0x00002d7a                UART3_ERR_IRQHandler
                0x00002d7a                PIT3_IRQHandler
                0x00002d7a                SDHC_IRQHandler
                0x00002d7a                RTC_Seconds_IRQHandler
                0x00002d7a                MCG_IRQHandler
                0x00002d7a                FTFE_IRQHandler
                0x00002d7a                UART2_ERR_IRQHandler
                0x00002d7a                DMA11_IRQHandler
                0x00002d7a                UART5_ERR_IRQHandler
                0x00002d7a                Read_Collision_IRQHandler
                0x00002d7a                Default_Handler
                0x00002d7a                DMA7_IRQHandler
                0x00002d7a                ENET_Transmit_IRQHandler
                0x00002d7a                USBDCD_IRQHandler
                0x00002d7a                USB0_IRQHandler
                0x00002d7a                LLW_IRQHandler
                0x00002d7a                SPI2_IRQHandler
                0x00002d7a                UART4_ERR_IRQHandler
                0x00002d7a                PORTD_IRQHandler
                0x00002d7a                DMA13_IRQHandler
                0x00002d7a                DMA3_IRQHandler
                0x00002d7a                UART0_LON_IRQHandler
                0x00002d7a                RNG_IRQHandler
                0x00002d7a                DMA0_IRQHandler
                0x00002d7a                DMA15_IRQHandler
                0x00002d7a                DAC0_IRQHandler
                0x00002d7a                CAN0_Error_IRQHandler
                0x00002d7a                DMA4_IRQHandler
                0x00002d7a                PIT1_IRQHandler
                0x00002d7a                UART0_ERR_IRQHandler
                0x00002d7a                DMA_Error_IRQHandler
                0x00002d7a                LVD_LVW_IRQHandler
                0x00002d7a                SPI0_IRQHandler
                0x00002d7a                FTM0_IRQHandler
                0x00002d7a                PORTA_IRQHandler
                0x00002d7a                DAC1_IRQHandler
                0x00002d7a                MCM_IRQHandler
                0x00002d7a                DMA12_IRQHandler
                0x00002d7a                CAN0_Bus_Off_IRQHandler
                0x00002d7a                FTM3_IRQHandler
                0x00002d7a                PORTE_IRQHandler
                0x00002d7a                FTM2_IRQHandler
                0x00002d7a                CAN0_Rx_Warning_IRQHandler
                0x00002d7a                DMA8_IRQHandler
                0x00002d7a                DMA10_IRQHandler
                0x00002d7a                CAN0_Wake_Up_IRQHandler
                0x00002d7a                UART1_ERR_IRQHandler
                0x00002d7a                UART1_RX_TX_IRQHandler
                0x00002d7a                CMP0_IRQHandler
                0x00002d7a                PORTC_IRQHandler
                0x00002d7a                DMA6_IRQHandler
                0x00002d7a                DMA1_IRQHandler
 .text.Reset_Handler
                0x00002d7c       0x60 ym/mbed-hal-k64f/source/mbed-hal-k64f.a(startup_MK64F12.S.obj)
                0x00002d7c                Reset_Handler
 .text.SIM_HAL_EnablePortClock
                0x00002ddc       0x50 ym/mbed-hal-k64f/source/mbed-hal-k64f.a(fsl_sim_hal_K64F12.c.o)
                0x00002ddc                SIM_HAL_EnablePortClock
 .text.SIM_HAL_EnablePitClock
                0x00002e2c       0x1c ym/mbed-hal-k64f/source/mbed-hal-k64f.a(fsl_sim_hal_K64F12.c.o)
                0x00002e2c                SIM_HAL_EnablePitClock
 .text.SIM_HAL_EnableLptimerClock
                0x00002e48       0x1c ym/mbed-hal-k64f/source/mbed-hal-k64f.a(fsl_sim_hal_K64F12.c.o)
                0x00002e48                SIM_HAL_EnableLptimerClock
 .text.SIM_HAL_EnableRtcClock
                0x00002e64       0x1c ym/mbed-hal-k64f/source/mbed-hal-k64f.a(fsl_sim_hal_K64F12.c.o)
                0x00002e64                SIM_HAL_EnableRtcClock
 .text.SIM_HAL_EnableUartClock
                0x00002e80       0x5c ym/mbed-hal-k64f/source/mbed-hal-k64f.a(fsl_sim_hal_K64F12.c.o)
                0x00002e80                SIM_HAL_EnableUartClock
 .text.pinmap_pinout
                0x00002edc       0x38 ym/mbed-drivers/source/mbed-drivers.a(pinmap_common.c.o)
                0x00002edc                pinmap_pinout
 .text.pinmap_merge
                0x00002f14       0x24 ym/mbed-drivers/source/mbed-drivers.a(pinmap_common.c.o)
                0x00002f14                pinmap_merge
 .text.pinmap_peripheral
                0x00002f38       0x20 ym/mbed-drivers/source/mbed-drivers.a(pinmap_common.c.o)
                0x00002f38                pinmap_peripheral
 .text.us_ticker_irq_handler
                0x00002f58        0xc ym/mbed-drivers/source/mbed-drivers.a(us_ticker_api.c.o)
                0x00002f58                us_ticker_irq_handler
 .text.RTC_HAL_SetAlarmIntCmd.constprop.0
                0x00002f64       0x18 ym/mbed-hal-ksdk-mcu/source/mbed-hal-ksdk-mcu.a(lp_ticker.c.o)
 .text.RTC_HAL_EnableCounter.constprop.2
                0x00002f7c       0x18 ym/mbed-hal-ksdk-mcu/source/mbed-hal-ksdk-mcu.a(lp_ticker.c.o)
 .text.RTC_HAL_GetPrescaler.constprop.5
                0x00002f94        0xc ym/mbed-hal-ksdk-mcu/source/mbed-hal-ksdk-mcu.a(lp_ticker.c.o)
 .text.RTC_HAL_SetAlarmReg.constprop.6
                0x00002fa0       0x18 ym/mbed-hal-ksdk-mcu/source/mbed-hal-ksdk-mcu.a(lp_ticker.c.o)
 .text.LPTMR_HAL_SetCompareValue.constprop.7
                0x00002fb8       0x24 ym/mbed-hal-ksdk-mcu/source/mbed-hal-ksdk-mcu.a(lp_ticker.c.o)
 .text.lptmr_isr
                0x00002fdc       0x18 ym/mbed-hal-ksdk-mcu/source/mbed-hal-ksdk-mcu.a(lp_ticker.c.o)
 .text.rct_isr  0x00002ff4       0x38 ym/mbed-hal-ksdk-mcu/source/mbed-hal-ksdk-mcu.a(lp_ticker.c.o)
 .text.lp_ticker_init
                0x0000302c      0x14c ym/mbed-hal-ksdk-mcu/source/mbed-hal-ksdk-mcu.a(lp_ticker.c.o)
                0x0000302c                lp_ticker_init
 .text.lp_ticker_read
                0x00003178       0x3c ym/mbed-hal-ksdk-mcu/source/mbed-hal-ksdk-mcu.a(lp_ticker.c.o)
                0x00003178                lp_ticker_read
 .text.lp_ticker_get_compare_match
                0x000031b4        0xc ym/mbed-hal-ksdk-mcu/source/mbed-hal-ksdk-mcu.a(lp_ticker.c.o)
                0x000031b4                lp_ticker_get_compare_match
 .text.lp_ticker_set_interrupt
                0x000031c0       0x7c ym/mbed-hal-ksdk-mcu/source/mbed-hal-ksdk-mcu.a(lp_ticker.c.o)
                0x000031c0                lp_ticker_set_interrupt
 .text.lp_ticker_sleep_until
                0x0000323c       0x2c ym/mbed-hal-ksdk-mcu/source/mbed-hal-ksdk-mcu.a(lp_ticker.c.o)
                0x0000323c                lp_ticker_sleep_until
 .text.mbed_enter_sleep
                0x00003268       0x38 ym/mbed-hal-ksdk-mcu/source/mbed-hal-ksdk-mcu.a(sleep.c.o)
                0x00003268                mbed_enter_sleep
 .text.mbed_ufree
                0x000032a0       0x1c ym/ualloc/source/ualloc.a(ualloc.c.o)
                0x000032a0                mbed_ufree
 .text.init_mparams
                0x000032bc       0x40 ym/dlmalloc/source/dlmalloc.a(dlmalloc.c.o)
 .text.init_top.constprop.16
                0x000032fc       0x38 ym/dlmalloc/source/dlmalloc.a(dlmalloc.c.o)
 .text.segment_holding.constprop.17
                0x00003334       0x20 ym/dlmalloc/source/dlmalloc.a(dlmalloc.c.o)
 .text.dlmalloc
                0x00003354      0xe24 ym/dlmalloc/source/dlmalloc.a(dlmalloc.c.o)
                0x00003354                dlmalloc
 .text.dlfree   0x00004178      0x45c ym/dlmalloc/source/dlmalloc.a(dlmalloc.c.o)
                0x00004178                dlfree
 .text.SystemInit
                0x000045d4      0x13c ym/cmsis-core-k64f/source/cmsis-core-k64f.a(system_MK64F12.c.o)
                0x000045d4                SystemInit
 .text.NVIC_SetVector
                0x00004710       0x40 ym/cmsis-core-k64f/source/cmsis-core-k64f.a(cmsis_nvic.c.o)
                0x00004710                NVIC_SetVector
 .text._Znwj    0x00004750       0x28 c:/progra~2/gnutoo~1/4f412~1.820/bin/../lib/gcc/arm-none-eabi/4.8.4/../../../../arm-none-eabi/lib/armv7e-m\libstdc++_s.a(new_op.o)
                0x00004750                operator new(unsigned int)
 .text          0x00004778       0x2c c:/progra~2/gnutoo~1/4f412~1.820/bin/../lib/gcc/arm-none-eabi/4.8.4/armv7e-m\libgcc.a(_aeabi_uldivmod.o)
                0x00004778                __aeabi_uldivmod
 .text          0x000047a4       0x60 c:/progra~2/gnutoo~1/4f412~1.820/bin/../lib/gcc/arm-none-eabi/4.8.4/armv7e-m\libgcc.a(bpabi.o)
                0x000047a4                __gnu_ldivmod_helper
                0x000047d4                __gnu_uldivmod_helper
 .text          0x00004804        0x4 c:/progra~2/gnutoo~1/4f412~1.820/bin/../lib/gcc/arm-none-eabi/4.8.4/armv7e-m\libgcc.a(_dvmd_tls.o)
                0x00004804                __aeabi_idiv0
                0x00004804                __aeabi_ldiv0
 .text          0x00004808      0x298 c:/progra~2/gnutoo~1/4f412~1.820/bin/../lib/gcc/arm-none-eabi/4.8.4/armv7e-m\libgcc.a(_divdi3.o)
                0x00004808                __divdi3
 .text          0x00004aa0      0x284 c:/progra~2/gnutoo~1/4f412~1.820/bin/../lib/gcc/arm-none-eabi/4.8.4/armv7e-m\libgcc.a(_udivdi3.o)
                0x00004aa0                __udivdi3
 .text.__errno  0x00004d24        0xc c:/progra~2/gnutoo~1/4f412~1.820/bin/../lib/gcc/arm-none-eabi/4.8.4/../../../../arm-none-eabi/lib/armv7e-m\libc_s.a(lib_a-errno.o)
                0x00004d24                __errno
 .text._fflush_r
                0x00004d30       0x54 c:/progra~2/gnutoo~1/4f412~1.820/bin/../lib/gcc/arm-none-eabi/4.8.4/../../../../arm-none-eabi/lib/armv7e-m\libc_s.a(lib_a-fflush.o)
                0x00004d30                _fflush_r
 .text.fflush   0x00004d84       0x24 c:/progra~2/gnutoo~1/4f412~1.820/bin/../lib/gcc/arm-none-eabi/4.8.4/../../../../arm-none-eabi/lib/armv7e-m\libc_s.a(lib_a-fflush.o)
                0x00004d84                fflush
 .text.std.isra.0
                0x00004da8       0x48 c:/progra~2/gnutoo~1/4f412~1.820/bin/../lib/gcc/arm-none-eabi/4.8.4/../../../../arm-none-eabi/lib/armv7e-m\libc_s.a(lib_a-findfp.o)
 .text.__sinit  0x00004df0       0x60 c:/progra~2/gnutoo~1/4f412~1.820/bin/../lib/gcc/arm-none-eabi/4.8.4/../../../../arm-none-eabi/lib/armv7e-m\libc_s.a(lib_a-findfp.o)
                0x00004df0                __sinit
 .text.__sfp    0x00004e50       0x74 c:/progra~2/gnutoo~1/4f412~1.820/bin/../lib/gcc/arm-none-eabi/4.8.4/../../../../arm-none-eabi/lib/armv7e-m\libc_s.a(lib_a-findfp.o)
                0x00004e50                __sfp
 .text.fprintf  0x00004ec4       0x24 c:/progra~2/gnutoo~1/4f412~1.820/bin/../lib/gcc/arm-none-eabi/4.8.4/../../../../arm-none-eabi/lib/armv7e-m\libc_s.a(lib_a-fprintf.o)
                0x00004ec4                fiprintf
                0x00004ec4                fprintf
 .text.__libc_init_array
                0x00004ee8       0x4c c:/progra~2/gnutoo~1/4f412~1.820/bin/../lib/gcc/arm-none-eabi/4.8.4/../../../../arm-none-eabi/lib/armv7e-m\libc_s.a(lib_a-init.o)
                0x00004ee8                __libc_init_array
 .text.malloc   0x00004f34       0x10 c:/progra~2/gnutoo~1/4f412~1.820/bin/../lib/gcc/arm-none-eabi/4.8.4/../../../../arm-none-eabi/lib/armv7e-m\libc_s.a(lib_a-malloc.o)
                0x00004f34                malloc
 .text.free     0x00004f44       0x10 c:/progra~2/gnutoo~1/4f412~1.820/bin/../lib/gcc/arm-none-eabi/4.8.4/../../../../arm-none-eabi/lib/armv7e-m\libc_s.a(lib_a-malloc.o)
                0x00004f44                free
 .text.printf   0x00004f54       0x30 c:/progra~2/gnutoo~1/4f412~1.820/bin/../lib/gcc/arm-none-eabi/4.8.4/../../../../arm-none-eabi/lib/armv7e-m\libc_s.a(lib_a-printf.o)
                0x00004f54                iprintf
                0x00004f54                printf
 .text.raise    0x00004f84       0x10 c:/progra~2/gnutoo~1/4f412~1.820/bin/../lib/gcc/arm-none-eabi/4.8.4/../../../../arm-none-eabi/lib/armv7e-m\libc_s.a(lib_a-signal.o)
                0x00004f84                raise
 .text._kill_r  0x00004f94       0x24 c:/progra~2/gnutoo~1/4f412~1.820/bin/../lib/gcc/arm-none-eabi/4.8.4/../../../../arm-none-eabi/lib/armv7e-m\libc_s.a(lib_a-signalr.o)
                0x00004f94                _kill_r
 .text._vfprintf_r
                0x00004fb8      0x208 c:/progra~2/gnutoo~1/4f412~1.820/bin/../lib/gcc/arm-none-eabi/4.8.4/../../../../arm-none-eabi/lib/armv7e-m\libc_s.a(lib_a-vfprintf.o)
                0x00004fb8                _vfprintf_r
                0x00004fb8                _vfiprintf_r
 .text.vfprintf
                0x000051c0       0x1c c:/progra~2/gnutoo~1/4f412~1.820/bin/../lib/gcc/arm-none-eabi/4.8.4/../../../../arm-none-eabi/lib/armv7e-m\libc_s.a(lib_a-vfprintf.o)
                0x000051c0                vfprintf
                0x000051c0                vfiprintf
 .text._printf_i
                0x000051dc      0x228 c:/progra~2/gnutoo~1/4f412~1.820/bin/../lib/gcc/arm-none-eabi/4.8.4/../../../../arm-none-eabi/lib/armv7e-m\libc_s.a(lib_a-vfprintf_i.o)
                0x000051dc                _printf_i
 .text.__swbuf_r
                0x00005404       0xa8 c:/progra~2/gnutoo~1/4f412~1.820/bin/../lib/gcc/arm-none-eabi/4.8.4/../../../../arm-none-eabi/lib/armv7e-m\libc_s.a(lib_a-wbuf.o)
                0x00005404                __swbuf_r
 .text._write_r
                0x000054ac       0x24 c:/progra~2/gnutoo~1/4f412~1.820/bin/../lib/gcc/arm-none-eabi/4.8.4/../../../../arm-none-eabi/lib/armv7e-m\libc_s.a(lib_a-writer.o)
                0x000054ac                _write_r
 .text.__swsetup_r
                0x000054d0       0xdc c:/progra~2/gnutoo~1/4f412~1.820/bin/../lib/gcc/arm-none-eabi/4.8.4/../../../../arm-none-eabi/lib/armv7e-m\libc_s.a(lib_a-wsetup.o)
                0x000054d0                __swsetup_r
 .text._close_r
                0x000055ac       0x20 c:/progra~2/gnutoo~1/4f412~1.820/bin/../lib/gcc/arm-none-eabi/4.8.4/../../../../arm-none-eabi/lib/armv7e-m\libc_s.a(lib_a-closer.o)
                0x000055ac                _close_r
 .text._lseek_r
                0x000055cc       0x24 c:/progra~2/gnutoo~1/4f412~1.820/bin/../lib/gcc/arm-none-eabi/4.8.4/../../../../arm-none-eabi/lib/armv7e-m\libc_s.a(lib_a-lseekr.o)
                0x000055cc                _lseek_r
 .text.__smakebuf_r
                0x000055f0       0x9c c:/progra~2/gnutoo~1/4f412~1.820/bin/../lib/gcc/arm-none-eabi/4.8.4/../../../../arm-none-eabi/lib/armv7e-m\libc_s.a(lib_a-makebuf.o)
                0x000055f0                __smakebuf_r
 .text._read_r  0x0000568c       0x24 c:/progra~2/gnutoo~1/4f412~1.820/bin/../lib/gcc/arm-none-eabi/4.8.4/../../../../arm-none-eabi/lib/armv7e-m\libc_s.a(lib_a-readr.o)
                0x0000568c                _read_r
 .text._fstat_r
                0x000056b0       0x24 c:/progra~2/gnutoo~1/4f412~1.820/bin/../lib/gcc/arm-none-eabi/4.8.4/../../../../arm-none-eabi/lib/armv7e-m\libc_s.a(lib_a-fstatr.o)
                0x000056b0                _fstat_r
 .text._isatty_r
                0x000056d4       0x20 c:/progra~2/gnutoo~1/4f412~1.820/bin/../lib/gcc/arm-none-eabi/4.8.4/../../../../arm-none-eabi/lib/armv7e-m\libc_s.a(lib_a-isattyr.o)
                0x000056d4                _isatty_r
 .text.mbed_sbrk
                0x000056f4       0x60 ym/core-util/source/core-util.a(sbrk.cpp.o)
                0x000056f4                mbed_sbrk
 .text.mbed_krbs_ex
                0x00005754       0x6c ym/core-util/source/core-util.a(sbrk.cpp.o)
                0x00005754                mbed_krbs_ex
 .text._ZN4mbed4util19FunctionPointerBaseIvE17_null_constructorEPvSt9__va_list
                0x000057c0        0x2 source/CMakeFiles/mbed3.dir/C_/development/cpp/mbed3/source/app.cpp.o
                0x000057c0                mbed::util::FunctionPointerBase<void>::_null_constructor(void*, std::__va_list)
 .text._ZN4mbed4util19FunctionPointerBaseIvE15_null_copy_argsEPvS3_
                0x000057c2        0x2 source/CMakeFiles/mbed3.dir/C_/development/cpp/mbed3/source/app.cpp.o
                0x000057c2                mbed::util::FunctionPointerBase<void>::_null_copy_args(void*, void*)
 .text._ZN4mbed4util19FunctionPointerBaseIvE16_null_destructorEPv
                0x000057c4        0x2 source/CMakeFiles/mbed3.dir/C_/development/cpp/mbed3/source/app.cpp.o
                0x000057c4                mbed::util::FunctionPointerBase<void>::_null_destructor(void*)
 .text._ZN4mbed4util16FunctionPointer0IvE12staticcallerEPvPjS3_
                0x000057c6        0x6 source/CMakeFiles/mbed3.dir/C_/development/cpp/mbed3/source/app.cpp.o
                0x000057c6                mbed::util::FunctionPointer0<void>::staticcaller(void*, unsigned int*, void*)
 .text._ZN4mbed4util19FunctionPointerBaseIvE5clearEv
                0x000057cc        0x8 source/CMakeFiles/mbed3.dir/C_/development/cpp/mbed3/source/app.cpp.o
                0x000057cc                mbed::util::FunctionPointerBase<void>::clear()
 .text._ZN4mbed4util19FunctionPointerBindIvED0Ev
                0x000057d4       0x12 source/CMakeFiles/mbed3.dir/C_/development/cpp/mbed3/source/app.cpp.o
                0x000057d4                mbed::util::FunctionPointerBind<void>::~FunctionPointerBind()
 .text.gpio_init_out_ex
                0x000057e6       0x2e ym/mbed-drivers/source/mbed-drivers.a(gpio.c.o)
                0x000057e6                gpio_init_out_ex
 .text.gpio_init_out
                0x00005814        0x6 ym/mbed-drivers/source/mbed-drivers.a(gpio.c.o)
                0x00005814                gpio_init_out
 .text._ZN4mbed4util16FunctionPointer2IviPPcE11constructorEPvSt9__va_list
                0x0000581a       0x10 ym/mbed-drivers/source/mbed-drivers.a(retarget.cpp.o)
                0x0000581a                mbed::util::FunctionPointer2<void, int, char**>::constructor(void*, std::__va_list)
 .text._ZN4mbed4util16FunctionPointer2IviPPcE16copy_constructorEPvS5_
                0x0000582a        0xc ym/mbed-drivers/source/mbed-drivers.a(retarget.cpp.o)
                0x0000582a                mbed::util::FunctionPointer2<void, int, char**>::copy_constructor(void*, void*)
 .text._ZN4mbed4util16FunctionPointer2IviPPcE10destructorEPv
                0x00005836        0x2 ym/mbed-drivers/source/mbed-drivers.a(retarget.cpp.o)
                0x00005836                mbed::util::FunctionPointer2<void, int, char**>::destructor(void*)
 .text._ZN4mbed4util16FunctionPointer2IviPPcE12staticcallerEPvPjS5_
                0x00005838        0xc ym/mbed-drivers/source/mbed-drivers.a(retarget.cpp.o)
                0x00005838                mbed::util::FunctionPointer2<void, int, char**>::staticcaller(void*, unsigned int*, void*)
 .text._fstat   0x00005844       0x1e ym/mbed-drivers/source/mbed-drivers.a(retarget.cpp.o)
                0x00005844                _fstat
 .text.__wrap_main
                0x00005862        0xe ym/mbed-drivers/source/mbed-drivers.a(retarget.cpp.o)
                0x00005862                __wrap_main
 .text._exit    0x00005870        0x4 ym/mbed-drivers/source/mbed-drivers.a(retarget.cpp.o)
                0x00005870                _exit
 .text._kill    0x00005874       0x10 ym/mbed-drivers/source/mbed-drivers.a(retarget.cpp.o)
                0x00005874                _kill
 .text._getpid  0x00005884        0x4 ym/mbed-drivers/source/mbed-drivers.a(retarget.cpp.o)
                0x00005884                _getpid
 .text.mbed_die
                0x00005888       0x2c ym/mbed-drivers/source/mbed-drivers.a(board.c.o)
                0x00005888                mbed_die
 .text.wait_us  0x000058b4       0x16 ym/mbed-drivers/source/mbed-drivers.a(wait_api.c.o)
                0x000058b4                wait_us
 .text.wait_ms  0x000058ca        0xa ym/mbed-drivers/source/mbed-drivers.a(wait_api.c.o)
                0x000058ca                wait_ms
 .text._ZN5minarL21smallestTimeIncrementEmmm
                0x000058d4       0x26 ym/minar/source/minar.a(minar.cpp.o)
 .text._ZN4mbed4util19CriticalSectionLockC2Ev
                0x000058fa        0xa ym/minar/source/minar.a(minar.cpp.o)
                0x000058fa                mbed::util::CriticalSectionLock::CriticalSectionLock()
                0x000058fa                mbed::util::CriticalSectionLock::CriticalSectionLock()
 .text._ZN5minar9Scheduler13CallbackAdder6periodEm
                0x00005904        0x4 ym/minar/source/minar.a(minar.cpp.o)
                0x00005904                minar::Scheduler::CallbackAdder::period(unsigned long)
 .text._ZNK5minar13SchedulerData19CallbackNodeCompareclERKPNS_12CallbackNodeES5_
                0x00005908       0x1a ym/minar/source/minar.a(minar.cpp.o)
                0x00005908                minar::SchedulerData::CallbackNodeCompare::operator()(minar::CallbackNode* const&, minar::CallbackNode* const&) const
 .text._ZN5minar12millisecondsEm
                0x00005922       0x16 ym/minar/source/minar.a(minar.cpp.o)
                0x00005922                minar::milliseconds(unsigned long)
 .text._ZN5minar9Scheduler13CallbackAdderC2ERS0_N4mbed4util19FunctionPointerBindIvEE
                0x00005938       0x22 ym/minar/source/minar.a(minar.cpp.o)
                0x00005938                minar::Scheduler::CallbackAdder::CallbackAdder(minar::Scheduler&, mbed::util::FunctionPointerBind<void>)
                0x00005938                minar::Scheduler::CallbackAdder::CallbackAdder(minar::Scheduler&, mbed::util::FunctionPointerBind<void>)
 .text._ZNK4mbed4util5ArrayIPN5minar12CallbackNodeEE19get_element_addressEj
                0x0000595a       0x18 ym/minar/source/minar.a(minar.cpp.o)
                0x0000595a                mbed::util::Array<minar::CallbackNode*>::get_element_address(unsigned int) const
 .text._ZN4mbed4util10BinaryHeapIPN5minar12CallbackNodeENS2_13SchedulerData19CallbackNodeCompareEE5_swapEjj
                0x00005972       0x34 ym/minar/source/minar.a(minar.cpp.o)
                0x00005972                mbed::util::BinaryHeap<minar::CallbackNode*, minar::SchedulerData::CallbackNodeCompare>::_swap(unsigned int, unsigned int)
 .text._ZN4mbed4util5ArrayIPN5minar12CallbackNodeEE8pop_backEv
                0x000059a6       0x28 ym/minar/source/minar.a(minar.cpp.o)
                0x000059a6                mbed::util::Array<minar::CallbackNode*>::pop_back()
 .text._ZN4mbed4util10BinaryHeapIPN5minar12CallbackNodeENS2_13SchedulerData19CallbackNodeCompareEE15_propagate_downEj
                0x000059ce       0xb6 ym/minar/source/minar.a(minar.cpp.o)
                0x000059ce                mbed::util::BinaryHeap<minar::CallbackNode*, minar::SchedulerData::CallbackNodeCompare>::_propagate_down(unsigned int)
 .text._ZNK4mbed4util5ArrayIPN5minar12CallbackNodeEE16create_new_arrayEjjPNS5_10array_linkE
                0x00005a84       0x26 ym/minar/source/minar.a(minar.cpp.o)
                0x00005a84                mbed::util::Array<minar::CallbackNode*>::create_new_array(unsigned int, unsigned int, mbed::util::Array<minar::CallbackNode*>::array_link*) const
 .text._ZN5minar9SchedulerC2Ev
                0x00005aaa       0x16 ym/minar/source/minar.a(minar.cpp.o)
                0x00005aaa                minar::Scheduler::Scheduler()
                0x00005aaa                minar::Scheduler::Scheduler()
 .text._ZN4mbed4util10BinaryHeapIPN5minar12CallbackNodeENS2_13SchedulerData19CallbackNodeCompareEE6insertERKS4_
                0x00005ac0       0xc6 ym/minar/source/minar.a(minar.cpp.o)
                0x00005ac0                mbed::util::BinaryHeap<minar::CallbackNode*, minar::SchedulerData::CallbackNodeCompare>::insert(minar::CallbackNode* const&)
 .text._ZN5minar9Scheduler13CallbackAdder9getHandleEv
                0x00005b86       0x50 ym/minar/source/minar.a(minar.cpp.o)
                0x00005b86                minar::Scheduler::CallbackAdder::getHandle()
 .text._ZN5minar9Scheduler13CallbackAdderD2Ev
                0x00005bd6       0x12 ym/minar/source/minar.a(minar.cpp.o)
                0x00005bd6                minar::Scheduler::CallbackAdder::~CallbackAdder()
                0x00005bd6                minar::Scheduler::CallbackAdder::~CallbackAdder()
 .text._ZN4mbed4util13PoolAllocator5allocEv
                0x00005be8       0x2c ym/core-util/source/core-util.a(PoolAllocator.cpp.o)
                0x00005be8                mbed::util::PoolAllocator::alloc()
 .text._ZNK4mbed4util13PoolAllocator4ownsEPv
                0x00005c14       0x16 ym/core-util/source/core-util.a(PoolAllocator.cpp.o)
                0x00005c14                mbed::util::PoolAllocator::owns(void*) const
 .text._ZN4mbed4util13PoolAllocator4freeEPv
                0x00005c2a       0x2e ym/core-util/source/core-util.a(PoolAllocator.cpp.o)
                0x00005c2a                mbed::util::PoolAllocator::free(void*)
 .text._ZN4mbed4util13PoolAllocator13get_pool_sizeEjjj
                0x00005c58        0xe ym/core-util/source/core-util.a(PoolAllocator.cpp.o)
                0x00005c58                mbed::util::PoolAllocator::get_pool_size(unsigned int, unsigned int, unsigned int)
 .text._ZN4mbed4util13PoolAllocator8align_upEmm
                0x00005c66        0xa ym/core-util/source/core-util.a(PoolAllocator.cpp.o)
                0x00005c66                mbed::util::PoolAllocator::align_up(unsigned long, unsigned long)
 .text._ZN4mbed4util13PoolAllocator5_initEv
                0x00005c70       0x1e ym/core-util/source/core-util.a(PoolAllocator.cpp.o)
                0x00005c70                mbed::util::PoolAllocator::_init()
 .text._ZN4mbed4util13PoolAllocatorC2EPvjjj
                0x00005c8e       0x20 ym/core-util/source/core-util.a(PoolAllocator.cpp.o)
                0x00005c8e                mbed::util::PoolAllocator::PoolAllocator(void*, unsigned int, unsigned int, unsigned int)
                0x00005c8e                mbed::util::PoolAllocator::PoolAllocator(void*, unsigned int, unsigned int, unsigned int)
 .text._ZN4mbed4util23ExtendablePoolAllocatorC2Ev
                0x00005cae        0x6 ym/core-util/source/core-util.a(ExtendablePoolAllocator.cpp.o)
                0x00005cae                mbed::util::ExtendablePoolAllocator::ExtendablePoolAllocator()
                0x00005cae                mbed::util::ExtendablePoolAllocator::ExtendablePoolAllocator()
 .text._ZN4mbed4util23ExtendablePoolAllocator4freeEPv
                0x00005cb4       0x26 ym/core-util/source/core-util.a(ExtendablePoolAllocator.cpp.o)
                0x00005cb4                mbed::util::ExtendablePoolAllocator::free(void*)
 .text._ZNK4mbed4util23ExtendablePoolAllocator15create_new_poolEjPNS1_9pool_linkE
                0x00005cda       0x44 ym/core-util/source/core-util.a(ExtendablePoolAllocator.cpp.o)
                0x00005cda                mbed::util::ExtendablePoolAllocator::create_new_pool(unsigned int, mbed::util::ExtendablePoolAllocator::pool_link*) const
 .text._ZN4mbed4util23ExtendablePoolAllocator4initEjjj12UAllocTraitsj
                0x00005d1e       0x38 ym/core-util/source/core-util.a(ExtendablePoolAllocator.cpp.o)
                0x00005d1e                mbed::util::ExtendablePoolAllocator::init(unsigned int, unsigned int, unsigned int, UAllocTraits, unsigned int)
 .text._ZN4mbed4util23ExtendablePoolAllocator5allocEv
                0x00005d56       0x58 ym/core-util/source/core-util.a(ExtendablePoolAllocator.cpp.o)
                0x00005d56                mbed::util::ExtendablePoolAllocator::alloc()
 .text.GPIO_HAL_SetPinDir
                0x00005dae       0x38 ym/mbed-hal-ksdk-mcu/source/mbed-hal-ksdk-mcu.a(fsl_gpio_hal.c.o)
                0x00005dae                GPIO_HAL_SetPinDir
 .text.GPIO_HAL_WritePinOutput
                0x00005de6       0x1c ym/mbed-hal-ksdk-mcu/source/mbed-hal-ksdk-mcu.a(fsl_gpio_hal.c.o)
                0x00005de6                GPIO_HAL_WritePinOutput
 .text.gpio_mode
                0x00005e02        0x6 ym/mbed-hal-ksdk-mcu/source/mbed-hal-ksdk-mcu.a(gpio_api.c.o)
                0x00005e02                gpio_mode
 .text.UART_HAL_EnableTransmitter
                0x00005e08       0x1a ym/mbed-hal-ksdk-mcu/source/mbed-hal-ksdk-mcu.a(serial_api.c.o)
 .text.UART_HAL_EnableReceiver
                0x00005e22       0x1a ym/mbed-hal-ksdk-mcu/source/mbed-hal-ksdk-mcu.a(serial_api.c.o)
 .text.UART_HAL_SetBitCountPerChar
                0x00005e3c       0x16 ym/mbed-hal-ksdk-mcu/source/mbed-hal-ksdk-mcu.a(serial_api.c.o)
 .text.UART_HAL_SetParityMode
                0x00005e52       0x1a ym/mbed-hal-ksdk-mcu/source/mbed-hal-ksdk-mcu.a(serial_api.c.o)
 .text.UART_HAL_SetStopBitCount
                0x00005e6c       0x16 ym/mbed-hal-ksdk-mcu/source/mbed-hal-ksdk-mcu.a(serial_api.c.o)
 .text.UART_HAL_GetTxDataRegEmptyIntCmd
                0x00005e82       0x14 ym/mbed-hal-ksdk-mcu/source/mbed-hal-ksdk-mcu.a(serial_api.c.o)
 .text.UART_HAL_GetRxDataRegFullIntCmd
                0x00005e96       0x14 ym/mbed-hal-ksdk-mcu/source/mbed-hal-ksdk-mcu.a(serial_api.c.o)
 .text.UART_HAL_IsTxDataRegEmpty
                0x00005eaa       0x14 ym/mbed-hal-ksdk-mcu/source/mbed-hal-ksdk-mcu.a(serial_api.c.o)
 .text.UART_HAL_IsRxDataRegFull
                0x00005ebe       0x14 ym/mbed-hal-ksdk-mcu/source/mbed-hal-ksdk-mcu.a(serial_api.c.o)
 .text.serial_readable
                0x00005ed2       0x1e ym/mbed-hal-ksdk-mcu/source/mbed-hal-ksdk-mcu.a(serial_api.c.o)
                0x00005ed2                serial_readable
 .text.serial_getc
                0x00005ef0       0x20 ym/mbed-hal-ksdk-mcu/source/mbed-hal-ksdk-mcu.a(serial_api.c.o)
                0x00005ef0                serial_getc
 .text.serial_writable
                0x00005f10       0x1e ym/mbed-hal-ksdk-mcu/source/mbed-hal-ksdk-mcu.a(serial_api.c.o)
                0x00005f10                serial_writable
 .text.serial_putc
                0x00005f2e       0x1c ym/mbed-hal-ksdk-mcu/source/mbed-hal-ksdk-mcu.a(serial_api.c.o)
                0x00005f2e                serial_putc
 .text.PORT_HAL_SetPullMode
                0x00005f4a       0x1a ym/mbed-hal-ksdk-mcu/source/mbed-hal-ksdk-mcu.a(pinmap.c.o)
 .text.PORT_HAL_SetPullCmd
                0x00005f64       0x1c ym/mbed-hal-ksdk-mcu/source/mbed-hal-ksdk-mcu.a(pinmap.c.o)
 .text.CLOCK_HAL_GetOscselMode
                0x00005f80        0xa ym/mbed-hal-ksdk-mcu/source/mbed-hal-ksdk-mcu.a(fsl_mcg_hal.c.o)
 .text.CLOCK_HAL_GetFllClk
                0x00005f8a       0x74 ym/mbed-hal-ksdk-mcu/source/mbed-hal-ksdk-mcu.a(fsl_mcg_hal.c.o)
                0x00005f8a                CLOCK_HAL_GetFllClk
 .text.UART_HAL_Init
                0x00005ffe      0x11c ym/mbed-hal-ksdk-mcu/source/mbed-hal-ksdk-mcu.a(fsl_uart_hal.c.o)
                0x00005ffe                UART_HAL_Init
 .text.UART_HAL_SetBaudRate
                0x0000611a       0x72 ym/mbed-hal-ksdk-mcu/source/mbed-hal-ksdk-mcu.a(fsl_uart_hal.c.o)
                0x0000611a                UART_HAL_SetBaudRate
 .text.UART_HAL_Putchar
                0x0000618c       0x16 ym/mbed-hal-ksdk-mcu/source/mbed-hal-ksdk-mcu.a(fsl_uart_hal.c.o)
                0x0000618c                UART_HAL_Putchar
 .text.UART_HAL_Getchar
                0x000061a2        0xe ym/mbed-hal-ksdk-mcu/source/mbed-hal-ksdk-mcu.a(fsl_uart_hal.c.o)
                0x000061a2                UART_HAL_Getchar
 .text.UART_HAL_GetStatusFlag
                0x000061b0       0x2e ym/mbed-hal-ksdk-mcu/source/mbed-hal-ksdk-mcu.a(fsl_uart_hal.c.o)
                0x000061b0                UART_HAL_GetStatusFlag
 .text.UART_HAL_ClearStatusFlag
                0x000061de       0x9a ym/mbed-hal-ksdk-mcu/source/mbed-hal-ksdk-mcu.a(fsl_uart_hal.c.o)
                0x000061de                UART_HAL_ClearStatusFlag
 .text.UART_HAL_ClearAllNonAutoclearStatusFlags
                0x00006278       0x56 ym/mbed-hal-ksdk-mcu/source/mbed-hal-ksdk-mcu.a(fsl_uart_hal.c.o)
                0x00006278                UART_HAL_ClearAllNonAutoclearStatusFlags
 .text.UART_HAL_SetTxFifoCmd
                0x000062ce       0x34 ym/mbed-hal-ksdk-mcu/source/mbed-hal-ksdk-mcu.a(fsl_uart_hal.c.o)
                0x000062ce                UART_HAL_SetTxFifoCmd
 .text.UART_HAL_SetRxFifoCmd
                0x00006302       0x34 ym/mbed-hal-ksdk-mcu/source/mbed-hal-ksdk-mcu.a(fsl_uart_hal.c.o)
                0x00006302                UART_HAL_SetRxFifoCmd
 .text.UART_HAL_FlushTxFifo
                0x00006336       0x30 ym/mbed-hal-ksdk-mcu/source/mbed-hal-ksdk-mcu.a(fsl_uart_hal.c.o)
                0x00006336                UART_HAL_FlushTxFifo
 .text.UART_HAL_FlushRxFifo
                0x00006366       0x30 ym/mbed-hal-ksdk-mcu/source/mbed-hal-ksdk-mcu.a(fsl_uart_hal.c.o)
                0x00006366                UART_HAL_FlushRxFifo
 .text._ZN5minar8platform4initEv
                0x00006396        0x4 ym/minar-platform-mbed/source/minar-platform-mbed.a(mbed_platform.cpp.o)
                0x00006396                minar::platform::init()
 .text._ZN5minar8platform5sleepEv
                0x0000639a       0x14 ym/minar-platform-mbed/source/minar-platform-mbed.a(mbed_platform.cpp.o)
                0x0000639a                minar::platform::sleep()
 .text._ZN5minar8platform7getTimeEv
                0x000063ae        0x4 ym/minar-platform-mbed/source/minar-platform-mbed.a(mbed_platform.cpp.o)
                0x000063ae                minar::platform::getTime()
 .text._ZN5minar8platform14sleepFromUntilEmm
                0x000063b2       0x54 ym/minar-platform-mbed/source/minar-platform-mbed.a(mbed_platform.cpp.o)
                0x000063b2                minar::platform::sleepFromUntil(unsigned long, unsigned long)
 .text.CLOCK_SYS_GetUartFreq
                0x00006406       0x28 ym/mbed-hal-k64f/source/mbed-hal-k64f.a(fsl_clock_K64F12.c.o)
                0x00006406                CLOCK_SYS_GetUartFreq
 .text.mbed_hal_init
                0x0000642e        0x2 ym/mbed-hal-frdm-k64f/source/mbed-hal-frdm-k64f.a(init_api.c.o)
                0x0000642e                mbed_hal_init
 .text.pinmap_find_peripheral
                0x00006430       0x16 ym/mbed-drivers/source/mbed-drivers.a(pinmap_common.c.o)
                0x00006430                pinmap_find_peripheral
 .text.ticker_irq_handler
                0x00006446       0x44 ym/mbed-drivers/source/mbed-drivers.a(ticker_api.c.o)
                0x00006446                ticker_irq_handler
 .text.LPTMR_HAL_Disable.constprop.13
                0x0000648a       0x14 ym/mbed-hal-ksdk-mcu/source/mbed-hal-ksdk-mcu.a(lp_ticker.c.o)
 .text.LPTMR_HAL_Enable.constprop.14
                0x0000649e       0x14 ym/mbed-hal-ksdk-mcu/source/mbed-hal-ksdk-mcu.a(lp_ticker.c.o)
 .text.RTC_HAL_SetSecsReg
                0x000064b2       0x26 ym/mbed-hal-ksdk-mcu/source/mbed-hal-ksdk-mcu.a(fsl_rtc_hal.c.o)
 .text.RTC_HAL_SetOscillatorCmd
                0x000064d8       0x16 ym/mbed-hal-ksdk-mcu/source/mbed-hal-ksdk-mcu.a(fsl_rtc_hal.c.o)
 .text.RTC_HAL_Enable
                0x000064ee        0x6 ym/mbed-hal-ksdk-mcu/source/mbed-hal-ksdk-mcu.a(fsl_rtc_hal.c.o)
                0x000064ee                RTC_HAL_Enable
 .text.RTC_HAL_Init
                0x000064f4       0x78 ym/mbed-hal-ksdk-mcu/source/mbed-hal-ksdk-mcu.a(fsl_rtc_hal.c.o)
                0x000064f4                RTC_HAL_Init
 .text.mbed_exit_sleep
                0x0000656c        0x2 ym/mbed-hal-ksdk-mcu/source/mbed-hal-ksdk-mcu.a(sleep.c.o)
                0x0000656c                mbed_exit_sleep
 .text.SMC_HAL_SetProtection
                0x0000656e       0x36 ym/mbed-hal-ksdk-mcu/source/mbed-hal-ksdk-mcu.a(fsl_smc_hal.c.o)
                0x0000656e                SMC_HAL_SetProtection
 .text.mbed_ualloc
                0x000065a4       0x48 ym/ualloc/source/ualloc.a(ualloc.c.o)
                0x000065a4                mbed_ualloc
 .text.dlcalloc
                0x000065ec       0x40 ym/dlmalloc/source/dlmalloc.a(dlmalloc.c.o)
                0x000065ec                dlcalloc
 .text.__uvisor_isr_set
                0x0000662c        0x4 ym/uvisor-lib/source/uvisor-lib.a(interrupts.cpp.o)
                0x0000662c                __uvisor_isr_set
 .text.__uvisor_irq_enable
                0x00006630        0x4 ym/uvisor-lib/source/uvisor-lib.a(interrupts.cpp.o)
                0x00006630                __uvisor_irq_enable
 .text.__uvisor_irq_pending_clr
                0x00006634        0x4 ym/uvisor-lib/source/uvisor-lib.a(interrupts.cpp.o)
                0x00006634                __uvisor_irq_pending_clr
 .text._ZdlPv   0x00006638        0x8 c:/progra~2/gnutoo~1/4f412~1.820/bin/../lib/gcc/arm-none-eabi/4.8.4/../../../../arm-none-eabi/lib/armv7e-m\libstdc++_s.a(del_op.o)
                0x00006638                operator delete(void*)
 .text.abort    0x00006640        0xe c:/progra~2/gnutoo~1/4f412~1.820/bin/../lib/gcc/arm-none-eabi/4.8.4/../../../../arm-none-eabi/lib/armv7e-m\libc_s.a(lib_a-abort.o)
                0x00006640                abort
 .text.__sflush_r
                0x0000664e      0x106 c:/progra~2/gnutoo~1/4f412~1.820/bin/../lib/gcc/arm-none-eabi/4.8.4/../../../../arm-none-eabi/lib/armv7e-m\libc_s.a(lib_a-fflush.o)
                0x0000664e                __sflush_r
 .text._cleanup_r
                0x00006754       0x32 c:/progra~2/gnutoo~1/4f412~1.820/bin/../lib/gcc/arm-none-eabi/4.8.4/../../../../arm-none-eabi/lib/armv7e-m\libc_s.a(lib_a-findfp.o)
                0x00006754                _cleanup_r
 .text.__sfmoreglue
                0x00006786       0x2c c:/progra~2/gnutoo~1/4f412~1.820/bin/../lib/gcc/arm-none-eabi/4.8.4/../../../../arm-none-eabi/lib/armv7e-m\libc_s.a(lib_a-findfp.o)
                0x00006786                __sfmoreglue
 .text._fwalk_reent
                0x000067b2       0x3c c:/progra~2/gnutoo~1/4f412~1.820/bin/../lib/gcc/arm-none-eabi/4.8.4/../../../../arm-none-eabi/lib/armv7e-m\libc_s.a(lib_a-fwalk.o)
                0x000067b2                _fwalk_reent
 .text.memset   0x000067ee       0x10 c:/progra~2/gnutoo~1/4f412~1.820/bin/../lib/gcc/arm-none-eabi/4.8.4/../../../../arm-none-eabi/lib/armv7e-m\libc_s.a(lib_a-memset.o)
                0x000067ee                memset
 .text._raise_r
                0x000067fe       0x50 c:/progra~2/gnutoo~1/4f412~1.820/bin/../lib/gcc/arm-none-eabi/4.8.4/../../../../arm-none-eabi/lib/armv7e-m\libc_s.a(lib_a-signal.o)
                0x000067fe                _raise_r
 .text._getpid_r
                0x0000684e        0x4 c:/progra~2/gnutoo~1/4f412~1.820/bin/../lib/gcc/arm-none-eabi/4.8.4/../../../../arm-none-eabi/lib/armv7e-m\libc_s.a(lib_a-signalr.o)
                0x0000684e                _getpid_r
 .text.__sread  0x00006852       0x22 c:/progra~2/gnutoo~1/4f412~1.820/bin/../lib/gcc/arm-none-eabi/4.8.4/../../../../arm-none-eabi/lib/armv7e-m\libc_s.a(lib_a-stdio.o)
                0x00006852                __sread
 .text.__swrite
                0x00006874       0x38 c:/progra~2/gnutoo~1/4f412~1.820/bin/../lib/gcc/arm-none-eabi/4.8.4/../../../../arm-none-eabi/lib/armv7e-m\libc_s.a(lib_a-stdio.o)
                0x00006874                __swrite
 .text.__sseek  0x000068ac       0x24 c:/progra~2/gnutoo~1/4f412~1.820/bin/../lib/gcc/arm-none-eabi/4.8.4/../../../../arm-none-eabi/lib/armv7e-m\libc_s.a(lib_a-stdio.o)
                0x000068ac                __sseek
 .text.__sclose
                0x000068d0        0x8 c:/progra~2/gnutoo~1/4f412~1.820/bin/../lib/gcc/arm-none-eabi/4.8.4/../../../../arm-none-eabi/lib/armv7e-m\libc_s.a(lib_a-stdio.o)
                0x000068d0                __sclose
 .text.strlen   0x000068d8       0x10 c:/progra~2/gnutoo~1/4f412~1.820/bin/../lib/gcc/arm-none-eabi/4.8.4/../../../../arm-none-eabi/lib/armv7e-m\libc_s.a(lib_a-strlen.o)
                0x000068d8                strlen
 .text.__sfputc_r
                0x000068e8       0x2c c:/progra~2/gnutoo~1/4f412~1.820/bin/../lib/gcc/arm-none-eabi/4.8.4/../../../../arm-none-eabi/lib/armv7e-m\libc_s.a(lib_a-vfprintf.o)
 .text.__sfputs_r
                0x00006914       0x24 c:/progra~2/gnutoo~1/4f412~1.820/bin/../lib/gcc/arm-none-eabi/4.8.4/../../../../arm-none-eabi/lib/armv7e-m\libc_s.a(lib_a-vfprintf.o)
                0x00006914                __sfputs_r
 .text._printf_common
                0x00006938       0xe4 c:/progra~2/gnutoo~1/4f412~1.820/bin/../lib/gcc/arm-none-eabi/4.8.4/../../../../arm-none-eabi/lib/armv7e-m\libc_s.a(lib_a-vfprintf_i.o)
                0x00006938                _printf_common
 .text.memchr   0x00006a1c       0x1e c:/progra~2/gnutoo~1/4f412~1.820/bin/../lib/gcc/arm-none-eabi/4.8.4/../../../../arm-none-eabi/lib/armv7e-m\libc_s.a(lib_a-memchr-stub.o)
                0x00006a1c                memchr
 .text._ZN4mbed4util10atomic_casImEEbPT_S3_S2_
                0x00006a3a       0x1e ym/core-util/source/core-util.a(sbrk.cpp.o)
                0x00006a3a                bool mbed::util::atomic_cas<unsigned long>(unsigned long*, unsigned long*, unsigned long)
 .text.mbed_krbs
                0x00006a58        0x6 ym/core-util/source/core-util.a(sbrk.cpp.o)
                0x00006a58                mbed_krbs
 .text.__wrap__malloc_r
                0x00006a5e        0xc ym/ualloc/source/ualloc.a(malloc.c.o)
                0x00006a5e                __wrap__malloc_r
 .text.__wrap__free_r
                0x00006a6a        0x6 ym/ualloc/source/ualloc.a(malloc.c.o)
                0x00006a6a                __wrap__free_r
 *(SORT(.init))
 .init          0x00006a70        0x4 c:/progra~2/gnutoo~1/4f412~1.820/bin/../lib/gcc/arm-none-eabi/4.8.4/armv7e-m/crti.o
                0x00006a70                _init
 .init          0x00006a74        0x8 c:/progra~2/gnutoo~1/4f412~1.820/bin/../lib/gcc/arm-none-eabi/4.8.4/armv7e-m/crtn.o
 *(SORT(.fini))
 .fini          0x00006a7c        0x4 c:/progra~2/gnutoo~1/4f412~1.820/bin/../lib/gcc/arm-none-eabi/4.8.4/armv7e-m/crti.o
                0x00006a7c                _fini
 .fini          0x00006a80        0x8 c:/progra~2/gnutoo~1/4f412~1.820/bin/../lib/gcc/arm-none-eabi/4.8.4/armv7e-m/crtn.o
 *crtbegin.o(SORT(.ctors))
 *crtbegin?.o(SORT(.ctors))
 *(SORT(EXCLUDE_FILE(*crtend.o *crtend?.o) .ctors))
 *(SORT(.ctors.*))
 *(SORT(.ctors))
 *crtbegin.o(SORT(.dtors))
 *crtbegin?.o(SORT(.dtors))
 *(SORT(EXCLUDE_FILE(*crtend.o *crtend?.o) .dtors))
 *(SORT(.dtors.*))
 *(SORT(.dtors))
 *(SORT(.rodata*))
 .rodata._ZTVN4mbed4util19FunctionPointerBaseIvEE
                0x00006a88       0x18 source/CMakeFiles/mbed3.dir/C_/development/cpp/mbed3/source/app.cpp.o
                0x00006a88                vtable for mbed::util::FunctionPointerBase<void>
 .rodata._ZTVN4mbed4util19FunctionPointerBindIvEE
                0x00006aa0       0x18 source/CMakeFiles/mbed3.dir/C_/development/cpp/mbed3/source/app.cpp.o
                0x00006aa0                vtable for mbed::util::FunctionPointerBind<void>
 .rodata._ZTVN4mbed4util16FunctionPointer0IvEE
                0x00006ab8       0x18 source/CMakeFiles/mbed3.dir/C_/development/cpp/mbed3/source/app.cpp.o
                0x00006ab8                vtable for mbed::util::FunctionPointer0<void>
 .rodata._ZTVN4mbed4util16FunctionPointer2IviPPcEE
                0x00006ad0       0x18 ym/mbed-drivers/source/mbed-drivers.a(retarget.cpp.o)
                0x00006ad0                vtable for mbed::util::FunctionPointer2<void, int, char**>
 .rodata._ZN4mbed4util19FunctionPointerBaseIvE8_nullopsE
                0x00006ae8        0xc source/CMakeFiles/mbed3.dir/C_/development/cpp/mbed3/source/app.cpp.o
                0x00006ae8                mbed::util::FunctionPointerBase<void>::_nullops
 .rodata        0x00006af4       0x14 source/CMakeFiles/mbed3.dir/C_/development/cpp/mbed3/source/app.cpp.o
 .rodata        0x00006b08       0x14 ym/mbed-drivers/source/mbed-drivers.a(gpio.c.o)
 .rodata._ZN4mbed4util16FunctionPointer2IviPPcE8_fp2_opsE
                0x00006b1c        0xc ym/mbed-drivers/source/mbed-drivers.a(retarget.cpp.o)
                0x00006b1c                mbed::util::FunctionPointer2<void, int, char**>::_fp2_ops
 .rodata        0x00006b28       0x14 ym/mbed-drivers/source/mbed-drivers.a(board.c.o)
 .rodata        0x00006b3c       0x28 ym/mbed-hal-ksdk-mcu/source/mbed-hal-ksdk-mcu.a(gpio_api.c.o)
 .rodata        0x00006b64       0x18 ym/mbed-hal-ksdk-mcu/source/mbed-hal-ksdk-mcu.a(serial_api.c.o)
 .rodata        0x00006b7c       0x14 ym/mbed-hal-ksdk-mcu/source/mbed-hal-ksdk-mcu.a(pinmap.c.o)
 .rodata.g_simBaseAddr
                0x00006b90        0x4 ym/mbed-hal-ksdk-mcu/source/mbed-hal-ksdk-mcu.a(fsl_clock_manager.c.o)
                0x00006b90                g_simBaseAddr
 .rodata.PinMap_UART_RX
                0x00006b94       0x90 ym/mbed-hal-frdm-k64f/source/mbed-hal-frdm-k64f.a(PeripheralPins.c.o)
                0x00006b94                PinMap_UART_RX
 .rodata.PinMap_UART_TX
                0x00006c24       0x90 ym/mbed-hal-frdm-k64f/source/mbed-hal-frdm-k64f.a(PeripheralPins.c.o)
                0x00006c24                PinMap_UART_TX
 .rodata.us_interface
                0x00006cb4       0x14 ym/mbed-drivers/source/mbed-drivers.a(us_ticker_api.c.o)
 .rodata.us_data
                0x00006cc8        0x8 ym/mbed-drivers/source/mbed-drivers.a(us_ticker_api.c.o)
 .rodata.__sf_fake_stdin
                0x00006cd0       0x20 c:/progra~2/gnutoo~1/4f412~1.820/bin/../lib/gcc/arm-none-eabi/4.8.4/../../../../arm-none-eabi/lib/armv7e-m\libc_s.a(lib_a-findfp.o)
                0x00006cd0                __sf_fake_stdin
 .rodata.__sf_fake_stdout
                0x00006cf0       0x20 c:/progra~2/gnutoo~1/4f412~1.820/bin/../lib/gcc/arm-none-eabi/4.8.4/../../../../arm-none-eabi/lib/armv7e-m\libc_s.a(lib_a-findfp.o)
                0x00006cf0                __sf_fake_stdout
 .rodata.__sf_fake_stderr
                0x00006d10       0x20 c:/progra~2/gnutoo~1/4f412~1.820/bin/../lib/gcc/arm-none-eabi/4.8.4/../../../../arm-none-eabi/lib/armv7e-m\libc_s.a(lib_a-findfp.o)
                0x00006d10                __sf_fake_stderr
 .rodata._global_impure_ptr
                0x00006d30        0x4 c:/progra~2/gnutoo~1/4f412~1.820/bin/../lib/gcc/arm-none-eabi/4.8.4/../../../../arm-none-eabi/lib/armv7e-m\libc_s.a(lib_a-impure.o)
                0x00006d30                _global_impure_ptr
 .rodata.str1.1
                0x00006d34        0xc source/CMakeFiles/mbed3.dir/C_/development/cpp/mbed3/source/app.cpp.o
 .rodata.str1.1
                0x00006d40      0x15e ym/minar/source/minar.a(minar.cpp.o)
 .rodata.str1.1
                0x00006e9e       0x54 ym/core-util/source/core-util.a(mbed-util_mbed.c.o)
                                 0x57 (size before relaxing)
 .rodata.kClockNameConfigTable
                0x00006ef2       0x12 ym/mbed-hal-k64f/source/mbed-hal-k64f.a(fsl_sim_hal_K64F12.c.o)
                0x00006ef2                kClockNameConfigTable
 .rodata.str1.1
                0x00006f04       0x60 ym/mbed-drivers/source/mbed-drivers.a(pinmap_common.c.o)
 .rodata        0x00006f64        0x3 ym/mbed-hal-ksdk-mcu/source/mbed-hal-ksdk-mcu.a(sleep.c.o)
 .rodata.str1.1
                0x00006f67        0x2 c:/progra~2/gnutoo~1/4f412~1.820/bin/../lib/gcc/arm-none-eabi/4.8.4/../../../../arm-none-eabi/lib/armv7e-m\libc_s.a(lib_a-impure.o)
 .rodata.str1.1
                0x00006f69       0x11 c:/progra~2/gnutoo~1/4f412~1.820/bin/../lib/gcc/arm-none-eabi/4.8.4/../../../../arm-none-eabi/lib/armv7e-m\libc_s.a(lib_a-vfprintf.o)
 .rodata.str1.1
                0x00006f7a       0x22 c:/progra~2/gnutoo~1/4f412~1.820/bin/../lib/gcc/arm-none-eabi/4.8.4/../../../../arm-none-eabi/lib/armv7e-m\libc_s.a(lib_a-vfprintf_i.o)
 *(SORT(.eh_frame*))
 .eh_frame      0x00006f9c        0x0 c:/progra~2/gnutoo~1/4f412~1.820/bin/../lib/gcc/arm-none-eabi/4.8.4/armv7e-m/crtbegin.o
 .eh_frame      0x00006f9c        0x4 c:/progra~2/gnutoo~1/4f412~1.820/bin/../lib/gcc/arm-none-eabi/4.8.4/armv7e-m/crtend.o

.glue_7         0x00006fa0        0x0
 .glue_7        0x00000000        0x0 linker stubs

.glue_7t        0x00006fa0        0x0
 .glue_7t       0x00000000        0x0 linker stubs

.vfp11_veneer   0x00006fa0        0x0
 .vfp11_veneer  0x00000000        0x0 linker stubs

.v4_bx          0x00006fa0        0x0
 .v4_bx         0x00000000        0x0 linker stubs

.iplt           0x00006fa0        0x0
 .iplt          0x00000000        0x0 c:/progra~2/gnutoo~1/4f412~1.820/bin/../lib/gcc/arm-none-eabi/4.8.4/armv7e-m/crtbegin.o

.ARM.extab
 *(SORT(.ARM.extab*) SORT(.gnu.linkonce.armextab.*))

.ARM.exidx      0x00006fa0        0x8
                0x00006fa0                __exidx_start = .
 *(SORT(.ARM.exidx*) SORT(.gnu.linkonce.armexidx.*))
 .ARM.exidx     0x00006fa0        0x8 c:/progra~2/gnutoo~1/4f412~1.820/bin/../lib/gcc/arm-none-eabi/4.8.4/../../../../arm-none-eabi/lib/armv7e-m/crt0.o
 .ARM.exidx     0x00006fa8        0x0 c:/progra~2/gnutoo~1/4f412~1.820/bin/../lib/gcc/arm-none-eabi/4.8.4/armv7e-m\libgcc.a(_divdi3.o)
                                  0x8 (size before relaxing)
 .ARM.exidx     0x00006fa8        0x0 c:/progra~2/gnutoo~1/4f412~1.820/bin/../lib/gcc/arm-none-eabi/4.8.4/armv7e-m\libgcc.a(_udivdi3.o)
                                  0x8 (size before relaxing)
                0x00006fa8                __exidx_end = .

.rel.dyn        0x00006fa8        0x0
 .rel.iplt      0x00000000        0x0 c:/progra~2/gnutoo~1/4f412~1.820/bin/../lib/gcc/arm-none-eabi/4.8.4/armv7e-m/crtbegin.o

.stack          0x1fff2200     0x8000
                0x1fff2200                __StackLimit = .
 *(SORT(.stack*))
 .stack         0x1fff2200      0xc00 ym/mbed-hal-k64f/source/mbed-hal-k64f.a(startup_MK64F12.S.obj)
                0x1fffa200                . = (. + (0x8000 - (. - __StackLimit)))
 *fill*         0x1fff2e00     0x7400 
                0x1fffa200                __StackTop = (ADDR (.stack) + SIZEOF (.stack))
                0x1fff2200                __StackLimit = ADDR (.stack)
                0x1fffa200                PROVIDE (__stack, __StackTop)

.data           0x1fffa200       0x80 load address 0x00006fa8
                0x00006fa8                PROVIDE (__etext, LOADADDR (.data))
                0x1fffa200                __data_start__ = .
 *(SORT(vtable))
 *(SORT(.data*))
 .data.lp_compare_value
                0x1fffa200        0x4 ym/mbed-hal-ksdk-mcu/source/mbed-hal-ksdk-mcu.a(lp_ticker.c.o)
 .data.impure_data
                0x1fffa204       0x60 c:/progra~2/gnutoo~1/4f412~1.820/bin/../lib/gcc/arm-none-eabi/4.8.4/../../../../arm-none-eabi/lib/armv7e-m\libc_s.a(lib_a-impure.o)
 .data._impure_ptr
                0x1fffa264        0x4 c:/progra~2/gnutoo~1/4f412~1.820/bin/../lib/gcc/arm-none-eabi/4.8.4/../../../../arm-none-eabi/lib/armv7e-m\libc_s.a(lib_a-impure.o)
                0x1fffa264                _impure_ptr
 .data.mbed_sbrk_diff
                0x1fffa268        0x4 ym/core-util/source/core-util.a(sbrk.cpp.o)
                0x1fffa268                mbed_sbrk_diff
 .data.mbed_sbrk_ptr
                0x1fffa26c        0x4 ym/core-util/source/core-util.a(sbrk.cpp.o)
                0x1fffa26c                mbed_sbrk_ptr
 .data.mbed_krbs_ptr
                0x1fffa270        0x4 ym/core-util/source/core-util.a(sbrk.cpp.o)
                0x1fffa270                mbed_krbs_ptr
                0x1fffa274                . = ALIGN (0x4)
                0x1fffa274                PROVIDE (__preinit_array_start, .)
 *(SORT(.preinit_array))
                0x1fffa274                PROVIDE (__preinit_array_end, .)
                0x1fffa274                . = ALIGN (0x4)
                0x1fffa274                PROVIDE (__init_array_start, .)
 *(SORT(.init_array.*))
 *(SORT(.init_array))
 .init_array    0x1fffa274        0x4 c:/progra~2/gnutoo~1/4f412~1.820/bin/../lib/gcc/arm-none-eabi/4.8.4/armv7e-m/crtbegin.o
                0x1fffa278                PROVIDE (__init_array_end, .)
                0x1fffa278                . = ALIGN (0x4)
                0x1fffa278                PROVIDE (__fini_array_start, .)
 *(SORT(.fini_array.*))
 *(SORT(.fini_array))
 .fini_array    0x1fffa278        0x4 c:/progra~2/gnutoo~1/4f412~1.820/bin/../lib/gcc/arm-none-eabi/4.8.4/armv7e-m/crtbegin.o
                0x1fffa27c                PROVIDE (__fini_array_end, .)
                0x1fffa280                . = ALIGN (0x20)
 *fill*         0x1fffa27c        0x4 
                0x1fffa280                __data_end__ = .

.jcr            0x1fffa280        0x0 load address 0x00007028
 .jcr           0x1fffa280        0x0 c:/progra~2/gnutoo~1/4f412~1.820/bin/../lib/gcc/arm-none-eabi/4.8.4/armv7e-m/crtbegin.o

.igot.plt       0x1fffa280        0x0 load address 0x00007028
 .igot.plt      0x00000000        0x0 c:/progra~2/gnutoo~1/4f412~1.820/bin/../lib/gcc/arm-none-eabi/4.8.4/armv7e-m/crtbegin.o

.uvisor.secure  0x00007028       0x18
                0x00007040                . = ALIGN (0x20)
 *fill*         0x00007028       0x18 
                0x00007040                __uvisor_secure_start = .
 *(SORT(.uvisor.secure.keep))
 *(SORT(.uvisor.secure))
                0x00007040                . = ALIGN (0x20)
                0x00007040                __uvisor_cfgtbl_start = .
 *(SORT(.uvisor.cfgtbl_first*))
 *(SORT(.uvisor.cfgtbl*))
                0x00007040                __uvisor_cfgtbl_end = .

.uvisor.end     0x00007040      0x3c0
                0x00007400                . = ALIGN (0x400)
 *fill*         0x00007040      0x3c0 
                0x00007400                __uvisor_secure_end = .

.bss            0x1fffa280      0x3b4
                0x1fffa280                __bss_start__ = .
 *(SORT(.bss*))
 .bss           0x1fffa280       0x1c c:/progra~2/gnutoo~1/4f412~1.820/bin/../lib/gcc/arm-none-eabi/4.8.4/armv7e-m/crtbegin.o
 .bss._ZZL6blinkyvE4leds
                0x1fffa29c        0x4 source/CMakeFiles/mbed3.dir/C_/development/cpp/mbed3/source/app.cpp.o
 .bss._ZGVZL6blinkyvE4leds
                0x1fffa2a0        0x4 source/CMakeFiles/mbed3.dir/C_/development/cpp/mbed3/source/app.cpp.o
 .bss._ZGVZL6blinkyvE3led
                0x1fffa2a4        0x4 source/CMakeFiles/mbed3.dir/C_/development/cpp/mbed3/source/app.cpp.o
 .bss._ZZL6blinkyvE3led
                0x1fffa2a8        0x4 source/CMakeFiles/mbed3.dir/C_/development/cpp/mbed3/source/app.cpp.o
 .bss._ZL11filehandles
                0x1fffa2ac      0x100 ym/mbed-drivers/source/mbed-drivers.a(retarget.cpp.o)
 .bss._ZZN5minar12CallbackNode13get_allocatorEvE9allocator
                0x1fffa3ac        0x4 ym/minar/source/minar.a(minar.cpp.o)
                0x1fffa3ac                minar::CallbackNode::get_allocator()::allocator
 .bss._ZGVZN5minar13SchedulerData5startEvE19Warn_Duration_Ticks
                0x1fffa3b0        0x4 ym/minar/source/minar.a(minar.cpp.o)
 .bss._ZZN5minar13SchedulerData5startEvE19Warn_Duration_Ticks
                0x1fffa3b4        0x4 ym/minar/source/minar.a(minar.cpp.o)
 .bss._ZZN5minar13SchedulerData5startEvE14Warn_Lag_Ticks
                0x1fffa3b8        0x4 ym/minar/source/minar.a(minar.cpp.o)
 .bss._ZN5minarL15staticSchedulerE
                0x1fffa3bc        0x4 ym/minar/source/minar.a(minar.cpp.o)
 .bss._ZGVZN5minar13SchedulerData5startEvE14Warn_Lag_Ticks
                0x1fffa3c0        0x4 ym/minar/source/minar.a(minar.cpp.o)
 .bss.stdio_uart_inited
                0x1fffa3c4        0x4 ym/mbed-hal-ksdk-mcu/source/mbed-hal-ksdk-mcu.a(serial_api.c.o)
                0x1fffa3c4                stdio_uart_inited
 .bss.serial_irq_ids
                0x1fffa3c8       0x14 ym/mbed-hal-ksdk-mcu/source/mbed-hal-ksdk-mcu.a(serial_api.c.o)
 .bss.irq_handler
                0x1fffa3dc        0x4 ym/mbed-hal-ksdk-mcu/source/mbed-hal-ksdk-mcu.a(serial_api.c.o)
 .bss.us_ticker_inited
                0x1fffa3e0        0x4 ym/mbed-hal-ksdk-mcu/source/mbed-hal-ksdk-mcu.a(us_ticker.c.o)
 .bss.events    0x1fffa3e4        0x8 ym/mbed-drivers/source/mbed-drivers.a(us_ticker_api.c.o)
 .bss.lp_ticker_inited
                0x1fffa3ec        0x4 ym/mbed-hal-ksdk-mcu/source/mbed-hal-ksdk-mcu.a(lp_ticker.c.o)
 .bss.lp_lptmr_schedule_ticks
                0x1fffa3f0        0x4 ym/mbed-hal-ksdk-mcu/source/mbed-hal-ksdk-mcu.a(lp_ticker.c.o)
 .bss._gm_      0x1fffa3f4      0x1d8 ym/dlmalloc/source/dlmalloc.a(dlmalloc.c.o)
 .bss.mparams   0x1fffa5cc       0x18 ym/dlmalloc/source/dlmalloc.a(dlmalloc.c.o)
 .bss.__new_handler
                0x1fffa5e4        0x4 c:/progra~2/gnutoo~1/4f412~1.820/bin/../lib/gcc/arm-none-eabi/4.8.4/../../../../arm-none-eabi/lib/armv7e-m\libstdc++_s.a(new_handler.o)
                0x1fffa5e4                __new_handler
 .bss.lp_ticker_lptmr_scheduled_flag
                0x1fffa5e8        0x1 ym/mbed-hal-ksdk-mcu/source/mbed-hal-ksdk-mcu.a(lp_ticker.c.o)
 .bss           0x1fffa5e9        0x4 ym/uvisor-lib/source/uvisor-lib.a(uvisor-GCC_ARM.s.obj)
                0x1fffa5e9                uvisor_ctx
 *(SORT(COMMON))
 *fill*         0x1fffa5ed        0x3 
 COMMON         0x1fffa5f0       0x40 ym/mbed-hal-ksdk-mcu/source/mbed-hal-ksdk-mcu.a(serial_api.c.o)
                0x1fffa5f0                stdio_uart
 COMMON         0x1fffa630        0x4 c:/progra~2/gnutoo~1/4f412~1.820/bin/../lib/gcc/arm-none-eabi/4.8.4/../../../../arm-none-eabi/lib/armv7e-m\libc_s.a(lib_a-reent.o)
                0x1fffa630                errno
                0x1fffa634                __bss_end__ = .

.heap           0x1fffa638    0x359c8
                0x1fffa638                __end__ = .
                0x1fffa638                end = __end__
 *(SORT(.heap*))
 .heap          0x1fffa638      0x400 ym/mbed-hal-k64f/source/mbed-hal-k64f.a(startup_MK64F12.S.obj)
                0x1fffa638                __HeapBase
                0x20030000                . = (. + ((ORIGIN (RAM) + 0x3fe00) - .))
 *fill*         0x1fffaa38    0x355c8 
                0x20030000                __HeapLimit = .
                0x000359c8                PROVIDE (__heap_size, SIZEOF (.heap))
                0x1fffa638                PROVIDE (__mbed_sbrk_start, ADDR (.heap))
                0x20030000                PROVIDE (__mbed_krbs_start, (ADDR (.heap) + SIZEOF (.heap)))
OUTPUT(source/mbed3 elf32-littlearm)

.ARM.attributes
                0x00000000       0x2a
 .ARM.attributes
                0x00000000       0x1e c:/progra~2/gnutoo~1/4f412~1.820/bin/../lib/gcc/arm-none-eabi/4.8.4/armv7e-m/crti.o
 .ARM.attributes
                0x0000001e       0x2e c:/progra~2/gnutoo~1/4f412~1.820/bin/../lib/gcc/arm-none-eabi/4.8.4/armv7e-m/crtbegin.o
 .ARM.attributes
                0x0000004c       0x1c c:/progra~2/gnutoo~1/4f412~1.820/bin/../lib/gcc/arm-none-eabi/4.8.4/../../../../arm-none-eabi/lib/armv7e-m/crt0.o
 .ARM.attributes
                0x00000068       0x33 source/CMakeFiles/mbed3.dir/C_/development/cpp/mbed3/source/app.cpp.o
 .ARM.attributes
                0x0000009b       0x33 ym/mbed-drivers/source/mbed-drivers.a(exit.c.o)
 .ARM.attributes
                0x000000ce       0x33 ym/mbed-drivers/source/mbed-drivers.a(gpio.c.o)
 .ARM.attributes
                0x00000101       0x33 ym/mbed-drivers/source/mbed-drivers.a(retarget.cpp.o)
 .ARM.attributes
                0x00000134       0x33 ym/mbed-drivers/source/mbed-drivers.a(board.c.o)
 .ARM.attributes
                0x00000167       0x33 ym/mbed-drivers/source/mbed-drivers.a(error.c.o)
 .ARM.attributes
                0x0000019a       0x33 ym/mbed-drivers/source/mbed-drivers.a(wait_api.c.o)
 .ARM.attributes
                0x000001cd       0x33 ym/minar/source/minar.a(minar.cpp.o)
 .ARM.attributes
                0x00000200       0x33 ym/core-util/source/core-util.a(PoolAllocator.cpp.o)
 .ARM.attributes
                0x00000233       0x33 ym/core-util/source/core-util.a(ExtendablePoolAllocator.cpp.o)
 .ARM.attributes
                0x00000266       0x33 ym/core-util/source/core-util.a(mbed-util_mbed.c.o)
 .ARM.attributes
                0x00000299       0x33 ym/mbed-hal-ksdk-mcu/source/mbed-hal-ksdk-mcu.a(fsl_gpio_hal.c.o)
 .ARM.attributes
                0x000002cc       0x33 ym/mbed-hal-ksdk-mcu/source/mbed-hal-ksdk-mcu.a(gpio_api.c.o)
 .ARM.attributes
                0x000002ff       0x33 ym/mbed-hal-ksdk-mcu/source/mbed-hal-ksdk-mcu.a(serial_api.c.o)
 .ARM.attributes
                0x00000332       0x33 ym/mbed-hal-ksdk-mcu/source/mbed-hal-ksdk-mcu.a(us_ticker.c.o)
 .ARM.attributes
                0x00000365       0x33 ym/mbed-hal-ksdk-mcu/source/mbed-hal-ksdk-mcu.a(pinmap.c.o)
 .ARM.attributes
                0x00000398       0x33 ym/mbed-hal-ksdk-mcu/source/mbed-hal-ksdk-mcu.a(fsl_clock_manager.c.o)
 .ARM.attributes
                0x000003cb       0x33 ym/mbed-hal-ksdk-mcu/source/mbed-hal-ksdk-mcu.a(fsl_mcg_hal.c.o)
 .ARM.attributes
                0x000003fe       0x33 ym/mbed-hal-ksdk-mcu/source/mbed-hal-ksdk-mcu.a(fsl_uart_hal.c.o)
 .ARM.attributes
                0x00000431       0x33 ym/mbed-hal-ksdk-mcu/source/mbed-hal-ksdk-mcu.a(fsl_sim_hal.c.o)
 .ARM.attributes
                0x00000464       0x33 ym/minar-platform-mbed/source/minar-platform-mbed.a(mbed_platform.cpp.o)
 .ARM.attributes
                0x00000497       0x1b ym/mbed-hal-k64f/source/mbed-hal-k64f.a(startup_MK64F12.S.obj)
 .ARM.attributes
                0x000004b2       0x33 ym/mbed-hal-k64f/source/mbed-hal-k64f.a(fsl_clock_K64F12.c.o)
 .ARM.attributes
                0x000004e5       0x33 ym/mbed-hal-k64f/source/mbed-hal-k64f.a(fsl_sim_hal_K64F12.c.o)
 .ARM.attributes
                0x00000518       0x33 ym/mbed-hal-frdm-k64f/source/mbed-hal-frdm-k64f.a(init_api.c.o)
 .ARM.attributes
                0x0000054b       0x33 ym/mbed-hal-frdm-k64f/source/mbed-hal-frdm-k64f.a(PeripheralPins.c.o)
 .ARM.attributes
                0x0000057e       0x33 ym/mbed-drivers/source/mbed-drivers.a(pinmap_common.c.o)
 .ARM.attributes
                0x000005b1       0x33 ym/mbed-drivers/source/mbed-drivers.a(us_ticker_api.c.o)
 .ARM.attributes
                0x000005e4       0x33 ym/mbed-drivers/source/mbed-drivers.a(ticker_api.c.o)
 .ARM.attributes
                0x00000617       0x33 ym/mbed-hal-ksdk-mcu/source/mbed-hal-ksdk-mcu.a(lp_ticker.c.o)
 .ARM.attributes
                0x0000064a       0x33 ym/mbed-hal-ksdk-mcu/source/mbed-hal-ksdk-mcu.a(fsl_rtc_hal.c.o)
 .ARM.attributes
                0x0000067d       0x33 ym/mbed-hal-ksdk-mcu/source/mbed-hal-ksdk-mcu.a(sleep.c.o)
 .ARM.attributes
                0x000006b0       0x33 ym/mbed-hal-ksdk-mcu/source/mbed-hal-ksdk-mcu.a(fsl_smc_hal.c.o)
 .ARM.attributes
                0x000006e3       0x33 ym/ualloc/source/ualloc.a(ualloc.c.o)
 .ARM.attributes
                0x00000716       0x33 ym/dlmalloc/source/dlmalloc.a(dlmalloc.c.o)
 .ARM.attributes
                0x00000749       0x33 ym/cmsis-core-k64f/source/cmsis-core-k64f.a(system_MK64F12.c.o)
 .ARM.attributes
                0x0000077c       0x33 ym/cmsis-core-k64f/source/cmsis-core-k64f.a(cmsis_nvic.c.o)
 .ARM.attributes
                0x000007af       0x21 ym/uvisor-lib/source/uvisor-lib.a(uvisor-GCC_ARM.s.obj)
 .ARM.attributes
                0x000007d0       0x33 ym/uvisor-lib/source/uvisor-lib.a(interrupts.cpp.o)
 .ARM.attributes
                0x00000803       0x2e c:/progra~2/gnutoo~1/4f412~1.820/bin/../lib/gcc/arm-none-eabi/4.8.4/../../../../arm-none-eabi/lib/armv7e-m\libstdc++_s.a(new_op.o)
 .ARM.attributes
                0x00000831       0x2e c:/progra~2/gnutoo~1/4f412~1.820/bin/../lib/gcc/arm-none-eabi/4.8.4/../../../../arm-none-eabi/lib/armv7e-m\libstdc++_s.a(del_op.o)
 .ARM.attributes
                0x0000085f       0x2e c:/progra~2/gnutoo~1/4f412~1.820/bin/../lib/gcc/arm-none-eabi/4.8.4/../../../../arm-none-eabi/lib/armv7e-m\libstdc++_s.a(new_handler.o)
 .ARM.attributes
                0x0000088d       0x1e c:/progra~2/gnutoo~1/4f412~1.820/bin/../lib/gcc/arm-none-eabi/4.8.4/armv7e-m\libgcc.a(_aeabi_uldivmod.o)
 .ARM.attributes
                0x000008ab       0x2e c:/progra~2/gnutoo~1/4f412~1.820/bin/../lib/gcc/arm-none-eabi/4.8.4/armv7e-m\libgcc.a(bpabi.o)
 .ARM.attributes
                0x000008d9       0x1e c:/progra~2/gnutoo~1/4f412~1.820/bin/../lib/gcc/arm-none-eabi/4.8.4/armv7e-m\libgcc.a(_dvmd_tls.o)
 .ARM.attributes
                0x000008f7       0x2e c:/progra~2/gnutoo~1/4f412~1.820/bin/../lib/gcc/arm-none-eabi/4.8.4/armv7e-m\libgcc.a(_divdi3.o)
 .ARM.attributes
                0x00000925       0x2e c:/progra~2/gnutoo~1/4f412~1.820/bin/../lib/gcc/arm-none-eabi/4.8.4/armv7e-m\libgcc.a(_udivdi3.o)
 .ARM.attributes
                0x00000953       0x2e c:/progra~2/gnutoo~1/4f412~1.820/bin/../lib/gcc/arm-none-eabi/4.8.4/../../../../arm-none-eabi/lib/armv7e-m\libc_s.a(lib_a-abort.o)
 .ARM.attributes
                0x00000981       0x2e c:/progra~2/gnutoo~1/4f412~1.820/bin/../lib/gcc/arm-none-eabi/4.8.4/../../../../arm-none-eabi/lib/armv7e-m\libc_s.a(lib_a-errno.o)
 .ARM.attributes
                0x000009af       0x2e c:/progra~2/gnutoo~1/4f412~1.820/bin/../lib/gcc/arm-none-eabi/4.8.4/../../../../arm-none-eabi/lib/armv7e-m\libc_s.a(lib_a-fflush.o)
 .ARM.attributes
                0x000009dd       0x2e c:/progra~2/gnutoo~1/4f412~1.820/bin/../lib/gcc/arm-none-eabi/4.8.4/../../../../arm-none-eabi/lib/armv7e-m\libc_s.a(lib_a-findfp.o)
 .ARM.attributes
                0x00000a0b       0x2e c:/progra~2/gnutoo~1/4f412~1.820/bin/../lib/gcc/arm-none-eabi/4.8.4/../../../../arm-none-eabi/lib/armv7e-m\libc_s.a(lib_a-fprintf.o)
 .ARM.attributes
                0x00000a39       0x2e c:/progra~2/gnutoo~1/4f412~1.820/bin/../lib/gcc/arm-none-eabi/4.8.4/../../../../arm-none-eabi/lib/armv7e-m\libc_s.a(lib_a-fwalk.o)
 .ARM.attributes
                0x00000a67       0x2e c:/progra~2/gnutoo~1/4f412~1.820/bin/../lib/gcc/arm-none-eabi/4.8.4/../../../../arm-none-eabi/lib/armv7e-m\libc_s.a(lib_a-impure.o)
 .ARM.attributes
                0x00000a95       0x2e c:/progra~2/gnutoo~1/4f412~1.820/bin/../lib/gcc/arm-none-eabi/4.8.4/../../../../arm-none-eabi/lib/armv7e-m\libc_s.a(lib_a-init.o)
 .ARM.attributes
                0x00000ac3       0x2e c:/progra~2/gnutoo~1/4f412~1.820/bin/../lib/gcc/arm-none-eabi/4.8.4/../../../../arm-none-eabi/lib/armv7e-m\libc_s.a(lib_a-malloc.o)
 .ARM.attributes
                0x00000af1       0x2e c:/progra~2/gnutoo~1/4f412~1.820/bin/../lib/gcc/arm-none-eabi/4.8.4/../../../../arm-none-eabi/lib/armv7e-m\libc_s.a(lib_a-memset.o)
 .ARM.attributes
                0x00000b1f       0x2e c:/progra~2/gnutoo~1/4f412~1.820/bin/../lib/gcc/arm-none-eabi/4.8.4/../../../../arm-none-eabi/lib/armv7e-m\libc_s.a(lib_a-printf.o)
 .ARM.attributes
                0x00000b4d       0x2e c:/progra~2/gnutoo~1/4f412~1.820/bin/../lib/gcc/arm-none-eabi/4.8.4/../../../../arm-none-eabi/lib/armv7e-m\libc_s.a(lib_a-signal.o)
 .ARM.attributes
                0x00000b7b       0x2e c:/progra~2/gnutoo~1/4f412~1.820/bin/../lib/gcc/arm-none-eabi/4.8.4/../../../../arm-none-eabi/lib/armv7e-m\libc_s.a(lib_a-signalr.o)
 .ARM.attributes
                0x00000ba9       0x2e c:/progra~2/gnutoo~1/4f412~1.820/bin/../lib/gcc/arm-none-eabi/4.8.4/../../../../arm-none-eabi/lib/armv7e-m\libc_s.a(lib_a-stdio.o)
 .ARM.attributes
                0x00000bd7       0x2e c:/progra~2/gnutoo~1/4f412~1.820/bin/../lib/gcc/arm-none-eabi/4.8.4/../../../../arm-none-eabi/lib/armv7e-m\libc_s.a(lib_a-strlen.o)
 .ARM.attributes
                0x00000c05       0x2e c:/progra~2/gnutoo~1/4f412~1.820/bin/../lib/gcc/arm-none-eabi/4.8.4/../../../../arm-none-eabi/lib/armv7e-m\libc_s.a(lib_a-vfprintf.o)
 .ARM.attributes
                0x00000c33       0x2e c:/progra~2/gnutoo~1/4f412~1.820/bin/../lib/gcc/arm-none-eabi/4.8.4/../../../../arm-none-eabi/lib/armv7e-m\libc_s.a(lib_a-vfprintf_i.o)
 .ARM.attributes
                0x00000c61       0x2e c:/progra~2/gnutoo~1/4f412~1.820/bin/../lib/gcc/arm-none-eabi/4.8.4/../../../../arm-none-eabi/lib/armv7e-m\libc_s.a(lib_a-wbuf.o)
 .ARM.attributes
                0x00000c8f       0x2e c:/progra~2/gnutoo~1/4f412~1.820/bin/../lib/gcc/arm-none-eabi/4.8.4/../../../../arm-none-eabi/lib/armv7e-m\libc_s.a(lib_a-writer.o)
 .ARM.attributes
                0x00000cbd       0x2e c:/progra~2/gnutoo~1/4f412~1.820/bin/../lib/gcc/arm-none-eabi/4.8.4/../../../../arm-none-eabi/lib/armv7e-m\libc_s.a(lib_a-wsetup.o)
 .ARM.attributes
                0x00000ceb       0x2e c:/progra~2/gnutoo~1/4f412~1.820/bin/../lib/gcc/arm-none-eabi/4.8.4/../../../../arm-none-eabi/lib/armv7e-m\libc_s.a(lib_a-closer.o)
 .ARM.attributes
                0x00000d19       0x2e c:/progra~2/gnutoo~1/4f412~1.820/bin/../lib/gcc/arm-none-eabi/4.8.4/../../../../arm-none-eabi/lib/armv7e-m\libc_s.a(lib_a-lseekr.o)
 .ARM.attributes
                0x00000d47       0x2e c:/progra~2/gnutoo~1/4f412~1.820/bin/../lib/gcc/arm-none-eabi/4.8.4/../../../../arm-none-eabi/lib/armv7e-m\libc_s.a(lib_a-makebuf.o)
 .ARM.attributes
                0x00000d75       0x2e c:/progra~2/gnutoo~1/4f412~1.820/bin/../lib/gcc/arm-none-eabi/4.8.4/../../../../arm-none-eabi/lib/armv7e-m\libc_s.a(lib_a-memchr-stub.o)
 .ARM.attributes
                0x00000da3       0x2e c:/progra~2/gnutoo~1/4f412~1.820/bin/../lib/gcc/arm-none-eabi/4.8.4/../../../../arm-none-eabi/lib/armv7e-m\libc_s.a(lib_a-readr.o)
 .ARM.attributes
                0x00000dd1       0x2e c:/progra~2/gnutoo~1/4f412~1.820/bin/../lib/gcc/arm-none-eabi/4.8.4/../../../../arm-none-eabi/lib/armv7e-m\libc_s.a(lib_a-reent.o)
 .ARM.attributes
                0x00000dff       0x2e c:/progra~2/gnutoo~1/4f412~1.820/bin/../lib/gcc/arm-none-eabi/4.8.4/../../../../arm-none-eabi/lib/armv7e-m\libc_s.a(lib_a-fstatr.o)
 .ARM.attributes
                0x00000e2d       0x2e c:/progra~2/gnutoo~1/4f412~1.820/bin/../lib/gcc/arm-none-eabi/4.8.4/../../../../arm-none-eabi/lib/armv7e-m\libc_s.a(lib_a-isattyr.o)
 .ARM.attributes
                0x00000e5b       0x33 ym/core-util/source/core-util.a(sbrk.cpp.o)
 .ARM.attributes
                0x00000e8e       0x33 ym/ualloc/source/ualloc.a(malloc.c.o)
 .ARM.attributes
                0x00000ec1       0x2e c:/progra~2/gnutoo~1/4f412~1.820/bin/../lib/gcc/arm-none-eabi/4.8.4/armv7e-m/crtend.o
 .ARM.attributes
                0x00000eef       0x1e c:/progra~2/gnutoo~1/4f412~1.820/bin/../lib/gcc/arm-none-eabi/4.8.4/armv7e-m/crtn.o

.comment        0x00000000       0x70
 .comment       0x00000000       0x70 source/CMakeFiles/mbed3.dir/C_/development/cpp/mbed3/source/app.cpp.o
                                 0x71 (size before relaxing)
 .comment       0x00000000       0x71 ym/mbed-drivers/source/mbed-drivers.a(exit.c.o)
 .comment       0x00000000       0x71 ym/mbed-drivers/source/mbed-drivers.a(gpio.c.o)
 .comment       0x00000000       0x71 ym/mbed-drivers/source/mbed-drivers.a(retarget.cpp.o)
 .comment       0x00000000       0x71 ym/mbed-drivers/source/mbed-drivers.a(board.c.o)
 .comment       0x00000000       0x71 ym/mbed-drivers/source/mbed-drivers.a(error.c.o)
 .comment       0x00000000       0x71 ym/mbed-drivers/source/mbed-drivers.a(wait_api.c.o)
 .comment       0x00000000       0x71 ym/minar/source/minar.a(minar.cpp.o)
 .comment       0x00000000       0x71 ym/core-util/source/core-util.a(PoolAllocator.cpp.o)
 .comment       0x00000000       0x71 ym/core-util/source/core-util.a(ExtendablePoolAllocator.cpp.o)
 .comment       0x00000000       0x71 ym/core-util/source/core-util.a(mbed-util_mbed.c.o)
 .comment       0x00000000       0x71 ym/mbed-hal-ksdk-mcu/source/mbed-hal-ksdk-mcu.a(fsl_gpio_hal.c.o)
 .comment       0x00000000       0x71 ym/mbed-hal-ksdk-mcu/source/mbed-hal-ksdk-mcu.a(gpio_api.c.o)
 .comment       0x00000000       0x71 ym/mbed-hal-ksdk-mcu/source/mbed-hal-ksdk-mcu.a(serial_api.c.o)
 .comment       0x00000000       0x71 ym/mbed-hal-ksdk-mcu/source/mbed-hal-ksdk-mcu.a(us_ticker.c.o)
 .comment       0x00000000       0x71 ym/mbed-hal-ksdk-mcu/source/mbed-hal-ksdk-mcu.a(pinmap.c.o)
 .comment       0x00000000       0x71 ym/mbed-hal-ksdk-mcu/source/mbed-hal-ksdk-mcu.a(fsl_clock_manager.c.o)
 .comment       0x00000000       0x71 ym/mbed-hal-ksdk-mcu/source/mbed-hal-ksdk-mcu.a(fsl_mcg_hal.c.o)
 .comment       0x00000000       0x71 ym/mbed-hal-ksdk-mcu/source/mbed-hal-ksdk-mcu.a(fsl_uart_hal.c.o)
 .comment       0x00000000       0x71 ym/mbed-hal-ksdk-mcu/source/mbed-hal-ksdk-mcu.a(fsl_sim_hal.c.o)
 .comment       0x00000000       0x71 ym/minar-platform-mbed/source/minar-platform-mbed.a(mbed_platform.cpp.o)
 .comment       0x00000000       0x71 ym/mbed-hal-k64f/source/mbed-hal-k64f.a(fsl_clock_K64F12.c.o)
 .comment       0x00000000       0x71 ym/mbed-hal-k64f/source/mbed-hal-k64f.a(fsl_sim_hal_K64F12.c.o)
 .comment       0x00000000       0x71 ym/mbed-hal-frdm-k64f/source/mbed-hal-frdm-k64f.a(init_api.c.o)
 .comment       0x00000000       0x71 ym/mbed-hal-frdm-k64f/source/mbed-hal-frdm-k64f.a(PeripheralPins.c.o)
 .comment       0x00000000       0x71 ym/mbed-drivers/source/mbed-drivers.a(pinmap_common.c.o)