Archive member included because of file (symbol)

ym/mbed-drivers/source/mbed-drivers.a(Serial.cpp.o)
                              source/CMakeFiles/mbed3.dir/C_/development/cpp/mbed3/source/app.cpp.o (mbed::Serial::Serial(PinName, PinName, char const*))
ym/mbed-drivers/source/mbed-drivers.a(exit.c.o)
                              c:/progra~2/gnutoo~1/4f412~1.820/bin/../lib/gcc/arm-none-eabi/4.8.4/../../../../arm-none-eabi/lib/armv7e-m/crt0.o (exit)
ym/mbed-drivers/source/mbed-drivers.a(SerialBase.cpp.o)
                              ym/mbed-drivers/source/mbed-drivers.a(Serial.cpp.o) (mbed::SerialBase::SerialBase(PinName, PinName))
ym/mbed-drivers/source/mbed-drivers.a(retarget.cpp.o)
                              c:/progra~2/gnutoo~1/4f412~1.820/bin/../lib/gcc/arm-none-eabi/4.8.4/../../../../arm-none-eabi/lib/armv7e-m/crt0.o (__wrap_main)
ym/mbed-drivers/source/mbed-drivers.a(Stream.cpp.o)
                              ym/mbed-drivers/source/mbed-drivers.a(Serial.cpp.o) (mbed::Stream::close())
ym/mbed-drivers/source/mbed-drivers.a(board.c.o)
                              ym/mbed-drivers/source/mbed-drivers.a(exit.c.o) (mbed_die)
ym/mbed-drivers/source/mbed-drivers.a(FilePath.cpp.o)
                              ym/mbed-drivers/source/mbed-drivers.a(retarget.cpp.o) (mbed::FilePath::FilePath(char const*))
ym/mbed-drivers/source/mbed-drivers.a(error.c.o)
                              ym/mbed-drivers/source/mbed-drivers.a(retarget.cpp.o) (error)
ym/mbed-drivers/source/mbed-drivers.a(wait_api.c.o)
                              ym/mbed-drivers/source/mbed-drivers.a(SerialBase.cpp.o) (wait_us)
ym/mbed-drivers/source/mbed-drivers.a(gpio.c.o)
                              ym/mbed-drivers/source/mbed-drivers.a(board.c.o) (gpio_init_out)
ym/mbed-drivers/source/mbed-drivers.a(FileSystemLike.cpp.o)
                              ym/mbed-drivers/source/mbed-drivers.a(retarget.cpp.o) (mbed::FileSystemLike::opendir())
ym/mbed-drivers/source/mbed-drivers.a(FileLike.cpp.o)
                              ym/mbed-drivers/source/mbed-drivers.a(Stream.cpp.o) (mbed::FileLike::~FileLike())
ym/mbed-drivers/source/mbed-drivers.a(FileBase.cpp.o)
                              ym/mbed-drivers/source/mbed-drivers.a(FileSystemLike.cpp.o) (mbed::FileBase::~FileBase())
ym/sockets/source/sockets.a(TCPAsynch.cpp.o)
                              source/CMakeFiles/mbed3.dir/C_/development/cpp/mbed3/source/app.cpp.o (mbed::Sockets::v0::TCPAsynch::open(socket_address_family_t))
ym/sockets/source/sockets.a(SocketAddr.cpp.o)
                              source/CMakeFiles/mbed3.dir/C_/development/cpp/mbed3/source/app.cpp.o (mbed::Sockets::v0::SocketAddr::setAddr(socket_addr const*))
ym/sockets/source/sockets.a(TCPStream.cpp.o)
                              source/CMakeFiles/mbed3.dir/C_/development/cpp/mbed3/source/app.cpp.o (mbed::Sockets::v0::TCPStream::connect(mbed::Sockets::v0::SocketAddr const&, unsigned short, mbed::util::FunctionPointer1<void, mbed::Sockets::v0::TCPStream*> const&))
ym/sockets/source/sockets.a(Socket.cpp.o)
                              ym/sockets/source/sockets.a(TCPAsynch.cpp.o) (mbed::Sockets::v0::Socket::open(socket_address_family_t, socket_proto_family_t))
ym/sal/source/sal.a(socket_abstract.c.o)
                              source/CMakeFiles/mbed3.dir/C_/development/cpp/mbed3/source/app.cpp.o (socket_strerror)
ym/sal-stack-lwip/source/sal-stack-lwip.a(asynch_socket.c.o)
                              source/CMakeFiles/mbed3.dir/C_/development/cpp/mbed3/source/app.cpp.o (lwipv4_socket_init)
ym/sal-stack-lwip/source/sal-stack-lwip.a(timers.c.o)
                              ym/sal-stack-lwip/source/sal-stack-lwip.a(asynch_socket.c.o) (sys_check_timeouts)
ym/sal-stack-lwip/source/sal-stack-lwip.a(sys_arch.c.o)
                              ym/sal-stack-lwip/source/sal-stack-lwip.a(timers.c.o) (sys_now)
ym/sal-stack-lwip/source/sal-stack-lwip.a(ip_addr.c.o)
                              ym/sal-stack-lwip/source/sal-stack-lwip.a(asynch_socket.c.o) (ipaddr_aton)
ym/sal-stack-lwip/source/sal-stack-lwip.a(tcp.c.o)
                              ym/sal-stack-lwip/source/sal-stack-lwip.a(asynch_socket.c.o) (tcp_bind)
ym/sal-stack-lwip/source/sal-stack-lwip.a(dhcp.c.o)
                              ym/sal-stack-lwip/source/sal-stack-lwip.a(timers.c.o) (dhcp_coarse_tmr)
ym/sal-stack-lwip/source/sal-stack-lwip.a(memp.c.o)
                              ym/sal-stack-lwip/source/sal-stack-lwip.a(timers.c.o) (memp_malloc)
ym/sal-stack-lwip/source/sal-stack-lwip.a(igmp.c.o)
                              ym/sal-stack-lwip/source/sal-stack-lwip.a(timers.c.o) (igmp_tmr)
ym/sal-stack-lwip/source/sal-stack-lwip.a(udp.c.o)
                              ym/sal-stack-lwip/source/sal-stack-lwip.a(asynch_socket.c.o) (udp_bind)
ym/sal-stack-lwip/source/sal-stack-lwip.a(tcp_out.c.o)
                              ym/sal-stack-lwip/source/sal-stack-lwip.a(asynch_socket.c.o) (tcp_write)
ym/sal-stack-lwip/source/sal-stack-lwip.a(ip_frag.c.o)
[...]
Memory Configuration

Name             Origin             Length             Attributes
VECTORS          0x00000000         0x00000400         xr
FLASH_PROTECTION 0x00000400         0x00000010         xr
FLASH            0x00000410         0x000ffbf0         xr
RAM              0x1fff0200         0x0003fe00         xrw
*default*        0x00000000         0xffffffff

Linker script and memory map

LOAD c:/progra~2/gnutoo~1/4f412~1.820/bin/../lib/gcc/arm-none-eabi/4.8.4/armv7e-m/crti.o
LOAD c:/progra~2/gnutoo~1/4f412~1.820/bin/../lib/gcc/arm-none-eabi/4.8.4/armv7e-m/crtbegin.o
LOAD c:/progra~2/gnutoo~1/4f412~1.820/bin/../lib/gcc/arm-none-eabi/4.8.4/../../../../arm-none-eabi/lib/armv7e-m/crt0.o
START GROUP
LOAD source/CMakeFiles/mbed3.dir/C_/development/cpp/mbed3/source/app.cpp.o
LOAD ym/mbed-drivers/source/mbed-drivers.a
LOAD ym/sockets/source/sockets.a
LOAD ym/sal/source/sal.a
LOAD ym/sal-stack-lwip/source/sal-stack-lwip.a
LOAD ym/sal-driver-lwip-k64f-eth/source/sal-driver-lwip-k64f-eth.a
LOAD ym/sal-iface-eth/source/sal-iface-eth.a
LOAD ym/sal/source/sal.a
LOAD ym/sal-stack-lwip/source/sal-stack-lwip.a
LOAD ym/sal-driver-lwip-k64f-eth/source/sal-driver-lwip-k64f-eth.a
LOAD ym/sal-iface-eth/source/sal-iface-eth.a
LOAD ym/mbed-drivers/source/mbed-drivers.a
LOAD ym/mbed-hal/yotta_dummy_lib_mbed_hal/mbed-hal.a
LOAD ym/minar/source/minar.a
LOAD ym/core-util/source/core-util.a
LOAD ym/mbed-hal-freescale/yotta_dummy_lib_mbed_hal_freescale/mbed-hal-freescale.a
LOAD ym/minar-platform/yotta_dummy_lib_minar_platform/minar-platform.a
LOAD ym/mbed-hal-ksdk-mcu/source/mbed-hal-ksdk-mcu.a
LOAD ym/minar-platform-mbed/source/minar-platform-mbed.a
LOAD ym/mbed-hal-k64f/source/mbed-hal-k64f.a
LOAD ym/mbed-hal-frdm-k64f/source/mbed-hal-frdm-k64f.a
LOAD ym/mbed-drivers/source/mbed-drivers.a
LOAD ym/mbed-hal/yotta_dummy_lib_mbed_hal/mbed-hal.a
LOAD ym/minar/source/minar.a
LOAD ym/core-util/source/core-util.a
LOAD ym/mbed-hal-freescale/yotta_dummy_lib_mbed_hal_freescale/mbed-hal-freescale.a
LOAD ym/minar-platform/yotta_dummy_lib_minar_platform/minar-platform.a
LOAD ym/mbed-hal-ksdk-mcu/source/mbed-hal-ksdk-mcu.a
LOAD ym/minar-platform-mbed/source/minar-platform-mbed.a
LOAD ym/mbed-hal-k64f/source/mbed-hal-k64f.a
LOAD ym/mbed-hal-frdm-k64f/source/mbed-hal-frdm-k64f.a
LOAD ym/compiler-polyfill/yotta_dummy_lib_compiler_polyfill/compiler-polyfill.a
LOAD ym/ualloc/source/ualloc.a
LOAD ym/dlmalloc/source/dlmalloc.a
LOAD ym/cmsis-core/yotta_dummy_lib_cmsis_core/cmsis-core.a
LOAD ym/cmsis-core-freescale/yotta_dummy_lib_cmsis_core_freescale/cmsis-core-freescale.a
LOAD ym/cmsis-core-k64f/source/cmsis-core-k64f.a
LOAD ym/cmsis-core/yotta_dummy_lib_cmsis_core/cmsis-core.a
LOAD ym/cmsis-core-freescale/yotta_dummy_lib_cmsis_core_freescale/cmsis-core-freescale.a
LOAD ym/cmsis-core-k64f/source/cmsis-core-k64f.a
LOAD ym/uvisor-lib/source/uvisor-lib.a
LOAD c:/progra~2/gnutoo~1/4f412~1.820/bin/../lib/gcc/arm-none-eabi/4.8.4/../../../../arm-none-eabi/lib/armv7e-m\libstdc++_s.a
LOAD c:/progra~2/gnutoo~1/4f412~1.820/bin/../lib/gcc/arm-none-eabi/4.8.4/../../../../arm-none-eabi/lib/armv7e-m\libsupc++_s.a
LOAD c:/progra~2/gnutoo~1/4f412~1.820/bin/../lib/gcc/arm-none-eabi/4.8.4/armv7e-m\libgcc.a
LOAD c:/progra~2/gnutoo~1/4f412~1.820/bin/../lib/gcc/arm-none-eabi/4.8.4/../../../../arm-none-eabi/lib/armv7e-m\libstdc++_s.a
LOAD c:/progra~2/gnutoo~1/4f412~1.820/bin/../lib/gcc/arm-none-eabi/4.8.4/../../../../arm-none-eabi/lib/armv7e-m\libsupc++_s.a
LOAD c:/progra~2/gnutoo~1/4f412~1.820/bin/../lib/gcc/arm-none-eabi/4.8.4/../../../../arm-none-eabi/lib/armv7e-m\libm.a
LOAD c:/progra~2/gnutoo~1/4f412~1.820/bin/../lib/gcc/arm-none-eabi/4.8.4/../../../../arm-none-eabi/lib/armv7e-m\libc_s.a
LOAD c:/progra~2/gnutoo~1/4f412~1.820/bin/../lib/gcc/arm-none-eabi/4.8.4/armv7e-m\libgcc.a
END GROUP
LOAD c:/progra~2/gnutoo~1/4f412~1.820/bin/../lib/gcc/arm-none-eabi/4.8.4/../../../../arm-none-eabi/lib/armv7e-m\libstdc++_s.a
LOAD c:/progra~2/gnutoo~1/4f412~1.820/bin/../lib/gcc/arm-none-eabi/4.8.4/../../../../arm-none-eabi/lib/armv7e-m\libm.a
LOAD c:/progra~2/gnutoo~1/4f412~1.820/bin/../lib/gcc/arm-none-eabi/4.8.4/../../../../arm-none-eabi/lib/armv7e-m\libc_s.a
START GROUP
LOAD c:/progra~2/gnutoo~1/4f412~1.820/bin/../lib/gcc/arm-none-eabi/4.8.4/armv7e-m\libgcc.a
LOAD c:/progra~2/gnutoo~1/4f412~1.820/bin/../lib/gcc/arm-none-eabi/4.8.4/../../../../arm-none-eabi/lib/armv7e-m\libc_s.a
END GROUP
START GROUP
LOAD c:/progra~2/gnutoo~1/4f412~1.820/bin/../lib/gcc/arm-none-eabi/4.8.4/armv7e-m\libgcc.a
LOAD c:/progra~2/gnutoo~1/4f412~1.820/bin/../lib/gcc/arm-none-eabi/4.8.4/../../../../arm-none-eabi/lib/armv7e-m\libc_s.a
END GROUP
LOAD c:/progra~2/gnutoo~1/4f412~1.820/bin/../lib/gcc/arm-none-eabi/4.8.4/armv7e-m/crtend.o
LOAD c:/progra~2/gnutoo~1/4f412~1.820/bin/../lib/gcc/arm-none-eabi/4.8.4/armv7e-m/crtn.o

.isr_vector     0x00000000      0x198
                0x00000000                __vector_table = .
 *(SORT(.vector_table))
 .vector_table  0x00000000      0x198 ym/mbed-hal-k64f/source/mbed-hal-k64f.a(startup_MK64F12.S.obj)
                0x00000000                __isr_vector
                0x00000198                . = ALIGN (0x4)

.flash_protect  0x00000400       0x10
 *(SORT(.kinetis_flash_config_field))
 .kinetis_flash_config_field
                0x00000400       0x10 ym/mbed-hal-k64f/source/mbed-hal-k64f.a(startup_MK64F12.S.obj)
                0x00000410                . = ALIGN (0x4)

.uvisor.bss     0x1fff0200     0x2000
 *(SORT(.uvisor.bss.main))
 .uvisor.bss.main
                0x1fff0200     0x2000 ym/uvisor-lib/source/uvisor-lib.a(uvisor-GCC_ARM.s.obj)
 *(SORT(.uvisor.bss.stack))
                0x1fff2200                __uvisor_bss_start = .
 *(SORT(.uvisor.bss*))
                0x1fff2200                __uvisor_bss_end = .

.uvisor.data    0x1fff2200        0x0 load address 0x00011c40
                0x00011c40                __uvisor_data_src = LOADADDR (.uvisor.data)
                0x1fff2200                . = ALIGN (0x20)
                0x1fff2200                __uvisor_data_start = .
 *(SORT(.uvisor.data))
                0x1fff2200                . = ALIGN (0x20)
                0x1fff2200                __uvisor_data_end = .

.text           0x00000420    0x11720
 *(SORT(.uvisor.main))
 .uvisor.main   0x00000420     0x1600 ym/uvisor-lib/source/uvisor-lib.a(uvisor-GCC_ARM.s.obj)
                0x00000420                uvisor_init
                0x000019d4                uvisor_config
                0x00001a10                __uvisor_mode
 *(SORT(.text*))
 .text          0x00001a20       0x54 c:/progra~2/gnutoo~1/4f412~1.820/bin/../lib/gcc/arm-none-eabi/4.8.4/armv7e-m/crtbegin.o
 .text          0x00001a74       0x74 c:/progra~2/gnutoo~1/4f412~1.820/bin/../lib/gcc/arm-none-eabi/4.8.4/../../../../arm-none-eabi/lib/armv7e-m/crt0.o
                0x00001a74                _start
                0x00001a74                _mainCRTStartup
 .text._ZN4mbed10SerialBaseD2Ev
                0x00001ae8       0x34 source/CMakeFiles/mbed3.dir/C_/development/cpp/mbed3/source/app.cpp.o
                0x00001ae8                mbed::SerialBase::~SerialBase()
                0x00001ae8                mbed::SerialBase::~SerialBase()
 .text._ZN4mbed4util19FunctionPointerBindIvED2Ev
                0x00001b1c       0x20 source/CMakeFiles/mbed3.dir/C_/development/cpp/mbed3/source/app.cpp.o
                0x00001b1c                mbed::util::FunctionPointerBind<void>::~FunctionPointerBind()
                0x00001b1c                mbed::util::FunctionPointerBind<void>::~FunctionPointerBind()
 .text._ZN4mbed4util19FunctionPointerBaseIvED2Ev
                0x00001b3c        0xc source/CMakeFiles/mbed3.dir/C_/development/cpp/mbed3/source/app.cpp.o
                0x00001b3c                mbed::util::FunctionPointerBase<void>::~FunctionPointerBase()
                0x00001b3c                mbed::util::FunctionPointerBase<void>::~FunctionPointerBase()
 .text._ZN4mbed4util16FunctionPointer1IvPKcED2Ev
                0x00001b48        0xc source/CMakeFiles/mbed3.dir/C_/development/cpp/mbed3/source/app.cpp.o
                0x00001b48                mbed::util::FunctionPointer1<void, char const*>::~FunctionPointer1()
                0x00001b48                mbed::util::FunctionPointer1<void, char const*>::~FunctionPointer1()
 .text._ZN4mbed4util16FunctionPointer1IvPNS_7Sockets2v09TCPStreamEED2Ev
                0x00001b54        0xc source/CMakeFiles/mbed3.dir/C_/development/cpp/mbed3/source/app.cpp.o
                0x00001b54                mbed::util::FunctionPointer1<void, mbed::Sockets::v0::TCPStream*>::~FunctionPointer1()
                0x00001b54                mbed::util::FunctionPointer1<void, mbed::Sockets::v0::TCPStream*>::~FunctionPointer1()
 .text._ZN4mbed4util16FunctionPointer1IvPNS_7Sockets2v06SocketEED2Ev
                0x00001b60        0xc source/CMakeFiles/mbed3.dir/C_/development/cpp/mbed3/source/app.cpp.o
                0x00001b60                mbed::util::FunctionPointer1<void, mbed::Sockets::v0::Socket*>::~FunctionPointer1()
                0x00001b60                mbed::util::FunctionPointer1<void, mbed::Sockets::v0::Socket*>::~FunctionPointer1()
 .text._ZN4mbed4util16FunctionPointer2IvPNS_7Sockets2v06SocketE14socket_error_tED2Ev
                0x00001b6c        0xc source/CMakeFiles/mbed3.dir/C_/development/cpp/mbed3/source/app.cpp.o
                0x00001b6c                mbed::util::FunctionPointer2<void, mbed::Sockets::v0::Socket*, socket_error_t>::~FunctionPointer2()
                0x00001b6c                mbed::util::FunctionPointer2<void, mbed::Sockets::v0::Socket*, socket_error_t>::~FunctionPointer2()
 .text._ZN4mbed4util16FunctionPointer3IvPNS_7Sockets2v06SocketE11socket_addrPKcED2Ev
                0x00001b78        0xc source/CMakeFiles/mbed3.dir/C_/development/cpp/mbed3/source/app.cpp.o
                0x00001b78                mbed::util::FunctionPointer3<void, mbed::Sockets::v0::Socket*, socket_addr, char const*>::~FunctionPointer3()
                0x00001b78                mbed::util::FunctionPointer3<void, mbed::Sockets::v0::Socket*, socket_addr, char const*>::~FunctionPointer3()
 .text._ZN4mbed4util16FunctionPointer2IvNS_6BufferEiED2Ev
                0x00001b84        0xc source/CMakeFiles/mbed3.dir/C_/development/cpp/mbed3/source/app.cpp.o
                0x00001b84                mbed::util::FunctionPointer2<void, mbed::Buffer, int>::~FunctionPointer2()
                0x00001b84                mbed::util::FunctionPointer2<void, mbed::Buffer, int>::~FunctionPointer2()
 .text._ZN4mbed4util19FunctionPointerBindIvE5clearEv
                0x00001b90       0x24 source/CMakeFiles/mbed3.dir/C_/development/cpp/mbed3/source/app.cpp.o
                0x00001b90                mbed::util::FunctionPointerBind<void>::clear()
 .text._ZN4mbed4util19FunctionPointerBaseIvED0Ev
                0x00001bb4       0x14 source/CMakeFiles/mbed3.dir/C_/development/cpp/mbed3/source/app.cpp.o
                0x00001bb4                mbed::util::FunctionPointerBase<void>::~FunctionPointerBase()
 .text._ZN4mbed4util16FunctionPointer1IvPKcED0Ev
                0x00001bc8       0x14 source/CMakeFiles/mbed3.dir/C_/development/cpp/mbed3/source/app.cpp.o
                0x00001bc8                mbed::util::FunctionPointer1<void, char const*>::~FunctionPointer1()
 .text._ZN4mbed4util16FunctionPointer1IvPNS_7Sockets2v09TCPStreamEED0Ev
                0x00001bdc       0x14 source/CMakeFiles/mbed3.dir/C_/development/cpp/mbed3/source/app.cpp.o
                0x00001bdc                mbed::util::FunctionPointer1<void, mbed::Sockets::v0::TCPStream*>::~FunctionPointer1()
 .text._ZN4mbed4util16FunctionPointer1IvPNS_7Sockets2v06SocketEED0Ev
                0x00001bf0       0x14 source/CMakeFiles/mbed3.dir/C_/development/cpp/mbed3/source/app.cpp.o
                0x00001bf0                mbed::util::FunctionPointer1<void, mbed::Sockets::v0::Socket*>::~FunctionPointer1()
 .text._ZN4mbed4util16FunctionPointer2IvPNS_7Sockets2v06SocketE14socket_error_tED0Ev
                0x00001c04       0x14 source/CMakeFiles/mbed3.dir/C_/development/cpp/mbed3/source/app.cpp.o
                0x00001c04                mbed::util::FunctionPointer2<void, mbed::Sockets::v0::Socket*, socket_error_t>::~FunctionPointer2()
 .text._ZN4mbed4util16FunctionPointer3IvPNS_7Sockets2v06SocketE11socket_addrPKcED0Ev
                0x00001c18       0x14 source/CMakeFiles/mbed3.dir/C_/development/cpp/mbed3/source/app.cpp.o
                0x00001c18                mbed::util::FunctionPointer3<void, mbed::Sockets::v0::Socket*, socket_addr, char const*>::~FunctionPointer3()
 .text._ZN4mbed4util16FunctionPointer2IvNS_6BufferEiED0Ev
                0x00001c2c       0x14 source/CMakeFiles/mbed3.dir/C_/development/cpp/mbed3/source/app.cpp.o
                0x00001c2c                mbed::util::FunctionPointer2<void, mbed::Buffer, int>::~FunctionPointer2()
 .text._ZN9HelloHTTP12onDisconnectEPN4mbed7Sockets2v09TCPStreamE
                0x00001c40       0x3c source/CMakeFiles/mbed3.dir/C_/development/cpp/mbed3/source/app.cpp.o
                0x00001c40                HelloHTTP::onDisconnect(mbed::Sockets::v0::TCPStream*)
 .text._ZN4mbed6SerialD2Ev
                0x00001c7c       0x2c source/CMakeFiles/mbed3.dir/C_/development/cpp/mbed3/source/app.cpp.o
                0x00001c7c                mbed::Serial::~Serial()
                0x00001c7c                mbed::Serial::~Serial()
 .text._ZN4mbed4util19FunctionPointerBindIvE4bindINS0_16FunctionPointer1IvPKcE10arg_structEEERS2_PKNS0_19FunctionPointerBaseIvE6ArgOpsEPT_PSB_z
                0x00001ca8       0x64 source/CMakeFiles/mbed3.dir/C_/development/cpp/mbed3/source/app.cpp.o
                0x00001ca8                mbed::util::FunctionPointerBind<void>& mbed::util::FunctionPointerBind<void>::bind<mbed::util::FunctionPointer1<void, char const*>::arg_struct>(mbed::util::FunctionPointerBase<void>::ArgOps const*, mbed::util::FunctionPointer1<void, char const*>::arg_struct*, mbed::util::FunctionPointerBase<void>*, ...)
 .text._ZN9HelloHTTP9startTestEPKc
                0x00001d0c       0x78 source/CMakeFiles/mbed3.dir/C_/development/cpp/mbed3/source/app.cpp.o
                0x00001d0c                HelloHTTP::startTest(char const*)
 .text._ZN9HelloHTTP9onConnectEPN4mbed7Sockets2v09TCPStreamE
                0x00001d84       0x98 source/CMakeFiles/mbed3.dir/C_/development/cpp/mbed3/source/app.cpp.o
                0x00001d84                HelloHTTP::onConnect(mbed::Sockets::v0::TCPStream*)
 .text._ZN9HelloHTTP7onErrorEPN4mbed7Sockets2v06SocketE14socket_error_t
                0x00001e1c       0x58 source/CMakeFiles/mbed3.dir/C_/development/cpp/mbed3/source/app.cpp.o
                0x00001e1c                HelloHTTP::onError(mbed::Sockets::v0::Socket*, socket_error_t)
 .text._ZN9HelloHTTP5onDNSEPN4mbed7Sockets2v06SocketE11socket_addrPKc
                0x00001e74       0xb0 source/CMakeFiles/mbed3.dir/C_/development/cpp/mbed3/source/app.cpp.o
                0x00001e74                HelloHTTP::onDNS(mbed::Sockets::v0::Socket*, socket_addr, char const*)
 .text._ZN9HelloHTTP9onReceiveEPN4mbed7Sockets2v06SocketE
                0x00001f24      0x108 source/CMakeFiles/mbed3.dir/C_/development/cpp/mbed3/source/app.cpp.o
                0x00001f24                HelloHTTP::onReceive(mbed::Sockets::v0::Socket*)
 .text.app_start
                0x0000202c      0x13c source/CMakeFiles/mbed3.dir/C_/development/cpp/mbed3/source/app.cpp.o
                0x0000202c                app_start
 .text._ZN4mbed6SerialC2E7PinNameS1_PKc
                0x00002168       0x34 ym/mbed-drivers/source/mbed-drivers.a(Serial.cpp.o)
                0x00002168                mbed::Serial::Serial(PinName, PinName, char const*)
                0x00002168                mbed::Serial::Serial(PinName, PinName, char const*)
 .text.exit     0x0000219c       0x24 ym/mbed-drivers/source/mbed-drivers.a(exit.c.o)
                0x0000219c                exit
 .text._ZN4mbed4util16FunctionPointer0IvED2Ev
                0x000021c0        0xc ym/mbed-drivers/source/mbed-drivers.a(SerialBase.cpp.o)
                0x000021c0                mbed::util::FunctionPointer0<void>::~FunctionPointer0()
                0x000021c0                mbed::util::FunctionPointer0<void>::~FunctionPointer0()
 .text._ZN4mbed4util16FunctionPointer0IvED0Ev
                0x000021cc       0x14 ym/mbed-drivers/source/mbed-drivers.a(SerialBase.cpp.o)
                0x000021cc                mbed::util::FunctionPointer0<void>::~FunctionPointer0()
 .text._ZN4mbed10SerialBaseC2E7PinNameS1_
                0x000021e0       0xcc ym/mbed-drivers/source/mbed-drivers.a(SerialBase.cpp.o)
                0x000021e0                mbed::SerialBase::SerialBase(PinName, PinName)
                0x000021e0                mbed::SerialBase::SerialBase(PinName, PinName)
 .text._ZN4mbed10FileHandleD2Ev
                0x000022ac       0x24 ym/mbed-drivers/source/mbed-drivers.a(retarget.cpp.o)
                0x000022ac                mbed::FileHandle::~FileHandle()
                0x000022ac                mbed::FileHandle::~FileHandle()
 .text._ZN4mbed4util16FunctionPointer2IviPPcED2Ev
                0x000022d0        0xc ym/mbed-drivers/source/mbed-drivers.a(retarget.cpp.o)
                0x000022d0                mbed::util::FunctionPointer2<void, int, char**>::~FunctionPointer2()
                0x000022d0                mbed::util::FunctionPointer2<void, int, char**>::~FunctionPointer2()
 .text._ZN4mbed4util16FunctionPointer2IviPPcED0Ev
                0x000022dc       0x14 ym/mbed-drivers/source/mbed-drivers.a(retarget.cpp.o)
                0x000022dc                mbed::util::FunctionPointer2<void, int, char**>::~FunctionPointer2()
 .text._ZL11init_serialv
                0x000022f0       0x20 ym/mbed-drivers/source/mbed-drivers.a(retarget.cpp.o)
 .text._open    0x00002310       0xd0 ym/mbed-drivers/source/mbed-drivers.a(retarget.cpp.o)
                0x00002310                _open
 .text._close   0x000023e0       0x30 ym/mbed-drivers/source/mbed-drivers.a(retarget.cpp.o)
                0x000023e0                _close
 .text._write   0x00002410       0x50 ym/mbed-drivers/source/mbed-drivers.a(retarget.cpp.o)
                0x00002410                _write
 .text._read    0x00002460       0x44 ym/mbed-drivers/source/mbed-drivers.a(retarget.cpp.o)
                0x00002460                _read
 .text._isatty  0x000024a4       0x28 ym/mbed-drivers/source/mbed-drivers.a(retarget.cpp.o)
                0x000024a4                _isatty
 .text._lseek   0x000024cc       0x28 ym/mbed-drivers/source/mbed-drivers.a(retarget.cpp.o)
                0x000024cc                _lseek
 .text._ZN4mbed4util19FunctionPointerBindIvE4bindINS0_16FunctionPointer2IviPPcE10arg_structEEERS2_PKNS0_19FunctionPointerBaseIvE6ArgOpsEPT_PSB_z
                0x000024f4       0x64 ym/mbed-drivers/source/mbed-drivers.a(retarget.cpp.o)
                0x000024f4                mbed::util::FunctionPointerBind<void>& mbed::util::FunctionPointerBind<void>::bind<mbed::util::FunctionPointer2<void, int, char**>::arg_struct>(mbed::util::FunctionPointerBase<void>::ArgOps const*, mbed::util::FunctionPointer2<void, int, char**>::arg_struct*, mbed::util::FunctionPointerBase<void>*, ...)
 .text.startup.main
                0x00002558       0x6c ym/mbed-drivers/source/mbed-drivers.a(retarget.cpp.o)
                0x00002558                main
 .text._ZN4mbed6StreamD2Ev
                0x000025c4       0x24 ym/mbed-drivers/source/mbed-drivers.a(Stream.cpp.o)
                0x000025c4                mbed::Stream::~Stream()
                0x000025c4                mbed::Stream::~Stream()
 .text._ZN4mbed6StreamC2EPKc
                0x000025e8       0x48 ym/mbed-drivers/source/mbed-drivers.a(Stream.cpp.o)
                0x000025e8                mbed::Stream::Stream(char const*)
                0x000025e8                mbed::Stream::Stream(char const*)
 .text.gpio_write
                0x00002630       0x34 ym/mbed-drivers/source/mbed-drivers.a(board.c.o)
 .text.error    0x00002664       0x20 ym/mbed-drivers/source/mbed-drivers.a(error.c.o)
                0x00002664                error
 .text.gpio_write
                0x00002684       0x34 ym/mbed-drivers/source/mbed-drivers.a(gpio.c.o)
 .text._ZN4mbed8FileLikeD2Ev
                0x000026b8       0x24 ym/mbed-drivers/source/mbed-drivers.a(FileLike.cpp.o)
                0x000026b8                mbed::FileLike::~FileLike()
                0x000026b8                mbed::FileLike::~FileLike()
 .text._ZN4mbed8FileLikeC2EPKc
                0x000026dc       0x28 ym/mbed-drivers/source/mbed-drivers.a(FileLike.cpp.o)
                0x000026dc                mbed::FileLike::FileLike(char const*)
                0x000026dc                mbed::FileLike::FileLike(char const*)
 .text._ZN4mbed8FileBaseD2Ev
                0x00002704       0x30 ym/mbed-drivers/source/mbed-drivers.a(FileBase.cpp.o)
                0x00002704                mbed::FileBase::~FileBase()
                0x00002704                mbed::FileBase::~FileBase()
 .text._ZN4mbed8FileBaseC2EPKcNS_8PathTypeE
                0x00002734       0x20 ym/mbed-drivers/source/mbed-drivers.a(FileBase.cpp.o)
                0x00002734                mbed::FileBase::FileBase(char const*, mbed::PathType)
                0x00002734                mbed::FileBase::FileBase(char const*, mbed::PathType)
 .text._ZN4mbed8FileBase6lookupEPKcj
                0x00002754       0x34 ym/mbed-drivers/source/mbed-drivers.a(FileBase.cpp.o)
                0x00002754                mbed::FileBase::lookup(char const*, unsigned int)
 .text._ZN4mbed6TickerD2Ev
                0x00002788       0x24 ym/sockets/source/sockets.a(TCPAsynch.cpp.o)
                0x00002788                mbed::Ticker::~Ticker()
                0x00002788                mbed::Ticker::~Ticker()
 .text._ZN4mbed7Sockets2v09TCPAsynchD2Ev
                0x000027ac       0x30 ym/sockets/source/sockets.a(TCPAsynch.cpp.o)
                0x000027ac                mbed::Sockets::v0::TCPAsynch::~TCPAsynch()
                0x000027ac                mbed::Sockets::v0::TCPAsynch::~TCPAsynch()
 .text._ZN4mbed7Sockets2v09TCPAsynchC2E14socket_stack_t
                0x000027dc       0x60 ym/sockets/source/sockets.a(TCPAsynch.cpp.o)
                0x000027dc                mbed::Sockets::v0::TCPAsynch::TCPAsynch(socket_stack_t)
                0x000027dc                mbed::Sockets::v0::TCPAsynch::TCPAsynch(socket_stack_t)
 .text.startup._GLOBAL__sub_I__ZN4mbed7Sockets2v09TCPAsynch11_TCPSocketsE
                0x0000283c       0x60 ym/sockets/source/sockets.a(TCPAsynch.cpp.o)
 .text._ZN4mbed7Sockets2v010SocketAddr7fmtIPv4EPcj
                0x0000289c       0x30 ym/sockets/source/sockets.a(SocketAddr.cpp.o)
                0x0000289c                mbed::Sockets::v0::SocketAddr::fmtIPv4(char*, unsigned int)
 .text._ZN4mbed7Sockets2v09TCPStreamD2Ev
                0x000028cc       0x24 ym/sockets/source/sockets.a(TCPStream.cpp.o)
                0x000028cc                mbed::Sockets::v0::TCPStream::~TCPStream()
                0x000028cc                mbed::Sockets::v0::TCPStream::~TCPStream()
 .text._ZN4mbed7Sockets2v09TCPStreamC2E14socket_stack_t
                0x000028f0       0x3c ym/sockets/source/sockets.a(TCPStream.cpp.o)
                0x000028f0                mbed::Sockets::v0::TCPStream::TCPStream(socket_stack_t)
                0x000028f0                mbed::Sockets::v0::TCPStream::TCPStream(socket_stack_t)
 .text._ZN4mbed4util19FunctionPointerBindIvE4bindINS0_16FunctionPointer1IvPNS_7Sockets2v09TCPStreamEE10arg_structEEERS2_PKNS0_19FunctionPointerBaseIvE6ArgOpsEPT_PSD_z
                0x0000292c       0x64 ym/sockets/source/sockets.a(TCPStream.cpp.o)
                0x0000292c                mbed::util::FunctionPointerBind<void>& mbed::util::FunctionPointerBind<void>::bind<mbed::util::FunctionPointer1<void, mbed::Sockets::v0::TCPStream*>::arg_struct>(mbed::util::FunctionPointerBase<void>::ArgOps const*, mbed::util::FunctionPointer1<void, mbed::Sockets::v0::TCPStream*>::arg_struct*, mbed::util::FunctionPointerBase<void>*, ...)
 .text._ZN4mbed7Sockets2v09TCPStream13_eventHandlerEP12socket_event
                0x00002990       0x98 ym/sockets/source/sockets.a(TCPStream.cpp.o)
                0x00002990                mbed::Sockets::v0::TCPStream::_eventHandler(socket_event*)
 .text._ZN4mbed4util16FunctionPointer2IvPNS_7Sockets2v06SocketEtED2Ev
                0x00002a28        0xc ym/sockets/source/sockets.a(Socket.cpp.o)
                0x00002a28                mbed::util::FunctionPointer2<void, mbed::Sockets::v0::Socket*, unsigned short>::~FunctionPointer2()
                0x00002a28                mbed::util::FunctionPointer2<void, mbed::Sockets::v0::Socket*, unsigned short>::~FunctionPointer2()
 .text._ZN4mbed4util16FunctionPointer2IvPNS_7Sockets2v06SocketEtED0Ev
                0x00002a34       0x14 ym/sockets/source/sockets.a(Socket.cpp.o)
                0x00002a34                mbed::util::FunctionPointer2<void, mbed::Sockets::v0::Socket*, unsigned short>::~FunctionPointer2()
 .text._ZN4mbed4util19FunctionPointerBindIvE4bindINS0_16FunctionPointer2IvPNS_7Sockets2v06SocketE14socket_error_tE10arg_structEEERS2_PKNS0_19FunctionPointerBaseIvE6ArgOpsEPT_PSE_z
                0x00002a48       0x4c ym/sockets/source/sockets.a(Socket.cpp.o)
                0x00002a48                mbed::util::FunctionPointerBind<void>& mbed::util::FunctionPointerBind<void>::bind<mbed::util::FunctionPointer2<void, mbed::Sockets::v0::Socket*, socket_error_t>::arg_struct>(mbed::util::FunctionPointerBase<void>::ArgOps const*, mbed::util::FunctionPointer2<void, mbed::Sockets::v0::Socket*, socket_error_t>::arg_struct*, mbed::util::FunctionPointerBase<void>*, ...)
 .text._ZN4mbed7Sockets2v06Socket11error_checkE14socket_error_t
                0x00002a94       0x5c ym/sockets/source/sockets.a(Socket.cpp.o)
                0x00002a94                mbed::Sockets::v0::Socket::error_check(socket_error_t)
 .text._ZN4mbed7Sockets2v06SocketC2E14socket_stack_t
                0x00002af0       0xd8 ym/sockets/source/sockets.a(Socket.cpp.o)
                0x00002af0                mbed::Sockets::v0::Socket::Socket(socket_stack_t)
                0x00002af0                mbed::Sockets::v0::Socket::Socket(socket_stack_t)
 .text._ZN4mbed7Sockets2v06SocketD2Ev
                0x00002bc8       0x34 ym/sockets/source/sockets.a(Socket.cpp.o)
                0x00002bc8                mbed::Sockets::v0::Socket::~Socket()
                0x00002bc8                mbed::Sockets::v0::Socket::~Socket()
 .text._ZN4mbed4util19FunctionPointerBindIvE4bindINS0_16FunctionPointer1IvPNS_7Sockets2v06SocketEE10arg_structEEERS2_PKNS0_19FunctionPointerBaseIvE6ArgOpsEPT_PSD_z
                0x00002bfc       0x4c ym/sockets/source/sockets.a(Socket.cpp.o)
                0x00002bfc                mbed::util::FunctionPointerBind<void>& mbed::util::FunctionPointerBind<void>::bind<mbed::util::FunctionPointer1<void, mbed::Sockets::v0::Socket*>::arg_struct>(mbed::util::FunctionPointerBase<void>::ArgOps const*, mbed::util::FunctionPointer1<void, mbed::Sockets::v0::Socket*>::arg_struct*, mbed::util::FunctionPointerBase<void>*, ...)
 .text._ZN4mbed4util19FunctionPointerBindIvE4bindINS0_16FunctionPointer2IvPNS_7Sockets2v06SocketEtE10arg_structEEERS2_PKNS0_19FunctionPointerBaseIvE6ArgOpsEPT_PSD_z
                0x00002c48       0x4c ym/sockets/source/sockets.a(Socket.cpp.o)
                0x00002c48                mbed::util::FunctionPointerBind<void>& mbed::util::FunctionPointerBind<void>::bind<mbed::util::FunctionPointer2<void, mbed::Sockets::v0::Socket*, unsigned short>::arg_struct>(mbed::util::FunctionPointerBase<void>::ArgOps const*, mbed::util::FunctionPointer2<void, mbed::Sockets::v0::Socket*, unsigned short>::arg_struct*, mbed::util::FunctionPointerBase<void>*, ...)
 .text._ZN4mbed4util19FunctionPointerBindIvE4bindINS0_16FunctionPointer3IvPNS_7Sockets2v06SocketE11socket_addrPKcE10arg_structEEERS2_PKNS0_19FunctionPointerBaseIvE6ArgOpsEPT_PSG_z
                0x00002c94       0x4c ym/sockets/source/sockets.a(Socket.cpp.o)
                0x00002c94                mbed::util::FunctionPointerBind<void>& mbed::util::FunctionPointerBind<void>::bind<mbed::util::FunctionPointer3<void, mbed::Sockets::v0::Socket*, socket_addr, char const*>::arg_struct>(mbed::util::FunctionPointerBase<void>::ArgOps const*, mbed::util::FunctionPointer3<void, mbed::Sockets::v0::Socket*, socket_addr, char const*>::arg_struct*, mbed::util::FunctionPointerBase<void>*, ...)
 .text._ZN4mbed7Sockets2v06Socket13_eventHandlerEP12socket_event
                0x00002ce0      0x110 ym/sockets/source/sockets.a(Socket.cpp.o)
                0x00002ce0                mbed::Sockets::v0::Socket::_eventHandler(socket_event*)
 .text.socket_strerror
                0x00002df0       0x18 ym/sal/source/sal.a(socket_abstract.c.o)
                0x00002df0                socket_strerror
 .text.socket_get_api
                0x00002e08       0x20 ym/sal/source/sal.a(socket_abstract.c.o)
                0x00002e08                socket_get_api
 .text.socket_register_stack
                0x00002e28       0x5c ym/sal/source/sal.a(socket_abstract.c.o)
                0x00002e28                socket_register_stack
 .text.lwipv4_socket_periodic_task
                0x00002e84       0x10 ym/sal-stack-lwip/source/sal-stack-lwip.a(asynch_socket.c.o)
 .text.lwipv4_get_local_addr
                0x00002e94       0x30 ym/sal-stack-lwip/source/sal-stack-lwip.a(asynch_socket.c.o)
                0x00002e94                lwipv4_get_local_addr
 .text.lwipv4_socket_accept
                0x00002ec4       0x58 ym/sal-stack-lwip/source/sal-stack-lwip.a(asynch_socket.c.o)
 .text.stop_listen
                0x00002f1c       0x14 ym/sal-stack-lwip/source/sal-stack-lwip.a(asynch_socket.c.o)
 .text.start_listen
                0x00002f30       0x34 ym/sal-stack-lwip/source/sal-stack-lwip.a(asynch_socket.c.o)
 .text.lwipv4_get_remote_addr
                0x00002f64       0x30 ym/sal-stack-lwip/source/sal-stack-lwip.a(asynch_socket.c.o)
                0x00002f64                lwipv4_get_remote_addr
 .text.str2addr
                0x00002f94       0x34 ym/sal-stack-lwip/source/sal-stack-lwip.a(asynch_socket.c.o)
 .text.lwipv4_socket_create
                0x00002fc8       0x74 ym/sal-stack-lwip/source/sal-stack-lwip.a(asynch_socket.c.o)
 .text.lwipv4_socket_recv_from
                0x0000303c       0xb4 ym/sal-stack-lwip/source/sal-stack-lwip.a(asynch_socket.c.o)
                0x0000303c                lwipv4_socket_recv_from
 .text.lwipv4_socket_init
                0x000030f0        0xc ym/sal-stack-lwip/source/sal-stack-lwip.a(asynch_socket.c.o)
                0x000030f0                lwipv4_socket_init
 .text.lwipv4_socket_error_remap
                0x000030fc       0x14 ym/sal-stack-lwip/source/sal-stack-lwip.a(asynch_socket.c.o)
                0x000030fc                lwipv4_socket_error_remap
 .text.lwipv4_socket_connect
                0x00003110       0x4c ym/sal-stack-lwip/source/sal-stack-lwip.a(asynch_socket.c.o)
 .text.irqConnect
                0x0000315c       0x4c ym/sal-stack-lwip/source/sal-stack-lwip.a(asynch_socket.c.o)
 .text.lwipv4_socket_resolve
                0x000031a8       0x38 ym/sal-stack-lwip/source/sal-stack-lwip.a(asynch_socket.c.o)
 .text.sys_timeout
                0x000031e0       0x58 ym/sal-stack-lwip/source/sal-stack-lwip.a(timers.c.o)
                0x000031e0                sys_timeout
 .text.tcp_timer_needed
                0x00003238       0x34 ym/sal-stack-lwip/source/sal-stack-lwip.a(timers.c.o)
                0x00003238                tcp_timer_needed
 .text.tcpip_tcp_timer
                0x0000326c       0x38 ym/sal-stack-lwip/source/sal-stack-lwip.a(timers.c.o)
 .text.sys_timeouts_init
                0x000032a4       0x70 ym/sal-stack-lwip/source/sal-stack-lwip.a(timers.c.o)
                0x000032a4                sys_timeouts_init
 .text.dns_timer
                0x00003314       0x1c ym/sal-stack-lwip/source/sal-stack-lwip.a(timers.c.o)
 .text.igmp_timer
                0x00003330       0x18 ym/sal-stack-lwip/source/sal-stack-lwip.a(timers.c.o)
 .text.dhcp_timer_fine
                0x00003348       0x1c ym/sal-stack-lwip/source/sal-stack-lwip.a(timers.c.o)
 .text.dhcp_timer_coarse
                0x00003364       0x1c ym/sal-stack-lwip/source/sal-stack-lwip.a(timers.c.o)
 .text.arp_timer
                0x00003380       0x1c ym/sal-stack-lwip/source/sal-stack-lwip.a(timers.c.o)
 .text.ip_reass_timer
                0x0000339c       0x1c ym/sal-stack-lwip/source/sal-stack-lwip.a(timers.c.o)
 .text.sys_check_timeouts
                0x000033b8       0x50 ym/sal-stack-lwip/source/sal-stack-lwip.a(timers.c.o)
                0x000033b8                sys_check_timeouts
 .text.SysTick_Handler
                0x00003408       0x10 ym/sal-stack-lwip/source/sal-stack-lwip.a(sys_arch.c.o)
 .text.SysTick_Init
                0x00003418       0x44 ym/sal-stack-lwip/source/sal-stack-lwip.a(sys_arch.c.o)
                0x00003418                SysTick_Init
 .text.osDelay  0x0000345c       0x14 ym/sal-stack-lwip/source/sal-stack-lwip.a(sys_arch.c.o)
                0x0000345c                osDelay
 .text.sys_now  0x00003470        0xc ym/sal-stack-lwip/source/sal-stack-lwip.a(sys_arch.c.o)
                0x00003470                sys_now
 .text.ipaddr_ntoa
                0x0000347c        0xc ym/sal-stack-lwip/source/sal-stack-lwip.a(ip_addr.c.o)
                0x0000347c                ipaddr_ntoa
 .text.tcp_new_port
                0x00003488       0x40 ym/sal-stack-lwip/source/sal-stack-lwip.a(tcp.c.o)
 .text.tcp_bind
                0x000034c8       0x68 ym/sal-stack-lwip/source/sal-stack-lwip.a(tcp.c.o)
                0x000034c8                tcp_bind
 .text.tcp_listen_with_backlog
                0x00003530       0x98 ym/sal-stack-lwip/source/sal-stack-lwip.a(tcp.c.o)
                0x00003530                tcp_listen_with_backlog
 .text.tcp_slowtmr
                0x000035c8      0x240 ym/sal-stack-lwip/source/sal-stack-lwip.a(tcp.c.o)
                0x000035c8                tcp_slowtmr
 .text.tcp_pcb_remove
                0x00003808       0x60 ym/sal-stack-lwip/source/sal-stack-lwip.a(tcp.c.o)
                0x00003808                tcp_pcb_remove
 .text.tcp_close_shutdown
                0x00003868      0x108 ym/sal-stack-lwip/source/sal-stack-lwip.a(tcp.c.o)
 .text.tcp_fasttmr
                0x00003970       0x60 ym/sal-stack-lwip/source/sal-stack-lwip.a(tcp.c.o)
                0x00003970                tcp_fasttmr
 .text.tcp_tmr  0x000039d0       0x24 ym/sal-stack-lwip/source/sal-stack-lwip.a(tcp.c.o)
                0x000039d0                tcp_tmr
 .text.tcp_abandon
                0x000039f4       0x90 ym/sal-stack-lwip/source/sal-stack-lwip.a(tcp.c.o)
                0x000039f4                tcp_abandon
 .text.tcp_next_iss
                0x00003a84       0x18 ym/sal-stack-lwip/source/sal-stack-lwip.a(tcp.c.o)
                0x00003a84                tcp_next_iss
 .text.tcp_alloc
                0x00003a9c      0x10c ym/sal-stack-lwip/source/sal-stack-lwip.a(tcp.c.o)
                0x00003a9c                tcp_alloc
 .text.tcp_connect
                0x00003ba8       0xdc ym/sal-stack-lwip/source/sal-stack-lwip.a(tcp.c.o)
                0x00003ba8                tcp_connect
 .text.dhcp_create_msg
                0x00003c84      0x140 ym/sal-stack-lwip/source/sal-stack-lwip.a(dhcp.c.o)
 .text.dhcp_rebind
                0x00003dc4       0xb8 ym/sal-stack-lwip/source/sal-stack-lwip.a(dhcp.c.o)
 .text.dhcp_select
                0x00003e7c      0x108 ym/sal-stack-lwip/source/sal-stack-lwip.a(dhcp.c.o)
 .text.dhcp_reboot
                0x00003f84       0xa0 ym/sal-stack-lwip/source/sal-stack-lwip.a(dhcp.c.o)
 .text.dhcp_discover
                0x00004024       0xb8 ym/sal-stack-lwip/source/sal-stack-lwip.a(dhcp.c.o)
 .text.dhcp_recv
                0x000040dc      0x378 ym/sal-stack-lwip/source/sal-stack-lwip.a(dhcp.c.o)
 .text.dhcp_arp_reply
                0x00004454       0x7c ym/sal-stack-lwip/source/sal-stack-lwip.a(dhcp.c.o)
                0x00004454                dhcp_arp_reply
 .text.dhcp_coarse_tmr
                0x000044d0       0x54 ym/sal-stack-lwip/source/sal-stack-lwip.a(dhcp.c.o)
                0x000044d0                dhcp_coarse_tmr
 .text.dhcp_release
                0x00004524       0xa8 ym/sal-stack-lwip/source/sal-stack-lwip.a(dhcp.c.o)
                0x00004524                dhcp_release
 .text.dhcp_fine_tmr
                0x000045cc       0x9c ym/sal-stack-lwip/source/sal-stack-lwip.a(dhcp.c.o)
                0x000045cc                dhcp_fine_tmr
 .text.dhcp_start
                0x00004668       0xa0 ym/sal-stack-lwip/source/sal-stack-lwip.a(dhcp.c.o)
                0x00004668                dhcp_start
 .text.memp_init
                0x00004708       0x48 ym/sal-stack-lwip/source/sal-stack-lwip.a(memp.c.o)
                0x00004708                memp_init
 .text.memp_malloc
                0x00004750       0x2c ym/sal-stack-lwip/source/sal-stack-lwip.a(memp.c.o)
                0x00004750                memp_malloc
 .text.memp_free
                0x0000477c       0x28 ym/sal-stack-lwip/source/sal-stack-lwip.a(memp.c.o)
                0x0000477c                memp_free
 .text.igmp_send
                0x000047a4       0xa4 ym/sal-stack-lwip/source/sal-stack-lwip.a(igmp.c.o)
 .text.igmp_lookup_group.part.1
                0x00004848       0x34 ym/sal-stack-lwip/source/sal-stack-lwip.a(igmp.c.o)
 .text.igmp_init
                0x0000487c       0x1c ym/sal-stack-lwip/source/sal-stack-lwip.a(igmp.c.o)
                0x0000487c                igmp_init
 .text.igmp_report_groups
                0x00004898       0x24 ym/sal-stack-lwip/source/sal-stack-lwip.a(igmp.c.o)
                0x00004898                igmp_report_groups
 .text.igmp_lookfor_group
                0x000048bc       0x20 ym/sal-stack-lwip/source/sal-stack-lwip.a(igmp.c.o)
                0x000048bc                igmp_lookfor_group
 .text.igmp_start
                0x000048dc       0x40 ym/sal-stack-lwip/source/sal-stack-lwip.a(igmp.c.o)
                0x000048dc                igmp_start
 .text.igmp_input
                0x0000491c       0xcc ym/sal-stack-lwip/source/sal-stack-lwip.a(igmp.c.o)
                0x0000491c                igmp_input
 .text.igmp_tmr
                0x000049e8       0x2c ym/sal-stack-lwip/source/sal-stack-lwip.a(igmp.c.o)
                0x000049e8                igmp_tmr
 .text.udp_input
                0x00004a14      0x1a4 ym/sal-stack-lwip/source/sal-stack-lwip.a(udp.c.o)
                0x00004a14                udp_input
 .text.udp_bind
                0x00004bb8       0x74 ym/sal-stack-lwip/source/sal-stack-lwip.a(udp.c.o)
                0x00004bb8                udp_bind
 .text.udp_connect
                0x00004c2c       0x4c ym/sal-stack-lwip/source/sal-stack-lwip.a(udp.c.o)
                0x00004c2c                udp_connect
 .text.udp_remove
                0x00004c78       0x2c ym/sal-stack-lwip/source/sal-stack-lwip.a(udp.c.o)
                0x00004c78                udp_remove
 .text.tcp_output
                0x00004ca4      0x23c ym/sal-stack-lwip/source/sal-stack-lwip.a(tcp_out.c.o)
                0x00004ca4                tcp_output
 .text.ip_reass_free_complete_datagram
                0x00004ee0       0x94 ym/sal-stack-lwip/source/sal-stack-lwip.a(ip_frag.c.o)
 .text.ip_reass_remove_oldest_datagram
                0x00004f74       0x6c ym/sal-stack-lwip/source/sal-stack-lwip.a(ip_frag.c.o)
 .text.ip_reass_tmr
                0x00004fe0       0x28 ym/sal-stack-lwip/source/sal-stack-lwip.a(ip_frag.c.o)
                0x00004fe0                ip_reass_tmr
 .text.ip_reass
                0x00005008      0x29c ym/sal-stack-lwip/source/sal-stack-lwip.a(ip_frag.c.o)
                0x00005008                ip_reass
 .text.ip_frag  0x000052a4      0x18c ym/sal-stack-lwip/source/sal-stack-lwip.a(ip_frag.c.o)
                0x000052a4                ip_frag
 .text.ip_route
                0x00005430       0x40 ym/sal-stack-lwip/source/sal-stack-lwip.a(ip.c.o)
                0x00005430                ip_route
 .text.ip_input
                0x00005470      0x1c0 ym/sal-stack-lwip/source/sal-stack-lwip.a(ip.c.o)
                0x00005470                ip_input
 .text.ip_output_if_opt
                0x00005630      0x150 ym/sal-stack-lwip/source/sal-stack-lwip.a(ip.c.o)
                0x00005630                ip_output_if_opt
 .text.dns_recv
                0x00005780      0x14c ym/sal-stack-lwip/source/sal-stack-lwip.a(dns.c.o)
 .text.dns_send
                0x000058cc       0xc0 ym/sal-stack-lwip/source/sal-stack-lwip.a(dns.c.o)
 .text.dns_check_entry
                0x0000598c       0x94 ym/sal-stack-lwip/source/sal-stack-lwip.a(dns.c.o)
 .text.dns_setserver
                0x00005a20       0x20 ym/sal-stack-lwip/source/sal-stack-lwip.a(dns.c.o)
                0x00005a20                dns_setserver
 .text.dns_init
                0x00005a40       0x58 ym/sal-stack-lwip/source/sal-stack-lwip.a(dns.c.o)
                0x00005a40                dns_init
 .text.dns_tmr  0x00005a98       0x2c ym/sal-stack-lwip/source/sal-stack-lwip.a(dns.c.o)
                0x00005a98                dns_tmr
 .text.dns_gethostbyname
                0x00005ac4      0x120 ym/sal-stack-lwip/source/sal-stack-lwip.a(dns.c.o)
                0x00005ac4                dns_gethostbyname
 .text.netif_set_ipaddr
                0x00005be4       0x58 ym/sal-stack-lwip/source/sal-stack-lwip.a(netif.c.o)
                0x00005be4                netif_set_ipaddr
 .text.netif_add
                0x00005c3c       0x64 ym/sal-stack-lwip/source/sal-stack-lwip.a(netif.c.o)
                0x00005c3c                netif_add
 .text.netif_set_default
                0x00005ca0        0xc ym/sal-stack-lwip/source/sal-stack-lwip.a(netif.c.o)
                0x00005ca0                netif_set_default
 .text.find_entry
                0x00005cac       0xf0 ym/sal-stack-lwip/source/sal-stack-lwip.a(etharp.c.o)
 .text.etharp_tmr
                0x00005d9c       0x3c ym/sal-stack-lwip/source/sal-stack-lwip.a(etharp.c.o)
                0x00005d9c                etharp_tmr
 .text.etharp_request
                0x00005dd8       0x98 ym/sal-stack-lwip/source/sal-stack-lwip.a(etharp.c.o)
                0x00005dd8                etharp_request
 .text.etharp_query
                0x00005e70       0xe8 ym/sal-stack-lwip/source/sal-stack-lwip.a(etharp.c.o)
                0x00005e70                etharp_query
 .text.etharp_output
                0x00005f58       0xcc ym/sal-stack-lwip/source/sal-stack-lwip.a(etharp.c.o)
                0x00005f58                etharp_output
 .text.ethernet_input
                0x00006024      0x188 ym/sal-stack-lwip/source/sal-stack-lwip.a(etharp.c.o)
                0x00006024                ethernet_input
 .text.tcp_receive
                0x000061ac      0x408 ym/sal-stack-lwip/source/sal-stack-lwip.a(tcp_in.c.o)
 .text.tcp_parseopt.isra.0
                0x000065b4       0x74 ym/sal-stack-lwip/source/sal-stack-lwip.a(tcp_in.c.o)
 .text.tcp_input
                0x00006628      0x7d0 ym/sal-stack-lwip/source/sal-stack-lwip.a(tcp_in.c.o)
                0x00006628                tcp_input
 .text.mem_init
                0x00006df8       0x3c ym/sal-stack-lwip/source/sal-stack-lwip.a(mem.c.o)
                0x00006df8                mem_init
 .text.mem_free
                0x00006e34       0x98 ym/sal-stack-lwip/source/sal-stack-lwip.a(mem.c.o)
                0x00006e34                mem_free
 .text.mem_trim
                0x00006ecc       0xc0 ym/sal-stack-lwip/source/sal-stack-lwip.a(mem.c.o)
                0x00006ecc                mem_trim
 .text.mem_malloc
                0x00006f8c       0xc0 ym/sal-stack-lwip/source/sal-stack-lwip.a(mem.c.o)
                0x00006f8c                mem_malloc
 .text.icmp_input
                0x0000704c      0x110 ym/sal-stack-lwip/source/sal-stack-lwip.a(icmp.c.o)
                0x0000704c                icmp_input
 .text.raw_input
                0x0000715c       0x98 ym/sal-stack-lwip/source/sal-stack-lwip.a(raw.c.o)
                0x0000715c                raw_input
 .text.k64f_rxqueue_pbuf
                0x000071f4       0x64 ym/sal-driver-lwip-k64f-eth/source/sal-driver-lwip-k64f-eth.a(k64f_emac.c.o)
 .text.k64f_rx_queue
                0x00007258       0x40 ym/sal-driver-lwip-k64f-eth/source/sal-driver-lwip-k64f-eth.a(k64f_emac.c.o)
                0x00007258                k64f_rx_queue
 .text.k64f_low_level_output
                0x00007298      0x11c ym/sal-driver-lwip-k64f-eth/source/sal-driver-lwip-k64f-eth.a(k64f_emac.c.o)
 .text.eth_arch_enetif_init
                0x000073b4      0x1e4 ym/sal-driver-lwip-k64f-eth/source/sal-driver-lwip-k64f-eth.a(k64f_emac.c.o)
                0x000073b4                eth_arch_enetif_init
 .text.eth_arch_enable_interrupts
                0x00007598       0x50 ym/sal-driver-lwip-k64f-eth/source/sal-driver-lwip-k64f-eth.a(k64f_emac.c.o)
                0x00007598                eth_arch_enable_interrupts
 .text.enet_mac_rx_isr
                0x000075e8       0x58 ym/sal-driver-lwip-k64f-eth/source/sal-driver-lwip-k64f-eth.a(k64f_emac.c.o)
                0x000075e8                enet_mac_rx_isr
 .text.enet_mac_tx_isr
                0x00007640       0x88 ym/sal-driver-lwip-k64f-eth/source/sal-driver-lwip-k64f-eth.a(k64f_emac.c.o)
                0x00007640                enet_mac_tx_isr
 .text.eth_arch_timer_callback
                0x000076c8       0x24 ym/sal-driver-lwip-k64f-eth/source/sal-driver-lwip-k64f-eth.a(k64f_emac.c.o)
                0x000076c8                eth_arch_timer_callback
 .text.ENET_Transmit_IRQHandler
                0x000076ec       0x10 ym/sal-driver-lwip-k64f-eth/source/sal-driver-lwip-k64f-eth.a(k64f_emac.c.o)
                0x000076ec                ENET_Transmit_IRQHandler
 .text.ENET_Receive_IRQHandler
                0x000076fc       0x6c ym/sal-driver-lwip-k64f-eth/source/sal-driver-lwip-k64f-eth.a(k64f_emac.c.o)
                0x000076fc                ENET_Receive_IRQHandler
 .text.enet_hal_set_rx_max_size
                0x00007768       0x4c ym/sal-driver-lwip-k64f-eth/source/sal-driver-lwip-k64f-eth.a(fsl_enet_driver.c.o)
 .text.enet_mac_init
                0x000077b4       0xec ym/sal-driver-lwip-k64f-eth/source/sal-driver-lwip-k64f-eth.a(fsl_enet_driver.c.o)
                0x000077b4                enet_mac_init
 .text.k64f_init_eth_hardware
                0x000078a0      0x104 ym/sal-driver-lwip-k64f-eth/source/sal-driver-lwip-k64f-eth.a(hardware_init_MK64F12.c.o)
                0x000078a0                k64f_init_eth_hardware
 .text._ZL19netif_link_callbackP5netif
                0x000079a4        0xc ym/sal-iface-eth/source/sal-iface-eth.a(EthernetInterface.cpp.o)
 .text._ZL15set_mac_addressv
                0x000079b0       0x44 ym/sal-iface-eth/source/sal-iface-eth.a(EthernetInterface.cpp.o)
 .text._ZL10init_netifP7ip_addrS0_S0_
                0x000079f4       0x6c ym/sal-iface-eth/source/sal-iface-eth.a(EthernetInterface.cpp.o)
 .text._ZL21netif_status_callbackP5netif
                0x00007a60       0x54 ym/sal-iface-eth/source/sal-iface-eth.a(EthernetInterface.cpp.o)
 .text._ZN17EthernetInterface4initEv
                0x00007ab4       0x20 ym/sal-iface-eth/source/sal-iface-eth.a(EthernetInterface.cpp.o)
                0x00007ab4                EthernetInterface::init()
 .text._ZN17EthernetInterface7connectEj
                0x00007ad4       0x3c ym/sal-iface-eth/source/sal-iface-eth.a(EthernetInterface.cpp.o)
                0x00007ad4                EthernetInterface::connect(unsigned int)
 .text._ZN17EthernetInterface12getIPAddressEv
                0x00007b10        0x8 ym/sal-iface-eth/source/sal-iface-eth.a(EthernetInterface.cpp.o)
                0x00007b10                EthernetInterface::getIPAddress()
 .text._ZN4mbed10TimerEventC2Ev
                0x00007b18       0x28 ym/mbed-drivers/source/mbed-drivers.a(TimerEvent.cpp.o)
                0x00007b18                mbed::TimerEvent::TimerEvent()
                0x00007b18                mbed::TimerEvent::TimerEvent()
 .text._ZN4mbed10TimerEventD2Ev
                0x00007b40       0x14 ym/mbed-drivers/source/mbed-drivers.a(TimerEvent.cpp.o)
                0x00007b40                mbed::TimerEvent::~TimerEvent()
                0x00007b40                mbed::TimerEvent::~TimerEvent()
 .text._ZN4mbed6Ticker6detachEv
                0x00007b54       0x18 ym/mbed-drivers/source/mbed-drivers.a(Ticker.cpp.o)
                0x00007b54                mbed::Ticker::detach()
 .text.get_us_ticker_data
                0x00007b6c        0x8 ym/mbed-drivers/source/mbed-drivers.a(us_ticker_api.c.o)
                0x00007b6c                get_us_ticker_data
 .text.us_ticker_irq_handler
                0x00007b74        0xc ym/mbed-drivers/source/mbed-drivers.a(us_ticker_api.c.o)
                0x00007b74                us_ticker_irq_handler
 .text._ZN5minar12CallbackNode13get_allocatorEv
                0x00007b80       0x58 ym/minar/source/minar.a(minar.cpp.o)
                0x00007b80                minar::CallbackNode::get_allocator()
 .text._ZN4mbed4util19FunctionPointerBindIvEC2ERKS2_
                0x00007bd8       0x4c ym/minar/source/minar.a(minar.cpp.o)
                0x00007bd8                mbed::util::FunctionPointerBind<void>::FunctionPointerBind(mbed::util::FunctionPointerBind<void> const&)
                0x00007bd8                mbed::util::FunctionPointerBind<void>::FunctionPointerBind(mbed::util::FunctionPointerBind<void> const&)
 .text._ZNK4mbed4util10BinaryHeapIPN5minar12CallbackNodeENS2_13SchedulerData19CallbackNodeCompareEE8get_rootEv
                0x00007c24       0x28 ym/minar/source/minar.a(minar.cpp.o)
                0x00007c24                mbed::util::BinaryHeap<minar::CallbackNode*, minar::SchedulerData::CallbackNodeCompare>::get_root() const
 .text._ZN5minar13SchedulerDataC2Ev
                0x00007c4c       0x60 ym/minar/source/minar.a(minar.cpp.o)
                0x00007c4c                minar::SchedulerData::SchedulerData()
                0x00007c4c                minar::SchedulerData::SchedulerData()
 .text._ZN5minar9Scheduler8instanceEv
                0x00007cac       0x34 ym/minar/source/minar.a(minar.cpp.o)
                0x00007cac                minar::Scheduler::instance()
 .text._ZN5minar9Scheduler12postCallbackERKN4mbed4util19FunctionPointerBindIvEE
                0x00007ce0       0x34 ym/minar/source/minar.a(minar.cpp.o)
                0x00007ce0                minar::Scheduler::postCallback(mbed::util::FunctionPointerBind<void> const&)
 .text._ZN5minar13SchedulerData5startEv
                0x00007d14      0x188 ym/minar/source/minar.a(minar.cpp.o)
                0x00007d14                minar::SchedulerData::start()
 .text._ZN5minar9Scheduler5startEv
                0x00007e9c       0x18 ym/minar/source/minar.a(minar.cpp.o)
                0x00007e9c                minar::Scheduler::start()
 .text._ZN5minar13SchedulerData11postGenericEN4mbed4util19FunctionPointerBindIvEEmmm
                0x00007eb4       0x5c ym/minar/source/minar.a(minar.cpp.o)
                0x00007eb4                minar::SchedulerData::postGeneric(mbed::util::FunctionPointerBind<void>, unsigned long, unsigned long, unsigned long)
 .text.mbed_util_runtime_error_internal
                0x00007f10       0x38 ym/core-util/source/core-util.a(mbed-util_mbed.c.o)
                0x00007f10                mbed_util_runtime_error_internal
 .text.CLOCK_SYS_GetFreq
                0x00007f48       0x90 ym/mbed-hal-ksdk-mcu/source/mbed-hal-ksdk-mcu.a(fsl_clock_manager.c.o)
                0x00007f48                CLOCK_SYS_GetFreq
 .text.CLOCK_SYS_GetSysClkFreq
                0x00007fd8       0x54 ym/mbed-hal-ksdk-mcu/source/mbed-hal-ksdk-mcu.a(fsl_clock_manager.c.o)
                0x00007fd8                CLOCK_SYS_GetSysClkFreq
 .text.CLOCK_HAL_GetFllRefClk
                0x0000802c       0x6c ym/mbed-hal-ksdk-mcu/source/mbed-hal-ksdk-mcu.a(fsl_mcg_hal.c.o)
                0x0000802c                CLOCK_HAL_GetFllRefClk
 .text.CLOCK_HAL_GetPll0Clk
                0x00008098       0x44 ym/mbed-hal-ksdk-mcu/source/mbed-hal-ksdk-mcu.a(fsl_mcg_hal.c.o)
                0x00008098                CLOCK_HAL_GetPll0Clk
 .text.CLOCK_HAL_GetInternalRefClk
                0x000080dc       0x30 ym/mbed-hal-ksdk-mcu/source/mbed-hal-ksdk-mcu.a(fsl_mcg_hal.c.o)
                0x000080dc                CLOCK_HAL_GetInternalRefClk
 .text.CLOCK_HAL_GetOutClk
                0x0000810c       0x7c ym/mbed-hal-ksdk-mcu/source/mbed-hal-ksdk-mcu.a(fsl_mcg_hal.c.o)
                0x0000810c                CLOCK_HAL_GetOutClk
 .text.gpio_init
                0x00008188       0x5c ym/mbed-hal-ksdk-mcu/source/mbed-hal-ksdk-mcu.a(gpio_api.c.o)
                0x00008188                gpio_init
 .text.gpio_dir
                0x000081e4       0x44 ym/mbed-hal-ksdk-mcu/source/mbed-hal-ksdk-mcu.a(gpio_api.c.o)
                0x000081e4                gpio_dir
 .text.uart_irq
                0x00008228       0x34 ym/mbed-hal-ksdk-mcu/source/mbed-hal-ksdk-mcu.a(serial_api.c.o)
 .text.uart1_irq
                0x0000825c       0x34 ym/mbed-hal-ksdk-mcu/source/mbed-hal-ksdk-mcu.a(serial_api.c.o)
                0x0000825c                uart1_irq
 .text.uart2_irq
                0x00008290       0x34 ym/mbed-hal-ksdk-mcu/source/mbed-hal-ksdk-mcu.a(serial_api.c.o)
                0x00008290                uart2_irq
 .text.uart3_irq
                0x000082c4       0x34 ym/mbed-hal-ksdk-mcu/source/mbed-hal-ksdk-mcu.a(serial_api.c.o)
                0x000082c4                uart3_irq
 .text.uart4_irq
                0x000082f8       0x34 ym/mbed-hal-ksdk-mcu/source/mbed-hal-ksdk-mcu.a(serial_api.c.o)
                0x000082f8                uart4_irq
 .text.uart0_irq
                0x0000832c       0x48 ym/mbed-hal-ksdk-mcu/source/mbed-hal-ksdk-mcu.a(serial_api.c.o)
                0x0000832c                uart0_irq
 .text.serial_init
                0x00008374      0x184 ym/mbed-hal-ksdk-mcu/source/mbed-hal-ksdk-mcu.a(serial_api.c.o)
                0x00008374                serial_init
 .text.serial_irq_handler
                0x000084f8       0x18 ym/mbed-hal-ksdk-mcu/source/mbed-hal-ksdk-mcu.a(serial_api.c.o)
                0x000084f8                serial_irq_handler
 .text.PIT_HAL_SetTimerPeriodByCount.constprop.4
                0x00008510       0x18 ym/mbed-hal-ksdk-mcu/source/mbed-hal-ksdk-mcu.a(us_ticker.c.o)
 .text.PIT_HAL_StartTimer.constprop.6
                0x00008528       0x1c ym/mbed-hal-ksdk-mcu/source/mbed-hal-ksdk-mcu.a(us_ticker.c.o)
 .text.us_ticker_init
                0x00008544       0xd4 ym/mbed-hal-ksdk-mcu/source/mbed-hal-ksdk-mcu.a(us_ticker.c.o)
                0x00008544                us_ticker_init
 .text.us_ticker_read
                0x00008618       0x1c ym/mbed-hal-ksdk-mcu/source/mbed-hal-ksdk-mcu.a(us_ticker.c.o)
                0x00008618                us_ticker_read
 .text.us_ticker_disable_interrupt
                0x00008634       0x18 ym/mbed-hal-ksdk-mcu/source/mbed-hal-ksdk-mcu.a(us_ticker.c.o)
                0x00008634                us_ticker_disable_interrupt
 .text.us_ticker_clear_interrupt
                0x0000864c       0x18 ym/mbed-hal-ksdk-mcu/source/mbed-hal-ksdk-mcu.a(us_ticker.c.o)
                0x0000864c                us_ticker_clear_interrupt
 .text.us_ticker_set_interrupt
                0x00008664       0x60 ym/mbed-hal-ksdk-mcu/source/mbed-hal-ksdk-mcu.a(us_ticker.c.o)
                0x00008664                us_ticker_set_interrupt
 .text.CLOCK_HAL_SetSource
                0x000086c4       0xdc ym/mbed-hal-ksdk-mcu/source/mbed-hal-ksdk-mcu.a(fsl_sim_hal.c.o)
                0x000086c4                CLOCK_HAL_SetSource
 .text.CLOCK_HAL_GetDivider
                0x000087a0       0x7c ym/mbed-hal-ksdk-mcu/source/mbed-hal-ksdk-mcu.a(fsl_sim_hal.c.o)
                0x000087a0                CLOCK_HAL_GetDivider
 .text.pin_function
                0x0000881c       0x64 ym/mbed-hal-ksdk-mcu/source/mbed-hal-ksdk-mcu.a(pinmap.c.o)
                0x0000881c                pin_function
 .text.pin_mode
                0x00008880       0x80 ym/mbed-hal-ksdk-mcu/source/mbed-hal-ksdk-mcu.a(pinmap.c.o)
                0x00008880                pin_mode
 .text          0x00008900       0x14 ym/mbed-hal-k64f/source/mbed-hal-k64f.a(startup_MK64F12.S.obj)
                0x00008900                NMI_Handler
                0x00008902                HardFault_Handler
                0x00008904                MemManage_Handler
                0x00008906                BusFault_Handler
                0x00008908                UsageFault_Handler
                0x0000890a                SVC_Handler
                0x0000890c                DebugMon_Handler
                0x0000890e                PendSV_Handler
                0x00008910                SysTick_Handler
                0x00008912                I2C1_IRQHandler
                0x00008912                DMA2_IRQHandler
                0x00008912                ENET_Error_IRQHandler
                0x00008912                CAN0_Tx_Warning_IRQHandler
                0x00008912                PIT0_IRQHandler
                0x00008912                CAN0_ORed_Message_buffer_IRQHandler
                0x00008912                Watchdog_IRQHandler
                0x00008912                CMP2_IRQHandler
                0x00008912                ENET_1588_Timer_IRQHandler
                0x00008912                UART2_RX_TX_IRQHandler
                0x00008912                SWI_IRQHandler
                0x00008912                ADC0_IRQHandler
                0x00008912                UART0_RX_TX_IRQHandler
                0x00008912                I2S0_Tx_IRQHandler
                0x00008912                CMT_IRQHandler
                0x00008912                UART4_RX_TX_IRQHandler
                0x00008912                SPI1_IRQHandler
                0x00008912                DefaultISR
                0x00008912                DMA9_IRQHandler
                0x00008912                DMA14_IRQHandler
                0x00008912                CMP1_IRQHandler
                0x00008912                Reserved71_IRQHandler
                0x00008912                I2C0_IRQHandler
                0x00008912                PORTB_IRQHandler
                0x00008912                UART3_RX_TX_IRQHandler
                0x00008912                ADC1_IRQHandler
                0x00008912                I2C2_IRQHandler
                0x00008912                PIT2_IRQHandler
                0x00008912                I2S0_Rx_IRQHandler
                0x00008912                LPTimer_IRQHandler
                0x00008912                DMA5_IRQHandler
                0x00008912                RTC_IRQHandler
                0x00008912                PDB0_IRQHandler
                0x00008912                FTM1_IRQHandler
                0x00008912                UART5_RX_TX_IRQHandler
                0x00008912                UART3_ERR_IRQHandler
                0x00008912                PIT3_IRQHandler
                0x00008912                SDHC_IRQHandler
                0x00008912                RTC_Seconds_IRQHandler
                0x00008912                MCG_IRQHandler
                0x00008912                FTFE_IRQHandler
                0x00008912                UART2_ERR_IRQHandler
                0x00008912                DMA11_IRQHandler
                0x00008912                UART5_ERR_IRQHandler
                0x00008912                Read_Collision_IRQHandler
                0x00008912                Default_Handler
                0x00008912                DMA7_IRQHandler
                0x00008912                USBDCD_IRQHandler
                0x00008912                USB0_IRQHandler
                0x00008912                LLW_IRQHandler
                0x00008912                SPI2_IRQHandler
                0x00008912                UART4_ERR_IRQHandler
                0x00008912                PORTD_IRQHandler
                0x00008912                DMA13_IRQHandler
                0x00008912                DMA3_IRQHandler
                0x00008912                UART0_LON_IRQHandler
                0x00008912                RNG_IRQHandler
                0x00008912                DMA0_IRQHandler
                0x00008912                DMA15_IRQHandler
                0x00008912                DAC0_IRQHandler
                0x00008912                CAN0_Error_IRQHandler
                0x00008912                DMA4_IRQHandler
                0x00008912                PIT1_IRQHandler
                0x00008912                UART0_ERR_IRQHandler
                0x00008912                DMA_Error_IRQHandler
                0x00008912                LVD_LVW_IRQHandler
                0x00008912                SPI0_IRQHandler
                0x00008912                FTM0_IRQHandler
                0x00008912                PORTA_IRQHandler
                0x00008912                DAC1_IRQHandler
                0x00008912                MCM_IRQHandler
                0x00008912                DMA12_IRQHandler
                0x00008912                CAN0_Bus_Off_IRQHandler
                0x00008912                FTM3_IRQHandler
                0x00008912                PORTE_IRQHandler
                0x00008912                FTM2_IRQHandler
                0x00008912                CAN0_Rx_Warning_IRQHandler
                0x00008912                DMA8_IRQHandler
                0x00008912                DMA10_IRQHandler
                0x00008912                CAN0_Wake_Up_IRQHandler
                0x00008912                UART1_ERR_IRQHandler
                0x00008912                UART1_RX_TX_IRQHandler
                0x00008912                CMP0_IRQHandler
                0x00008912                PORTC_IRQHandler
                0x00008912                DMA6_IRQHandler
                0x00008912                DMA1_IRQHandler
 .text.Reset_Handler
                0x00008914       0x60 ym/mbed-hal-k64f/source/mbed-hal-k64f.a(startup_MK64F12.S.obj)
                0x00008914                Reset_Handler
 .text.SIM_HAL_EnablePortClock
                0x00008974       0x50 ym/mbed-hal-k64f/source/mbed-hal-k64f.a(fsl_sim_hal_K64F12.c.o)
                0x00008974                SIM_HAL_EnablePortClock
 .text.SIM_HAL_EnablePitClock
                0x000089c4       0x1c ym/mbed-hal-k64f/source/mbed-hal-k64f.a(fsl_sim_hal_K64F12.c.o)
                0x000089c4                SIM_HAL_EnablePitClock
 .text.SIM_HAL_EnableLptimerClock
                0x000089e0       0x1c ym/mbed-hal-k64f/source/mbed-hal-k64f.a(fsl_sim_hal_K64F12.c.o)
                0x000089e0                SIM_HAL_EnableLptimerClock
 .text.SIM_HAL_EnableRtcClock
                0x000089fc       0x1c ym/mbed-hal-k64f/source/mbed-hal-k64f.a(fsl_sim_hal_K64F12.c.o)
                0x000089fc                SIM_HAL_EnableRtcClock
 .text.SIM_HAL_EnableEnetClock
                0x00008a18       0x1c ym/mbed-hal-k64f/source/mbed-hal-k64f.a(fsl_sim_hal_K64F12.c.o)
                0x00008a18                SIM_HAL_EnableEnetClock
 .text.SIM_HAL_EnableUartClock
                0x00008a34       0x5c ym/mbed-hal-k64f/source/mbed-hal-k64f.a(fsl_sim_hal_K64F12.c.o)
                0x00008a34                SIM_HAL_EnableUartClock
 .text.pinmap_pinout
                0x00008a90       0x38 ym/mbed-drivers/source/mbed-drivers.a(pinmap_common.c.o)
                0x00008a90                pinmap_pinout
 .text.pinmap_merge
                0x00008ac8       0x24 ym/mbed-drivers/source/mbed-drivers.a(pinmap_common.c.o)
                0x00008ac8                pinmap_merge
 .text.pinmap_peripheral
                0x00008aec       0x20 ym/mbed-drivers/source/mbed-drivers.a(pinmap_common.c.o)
                0x00008aec                pinmap_peripheral
 .text.RTC_HAL_SetAlarmIntCmd.constprop.0
                0x00008b0c       0x18 ym/mbed-hal-ksdk-mcu/source/mbed-hal-ksdk-mcu.a(lp_ticker.c.o)
 .text.RTC_HAL_EnableCounter.constprop.2
                0x00008b24       0x18 ym/mbed-hal-ksdk-mcu/source/mbed-hal-ksdk-mcu.a(lp_ticker.c.o)
 .text.RTC_HAL_GetPrescaler.constprop.5
                0x00008b3c        0xc ym/mbed-hal-ksdk-mcu/source/mbed-hal-ksdk-mcu.a(lp_ticker.c.o)
 .text.RTC_HAL_SetAlarmReg.constprop.6
                0x00008b48       0x18 ym/mbed-hal-ksdk-mcu/source/mbed-hal-ksdk-mcu.a(lp_ticker.c.o)
 .text.LPTMR_HAL_SetCompareValue.constprop.7
                0x00008b60       0x24 ym/mbed-hal-ksdk-mcu/source/mbed-hal-ksdk-mcu.a(lp_ticker.c.o)
 .text.lptmr_isr
                0x00008b84       0x18 ym/mbed-hal-ksdk-mcu/source/mbed-hal-ksdk-mcu.a(lp_ticker.c.o)
 .text.rct_isr  0x00008b9c       0x38 ym/mbed-hal-ksdk-mcu/source/mbed-hal-ksdk-mcu.a(lp_ticker.c.o)
 .text.lp_ticker_init
                0x00008bd4      0x14c ym/mbed-hal-ksdk-mcu/source/mbed-hal-ksdk-mcu.a(lp_ticker.c.o)
                0x00008bd4                lp_ticker_init
 .text.lp_ticker_read
                0x00008d20       0x3c ym/mbed-hal-ksdk-mcu/source/mbed-hal-ksdk-mcu.a(lp_ticker.c.o)
                0x00008d20                lp_ticker_read
 .text.lp_ticker_get_compare_match
                0x00008d5c        0xc ym/mbed-hal-ksdk-mcu/source/mbed-hal-ksdk-mcu.a(lp_ticker.c.o)
                0x00008d5c                lp_ticker_get_compare_match
 .text.lp_ticker_set_interrupt
                0x00008d68       0x7c ym/mbed-hal-ksdk-mcu/source/mbed-hal-ksdk-mcu.a(lp_ticker.c.o)
                0x00008d68                lp_ticker_set_interrupt
 .text.lp_ticker_sleep_until
                0x00008de4       0x2c ym/mbed-hal-ksdk-mcu/source/mbed-hal-ksdk-mcu.a(lp_ticker.c.o)
                0x00008de4                lp_ticker_sleep_until
 .text.mbed_enter_sleep
                0x00008e10       0x38 ym/mbed-hal-ksdk-mcu/source/mbed-hal-ksdk-mcu.a(sleep.c.o)
                0x00008e10                mbed_enter_sleep
 .text.mbed_urealloc
                0x00008e48       0x2c ym/ualloc/source/ualloc.a(ualloc.c.o)
                0x00008e48                mbed_urealloc
 .text.mbed_ufree
                0x00008e74       0x1c ym/ualloc/source/ualloc.a(ualloc.c.o)
                0x00008e74                mbed_ufree
 .text.init_mparams
                0x00008e90       0x40 ym/dlmalloc/source/dlmalloc.a(dlmalloc.c.o)
 .text.try_realloc_chunk.isra.3.constprop.6
                0x00008ed0      0x2cc ym/dlmalloc/source/dlmalloc.a(dlmalloc.c.o)
 .text.init_top.constprop.16
                0x0000919c       0x38 ym/dlmalloc/source/dlmalloc.a(dlmalloc.c.o)
 .text.segment_holding.constprop.17
                0x000091d4       0x20 ym/dlmalloc/source/dlmalloc.a(dlmalloc.c.o)
 .text.dlmalloc
                0x000091f4      0xe24 ym/dlmalloc/source/dlmalloc.a(dlmalloc.c.o)
                0x000091f4                dlmalloc
 .text.dlfree   0x0000a018      0x45c ym/dlmalloc/source/dlmalloc.a(dlmalloc.c.o)
                0x0000a018                dlfree
 .text.SystemInit
                0x0000a474      0x13c ym/cmsis-core-k64f/source/cmsis-core-k64f.a(system_MK64F12.c.o)
                0x0000a474                SystemInit
 .text.NVIC_SetVector
                0x0000a5b0       0x40 ym/cmsis-core-k64f/source/cmsis-core-k64f.a(cmsis_nvic.c.o)
                0x0000a5b0                NVIC_SetVector
 .text._Znwj    0x0000a5f0       0x28 c:/progra~2/gnutoo~1/4f412~1.820/bin/../lib/gcc/arm-none-eabi/4.8.4/../../../../arm-none-eabi/lib/armv7e-m\libstdc++_s.a(new_op.o)
                0x0000a5f0                operator new(unsigned int)
 .text.calloc   0x0000a618       0x14 c:/progra~2/gnutoo~1/4f412~1.820/bin/../lib/gcc/arm-none-eabi/4.8.4/../../../../arm-none-eabi/lib/armv7e-m\libc_s.a(lib_a-calloc.o)
                0x0000a618                calloc
 .text.__cxa_atexit
                0x0000a62c       0x20 c:/progra~2/gnutoo~1/4f412~1.820/bin/../lib/gcc/arm-none-eabi/4.8.4/../../../../arm-none-eabi/lib/armv7e-m\libc_s.a(lib_a-cxa_atexit.o)
                0x0000a62c                __cxa_atexit
 .text.__errno  0x0000a64c        0xc c:/progra~2/gnutoo~1/4f412~1.820/bin/../lib/gcc/arm-none-eabi/4.8.4/../../../../arm-none-eabi/lib/armv7e-m\libc_s.a(lib_a-errno.o)
                0x0000a64c                __errno
 .text._fclose_r
                0x0000a658       0xa4 c:/progra~2/gnutoo~1/4f412~1.820/bin/../lib/gcc/arm-none-eabi/4.8.4/../../../../arm-none-eabi/lib/armv7e-m\libc_s.a(lib_a-fclose.o)
                0x0000a658                _fclose_r
 .text.fclose   0x0000a6fc       0x10 c:/progra~2/gnutoo~1/4f412~1.820/bin/../lib/gcc/arm-none-eabi/4.8.4/../../../../arm-none-eabi/lib/armv7e-m\libc_s.a(lib_a-fclose.o)
                0x0000a6fc                fclose
 .text._fflush_r
                0x0000a70c       0x54 c:/progra~2/gnutoo~1/4f412~1.820/bin/../lib/gcc/arm-none-eabi/4.8.4/../../../../arm-none-eabi/lib/armv7e-m\libc_s.a(lib_a-fflush.o)
                0x0000a70c                _fflush_r
 .text.fflush   0x0000a760       0x24 c:/progra~2/gnutoo~1/4f412~1.820/bin/../lib/gcc/arm-none-eabi/4.8.4/../../../../arm-none-eabi/lib/armv7e-m\libc_s.a(lib_a-fflush.o)
                0x0000a760                fflush
 .text.std.isra.0
                0x0000a784       0x48 c:/progra~2/gnutoo~1/4f412~1.820/bin/../lib/gcc/arm-none-eabi/4.8.4/../../../../arm-none-eabi/lib/armv7e-m\libc_s.a(lib_a-findfp.o)
 .text.__sinit  0x0000a7cc       0x60 c:/progra~2/gnutoo~1/4f412~1.820/bin/../lib/gcc/arm-none-eabi/4.8.4/../../../../arm-none-eabi/lib/armv7e-m\libc_s.a(lib_a-findfp.o)
                0x0000a7cc                __sinit
 .text.__sfp    0x0000a82c       0x74 c:/progra~2/gnutoo~1/4f412~1.820/bin/../lib/gcc/arm-none-eabi/4.8.4/../../../../arm-none-eabi/lib/armv7e-m\libc_s.a(lib_a-findfp.o)
                0x0000a82c                __sfp
 .text._fopen_r
                0x0000a8a0       0x80 c:/progra~2/gnutoo~1/4f412~1.820/bin/../lib/gcc/arm-none-eabi/4.8.4/../../../../arm-none-eabi/lib/armv7e-m\libc_s.a(lib_a-fopen.o)
                0x0000a8a0                _fopen_r
 .text.fopen    0x0000a920       0x14 c:/progra~2/gnutoo~1/4f412~1.820/bin/../lib/gcc/arm-none-eabi/4.8.4/../../../../arm-none-eabi/lib/armv7e-m\libc_s.a(lib_a-fopen.o)
                0x0000a920                fopen
 .text.fprintf  0x0000a934       0x24 c:/progra~2/gnutoo~1/4f412~1.820/bin/../lib/gcc/arm-none-eabi/4.8.4/../../../../arm-none-eabi/lib/armv7e-m\libc_s.a(lib_a-fprintf.o)
                0x0000a934                fiprintf
                0x0000a934                fprintf
 .text._fseeko_r
                0x0000a958      0x11c c:/progra~2/gnutoo~1/4f412~1.820/bin/../lib/gcc/arm-none-eabi/4.8.4/../../../../arm-none-eabi/lib/armv7e-m\libc_s.a(lib_a-fseeko.o)
                0x0000a958                _fseeko_r
 .text.__libc_init_array
                0x0000aa74       0x4c c:/progra~2/gnutoo~1/4f412~1.820/bin/../lib/gcc/arm-none-eabi/4.8.4/../../../../arm-none-eabi/lib/armv7e-m\libc_s.a(lib_a-init.o)
                0x0000aa74                __libc_init_array
 .text.__smakebuf_r
                0x0000aac0       0x9c c:/progra~2/gnutoo~1/4f412~1.820/bin/../lib/gcc/arm-none-eabi/4.8.4/../../../../arm-none-eabi/lib/armv7e-m\libc_s.a(lib_a-makebuf.o)
                0x0000aac0                __smakebuf_r
 .text.malloc   0x0000ab5c       0x10 c:/progra~2/gnutoo~1/4f412~1.820/bin/../lib/gcc/arm-none-eabi/4.8.4/../../../../arm-none-eabi/lib/armv7e-m\libc_s.a(lib_a-malloc.o)
                0x0000ab5c                malloc
 .text.free     0x0000ab6c       0x10 c:/progra~2/gnutoo~1/4f412~1.820/bin/../lib/gcc/arm-none-eabi/4.8.4/../../../../arm-none-eabi/lib/armv7e-m\libc_s.a(lib_a-malloc.o)
                0x0000ab6c                free
 .text._open_r  0x0000ab7c       0x24 c:/progra~2/gnutoo~1/4f412~1.820/bin/../lib/gcc/arm-none-eabi/4.8.4/../../../../arm-none-eabi/lib/armv7e-m\libc_s.a(lib_a-openr.o)
                0x0000ab7c                _open_r
 .text.printf   0x0000aba0       0x30 c:/progra~2/gnutoo~1/4f412~1.820/bin/../lib/gcc/arm-none-eabi/4.8.4/../../../../arm-none-eabi/lib/armv7e-m\libc_s.a(lib_a-printf.o)
                0x0000aba0                iprintf
                0x0000aba0                printf
 .text.puts     0x0000abd0       0x10 c:/progra~2/gnutoo~1/4f412~1.820/bin/../lib/gcc/arm-none-eabi/4.8.4/../../../../arm-none-eabi/lib/armv7e-m\libc_s.a(lib_a-puts.o)
                0x0000abd0                puts
 .text.rand     0x0000abe0       0x74 c:/progra~2/gnutoo~1/4f412~1.820/bin/../lib/gcc/arm-none-eabi/4.8.4/../../../../arm-none-eabi/lib/armv7e-m\libc_s.a(lib_a-rand.o)
                0x0000abe0                rand
 .text.setvbuf  0x0000ac54      0x110 c:/progra~2/gnutoo~1/4f412~1.820/bin/../lib/gcc/arm-none-eabi/4.8.4/../../../../arm-none-eabi/lib/armv7e-m\libc_s.a(lib_a-setvbuf.o)
                0x0000ac54                setvbuf
 .text.raise    0x0000ad64       0x10 c:/progra~2/gnutoo~1/4f412~1.820/bin/../lib/gcc/arm-none-eabi/4.8.4/../../../../arm-none-eabi/lib/armv7e-m\libc_s.a(lib_a-signal.o)
                0x0000ad64                raise
 .text._kill_r  0x0000ad74       0x24 c:/progra~2/gnutoo~1/4f412~1.820/bin/../lib/gcc/arm-none-eabi/4.8.4/../../../../arm-none-eabi/lib/armv7e-m\libc_s.a(lib_a-signalr.o)
                0x0000ad74                _kill_r
 .text.snprintf
                0x0000ad98       0x64 c:/progra~2/gnutoo~1/4f412~1.820/bin/../lib/gcc/arm-none-eabi/4.8.4/../../../../arm-none-eabi/lib/armv7e-m\libc_s.a(lib_a-snprintf.o)
                0x0000ad98                sniprintf
                0x0000ad98                snprintf
 .text.sprintf  0x0000adfc       0x48 c:/progra~2/gnutoo~1/4f412~1.820/bin/../lib/gcc/arm-none-eabi/4.8.4/../../../../arm-none-eabi/lib/armv7e-m\libc_s.a(lib_a-sprintf.o)
                0x0000adfc                siprintf
                0x0000adfc                sprintf
 .text.sscanf   0x0000ae44       0x54 c:/progra~2/gnutoo~1/4f412~1.820/bin/../lib/gcc/arm-none-eabi/4.8.4/../../../../arm-none-eabi/lib/armv7e-m\libc_s.a(lib_a-sscanf.o)
                0x0000ae44                siscanf
                0x0000ae44                sscanf
 .text._svfprintf_r
                0x0000ae98      0x1dc c:/progra~2/gnutoo~1/4f412~1.820/bin/../lib/gcc/arm-none-eabi/4.8.4/../../../../arm-none-eabi/lib/armv7e-m\libc_s.a(lib_a-svfprintf.o)
                0x0000ae98                _svfiprintf_r
                0x0000ae98                _svfprintf_r
 .text.__ssvfscanf_r
                0x0000b074      0x29c c:/progra~2/gnutoo~1/4f412~1.820/bin/../lib/gcc/arm-none-eabi/4.8.4/../../../../arm-none-eabi/lib/armv7e-m\libc_s.a(lib_a-svfscanf.o)
                0x0000b074                __ssvfiscanf_r
                0x0000b074                __ssvfscanf_r
 .text._vfprintf_r
                0x0000b310      0x208 c:/progra~2/gnutoo~1/4f412~1.820/bin/../lib/gcc/arm-none-eabi/4.8.4/../../../../arm-none-eabi/lib/armv7e-m\libc_s.a(lib_a-vfprintf.o)
                0x0000b310                _vfprintf_r
                0x0000b310                _vfiprintf_r
 .text.vfprintf
                0x0000b518       0x1c c:/progra~2/gnutoo~1/4f412~1.820/bin/../lib/gcc/arm-none-eabi/4.8.4/../../../../arm-none-eabi/lib/armv7e-m\libc_s.a(lib_a-vfprintf.o)
                0x0000b518                vfprintf
                0x0000b518                vfiprintf
 .text._printf_i
                0x0000b534      0x228 c:/progra~2/gnutoo~1/4f412~1.820/bin/../lib/gcc/arm-none-eabi/4.8.4/../../../../arm-none-eabi/lib/armv7e-m\libc_s.a(lib_a-vfprintf_i.o)
                0x0000b534                _printf_i
 .text._scanf_chars
                0x0000b75c       0xc0 c:/progra~2/gnutoo~1/4f412~1.820/bin/../lib/gcc/arm-none-eabi/4.8.4/../../../../arm-none-eabi/lib/armv7e-m\libc_s.a(lib_a-vfscanf_i.o)
                0x0000b75c                _scanf_chars
 .text._scanf_i
                0x0000b81c      0x1ec c:/progra~2/gnutoo~1/4f412~1.820/bin/../lib/gcc/arm-none-eabi/4.8.4/../../../../arm-none-eabi/lib/armv7e-m\libc_s.a(lib_a-vfscanf_i.o)
                0x0000b81c                _scanf_i
 .text.__swbuf_r
                0x0000ba08       0xa8 c:/progra~2/gnutoo~1/4f412~1.820/bin/../lib/gcc/arm-none-eabi/4.8.4/../../../../arm-none-eabi/lib/armv7e-m\libc_s.a(lib_a-wbuf.o)
                0x0000ba08                __swbuf_r
 .text._write_r
                0x0000bab0       0x24 c:/progra~2/gnutoo~1/4f412~1.820/bin/../lib/gcc/arm-none-eabi/4.8.4/../../../../arm-none-eabi/lib/armv7e-m\libc_s.a(lib_a-writer.o)
                0x0000bab0                _write_r
 .text.__swsetup_r
                0x0000bad4       0xdc c:/progra~2/gnutoo~1/4f412~1.820/bin/../lib/gcc/arm-none-eabi/4.8.4/../../../../arm-none-eabi/lib/armv7e-m\libc_s.a(lib_a-wsetup.o)
                0x0000bad4                __swsetup_r
 .text._close_r
                0x0000bbb0       0x20 c:/progra~2/gnutoo~1/4f412~1.820/bin/../lib/gcc/arm-none-eabi/4.8.4/../../../../arm-none-eabi/lib/armv7e-m\libc_s.a(lib_a-closer.o)
                0x0000bbb0                _close_r
 .text._fstat_r
                0x0000bbd0       0x24 c:/progra~2/gnutoo~1/4f412~1.820/bin/../lib/gcc/arm-none-eabi/4.8.4/../../../../arm-none-eabi/lib/armv7e-m\libc_s.a(lib_a-fstatr.o)
                0x0000bbd0                _fstat_r
 .text._isatty_r
                0x0000bbf4       0x20 c:/progra~2/gnutoo~1/4f412~1.820/bin/../lib/gcc/arm-none-eabi/4.8.4/../../../../arm-none-eabi/lib/armv7e-m\libc_s.a(lib_a-isattyr.o)
                0x0000bbf4                _isatty_r
 .text._lseek_r
                0x0000bc14       0x24 c:/progra~2/gnutoo~1/4f412~1.820/bin/../lib/gcc/arm-none-eabi/4.8.4/../../../../arm-none-eabi/lib/armv7e-m\libc_s.a(lib_a-lseekr.o)
                0x0000bc14                _lseek_r
 .text._read_r  0x0000bc38       0x24 c:/progra~2/gnutoo~1/4f412~1.820/bin/../lib/gcc/arm-none-eabi/4.8.4/../../../../arm-none-eabi/lib/armv7e-m\libc_s.a(lib_a-readr.o)
                0x0000bc38                _read_r
 .text._strtol_r
                0x0000bc5c      0x104 c:/progra~2/gnutoo~1/4f412~1.820/bin/../lib/gcc/arm-none-eabi/4.8.4/../../../../arm-none-eabi/lib/armv7e-m\libc_s.a(lib_a-strtol.o)
                0x0000bc5c                _strtol_r
 .text._strtoul_r
                0x0000bd60       0xf0 c:/progra~2/gnutoo~1/4f412~1.820/bin/../lib/gcc/arm-none-eabi/4.8.4/../../../../arm-none-eabi/lib/armv7e-m\libc_s.a(lib_a-strtoul.o)
                0x0000bd60                _strtoul_r
 .text.mbed_sbrk
                0x0000be50       0x60 ym/core-util/source/core-util.a(sbrk.cpp.o)
                0x0000be50                mbed_sbrk
 .text.mbed_krbs_ex
                0x0000beb0       0x6c ym/core-util/source/core-util.a(sbrk.cpp.o)
                0x0000beb0                mbed_krbs_ex
 .text._ZN4mbed4util19FunctionPointerBaseIvE17_null_constructorEPvSt9__va_list
                0x0000bf1c        0x2 source/CMakeFiles/mbed3.dir/C_/development/cpp/mbed3/source/app.cpp.o
                0x0000bf1c                mbed::util::FunctionPointerBase<void>::_null_constructor(void*, std::__va_list)
 .text._ZN4mbed4util19FunctionPointerBaseIvE15_null_copy_argsEPvS3_
                0x0000bf1e        0x2 source/CMakeFiles/mbed3.dir/C_/development/cpp/mbed3/source/app.cpp.o
                0x0000bf1e                mbed::util::FunctionPointerBase<void>::_null_copy_args(void*, void*)
 .text._ZN4mbed4util19FunctionPointerBaseIvE16_null_destructorEPv
                0x0000bf20        0x2 source/CMakeFiles/mbed3.dir/C_/development/cpp/mbed3/source/app.cpp.o
                0x0000bf20                mbed::util::FunctionPointerBase<void>::_null_destructor(void*)
 .text._ZN4mbed4util16FunctionPointer1IvPKcE11constructorEPvSt9__va_list
                0x0000bf22        0xa source/CMakeFiles/mbed3.dir/C_/development/cpp/mbed3/source/app.cpp.o
                0x0000bf22                mbed::util::FunctionPointer1<void, char const*>::constructor(void*, std::__va_list)
 .text._ZN4mbed4util16FunctionPointer1IvPKcE16copy_constructorEPvS5_
                0x0000bf2c        0x8 source/CMakeFiles/mbed3.dir/C_/development/cpp/mbed3/source/app.cpp.o
                0x0000bf2c                mbed::util::FunctionPointer1<void, char const*>::copy_constructor(void*, void*)
 .text._ZN4mbed4util16FunctionPointer1IvPKcE10destructorEPv
                0x0000bf34        0x2 source/CMakeFiles/mbed3.dir/C_/development/cpp/mbed3/source/app.cpp.o
                0x0000bf34                mbed::util::FunctionPointer1<void, char const*>::destructor(void*)
 .text._ZN4mbed4util16FunctionPointer2IvPNS_7Sockets2v06SocketE14socket_error_tE12membercallerI9HelloHTTPEEvPvPjSA_
                0x0000bf36       0x1e source/CMakeFiles/mbed3.dir/C_/development/cpp/mbed3/source/app.cpp.o
                0x0000bf36                void mbed::util::FunctionPointer2<void, mbed::Sockets::v0::Socket*, socket_error_t>::membercaller<HelloHTTP>(void*, unsigned int*, void*)
 .text._ZN4mbed4util16FunctionPointer3IvPNS_7Sockets2v06SocketE11socket_addrPKcE12membercallerI9HelloHTTPEEvPvPjSC_
                0x0000bf54       0x38 source/CMakeFiles/mbed3.dir/C_/development/cpp/mbed3/source/app.cpp.o
                0x0000bf54                void mbed::util::FunctionPointer3<void, mbed::Sockets::v0::Socket*, socket_addr, char const*>::membercaller<HelloHTTP>(void*, unsigned int*, void*)
 .text._ZN4mbed4util16FunctionPointer1IvPNS_7Sockets2v06SocketEE12membercallerI9HelloHTTPEEvPvPjS9_
                0x0000bf8c       0x1c source/CMakeFiles/mbed3.dir/C_/development/cpp/mbed3/source/app.cpp.o
                0x0000bf8c                void mbed::util::FunctionPointer1<void, mbed::Sockets::v0::Socket*>::membercaller<HelloHTTP>(void*, unsigned int*, void*)
 .text._ZN4mbed4util16FunctionPointer1IvPNS_7Sockets2v09TCPStreamEE12membercallerI9HelloHTTPEEvPvPjS9_
                0x0000bfa8       0x1c source/CMakeFiles/mbed3.dir/C_/development/cpp/mbed3/source/app.cpp.o
                0x0000bfa8                void mbed::util::FunctionPointer1<void, mbed::Sockets::v0::TCPStream*>::membercaller<HelloHTTP>(void*, unsigned int*, void*)
 .text._ZN4mbed4util16FunctionPointer1IvPKcE12membercallerI9HelloHTTPEEvPvPjS7_
                0x0000bfc4       0x1c source/CMakeFiles/mbed3.dir/C_/development/cpp/mbed3/source/app.cpp.o
                0x0000bfc4                void mbed::util::FunctionPointer1<void, char const*>::membercaller<HelloHTTP>(void*, unsigned int*, void*)
 .text._ZN4mbed4util19FunctionPointerBaseIvE5clearEv
                0x0000bfe0        0x8 source/CMakeFiles/mbed3.dir/C_/development/cpp/mbed3/source/app.cpp.o
                0x0000bfe0                mbed::util::FunctionPointerBase<void>::clear()
 .text._ZN4mbed4util19FunctionPointerBindIvED0Ev
                0x0000bfe8       0x12 source/CMakeFiles/mbed3.dir/C_/development/cpp/mbed3/source/app.cpp.o
                0x0000bfe8                mbed::util::FunctionPointerBind<void>::~FunctionPointerBind()
 .text._ZN4mbed10SerialBaseD0Ev
                0x0000bffa       0x12 source/CMakeFiles/mbed3.dir/C_/development/cpp/mbed3/source/app.cpp.o
                0x0000bffa                mbed::SerialBase::~SerialBase()
 .text._ZN4mbed6SerialD1Ev
                0x0000c00c       0x10 source/CMakeFiles/mbed3.dir/C_/development/cpp/mbed3/source/app.cpp.o
                0x0000c00c                non-virtual thunk to mbed::Serial::~Serial()
                0x0000c014                non-virtual thunk to mbed::Serial::~Serial()
 .text._ZN4mbed6SerialD0Ev
                0x0000c01c       0x1e source/CMakeFiles/mbed3.dir/C_/development/cpp/mbed3/source/app.cpp.o
                0x0000c01c                mbed::Serial::~Serial()
                0x0000c02e                non-virtual thunk to mbed::Serial::~Serial()
                0x0000c034                non-virtual thunk to mbed::Serial::~Serial()
 .text._ZN4mbed6Serial5_getcEv
                0x0000c03a        0x4 ym/mbed-drivers/source/mbed-drivers.a(Serial.cpp.o)
                0x0000c03a                mbed::Serial::_getc()
 .text._ZThn244_N4mbed6Serial5_getcEv
                0x0000c03e        0x8 ym/mbed-drivers/source/mbed-drivers.a(Serial.cpp.o)
                0x0000c03e                non-virtual thunk to mbed::Serial::_getc()
 .text._ZN4mbed6Serial5_putcEi
                0x0000c046        0x4 ym/mbed-drivers/source/mbed-drivers.a(Serial.cpp.o)
                0x0000c046                mbed::Serial::_putc(int)
 .text._ZThn244_N4mbed6Serial5_putcEi
                0x0000c04a        0x8 ym/mbed-drivers/source/mbed-drivers.a(Serial.cpp.o)
                0x0000c04a                non-virtual thunk to mbed::Serial::_putc(int)
 .text._ZN4mbed4util16FunctionPointer0IvE12staticcallerEPvPjS3_
                0x0000c052        0x6 ym/mbed-drivers/source/mbed-drivers.a(SerialBase.cpp.o)
                0x0000c052                mbed::util::FunctionPointer0<void>::staticcaller(void*, unsigned int*, void*)
 .text._ZN4mbed10SerialBase12_irq_handlerEm9SerialIrq
                0x0000c058       0x18 ym/mbed-drivers/source/mbed-drivers.a(SerialBase.cpp.o)
                0x0000c058                mbed::SerialBase::_irq_handler(unsigned long, SerialIrq)
 .text._ZN6CThunkIN4mbed10SerialBaseEE10trampolineEPS1_PvPMS1_FvS4_E
                0x0000c070       0x24 ym/mbed-drivers/source/mbed-drivers.a(SerialBase.cpp.o)
                0x0000c070                CThunk<mbed::SerialBase>::trampoline(mbed::SerialBase*, void*, void (mbed::SerialBase::**)(void*))
 .text._ZN4mbed4util16FunctionPointer2IvNS_6BufferEiE12staticcallerEPvPjS4_
                0x0000c094        0xe ym/mbed-drivers/source/mbed-drivers.a(SerialBase.cpp.o)
                0x0000c094                mbed::util::FunctionPointer2<void, mbed::Buffer, int>::staticcaller(void*, unsigned int*, void*)
 .text._ZN4mbed10SerialBase4baudEi
                0x0000c0a2       0x12 ym/mbed-drivers/source/mbed-drivers.a(SerialBase.cpp.o)
                0x0000c0a2                mbed::SerialBase::baud(int)
 .text._ZN4mbed10SerialBase10_base_getcEv
                0x0000c0b4        0x6 ym/mbed-drivers/source/mbed-drivers.a(SerialBase.cpp.o)
                0x0000c0b4                mbed::SerialBase::_base_getc()
 .text._ZN4mbed10SerialBase10_base_putcEi
                0x0000c0ba        0xe ym/mbed-drivers/source/mbed-drivers.a(SerialBase.cpp.o)
                0x0000c0ba                mbed::SerialBase::_base_putc(int)
 .text._ZN4mbed10FileHandle4flenEv
                0x0000c0c8       0x34 ym/mbed-drivers/source/mbed-drivers.a(retarget.cpp.o)
                0x0000c0c8                mbed::FileHandle::flen()
 .text._ZN4mbed4util16FunctionPointer2IviPPcE11constructorEPvSt9__va_list
                0x0000c0fc       0x10 ym/mbed-drivers/source/mbed-drivers.a(retarget.cpp.o)
                0x0000c0fc                mbed::util::FunctionPointer2<void, int, char**>::constructor(void*, std::__va_list)
 .text._ZN4mbed4util16FunctionPointer2IviPPcE16copy_constructorEPvS5_
                0x0000c10c        0xc ym/mbed-drivers/source/mbed-drivers.a(retarget.cpp.o)
                0x0000c10c                mbed::util::FunctionPointer2<void, int, char**>::copy_constructor(void*, void*)
 .text._ZN4mbed4util16FunctionPointer2IviPPcE10destructorEPv
                0x0000c118        0x2 ym/mbed-drivers/source/mbed-drivers.a(retarget.cpp.o)
                0x0000c118                mbed::util::FunctionPointer2<void, int, char**>::destructor(void*)
 .text._ZN4mbed4util16FunctionPointer2IviPPcE12staticcallerEPvPjS5_
                0x0000c11a        0xc ym/mbed-drivers/source/mbed-drivers.a(retarget.cpp.o)
                0x0000c11a                mbed::util::FunctionPointer2<void, int, char**>::staticcaller(void*, unsigned int*, void*)
 .text._ZN4mbed10FileHandleD0Ev
                0x0000c126       0x12 ym/mbed-drivers/source/mbed-drivers.a(retarget.cpp.o)
                0x0000c126                mbed::FileHandle::~FileHandle()
 .text._fstat   0x0000c138       0x1e ym/mbed-drivers/source/mbed-drivers.a(retarget.cpp.o)
                0x0000c138                _fstat
 .text.__cxa_pure_virtual
                0x0000c156        0x8 ym/mbed-drivers/source/mbed-drivers.a(retarget.cpp.o)
                0x0000c156                __cxa_pure_virtual
 .text.__wrap_main
                0x0000c15e        0xe ym/mbed-drivers/source/mbed-drivers.a(retarget.cpp.o)
                0x0000c15e                __wrap_main
 .text._exit    0x0000c16c        0x4 ym/mbed-drivers/source/mbed-drivers.a(retarget.cpp.o)
                0x0000c16c                _exit
 .text._kill    0x0000c170       0x10 ym/mbed-drivers/source/mbed-drivers.a(retarget.cpp.o)
                0x0000c170                _kill
 .text._getpid  0x0000c180        0x4 ym/mbed-drivers/source/mbed-drivers.a(retarget.cpp.o)
                0x0000c180                _getpid
 .text._ZN4mbed6Stream5closeEv
                0x0000c184        0x4 ym/mbed-drivers/source/mbed-drivers.a(Stream.cpp.o)
                0x0000c184                mbed::Stream::close()
 .text._ZN4mbed6Stream5writeEPKvj
                0x0000c188       0x22 ym/mbed-drivers/source/mbed-drivers.a(Stream.cpp.o)
                0x0000c188                mbed::Stream::write(void const*, unsigned int)
 .text._ZN4mbed6Stream4readEPvj
                0x0000c1aa       0x24 ym/mbed-drivers/source/mbed-drivers.a(Stream.cpp.o)
                0x0000c1aa                mbed::Stream::read(void*, unsigned int)
 .text._ZN4mbed6Stream5lseekEli
                0x0000c1ce        0x4 ym/mbed-drivers/source/mbed-drivers.a(Stream.cpp.o)
                0x0000c1ce                mbed::Stream::lseek(long, int)
 .text._ZN4mbed6Stream6isattyEv
                0x0000c1d2        0x4 ym/mbed-drivers/source/mbed-drivers.a(Stream.cpp.o)
                0x0000c1d2                mbed::Stream::isatty()
 .text._ZN4mbed6Stream5fsyncEv
                0x0000c1d6        0x4 ym/mbed-drivers/source/mbed-drivers.a(Stream.cpp.o)
                0x0000c1d6                mbed::Stream::fsync()
 .text._ZN4mbed6Stream4flenEv
                0x0000c1da        0x4 ym/mbed-drivers/source/mbed-drivers.a(Stream.cpp.o)
                0x0000c1da                mbed::Stream::flen()
 .text._ZThn4_N4mbed6StreamD1Ev
                0x0000c1de        0x8 ym/mbed-drivers/source/mbed-drivers.a(Stream.cpp.o)
                0x0000c1de                non-virtual thunk to mbed::Stream::~Stream()
 .text._ZN4mbed6StreamD0Ev
                0x0000c1e6       0x12 ym/mbed-drivers/source/mbed-drivers.a(Stream.cpp.o)
                0x0000c1e6                mbed::Stream::~Stream()
 .text._ZThn4_N4mbed6StreamD0Ev
                0x0000c1f8        0x8 ym/mbed-drivers/source/mbed-drivers.a(Stream.cpp.o)
                0x0000c1f8                non-virtual thunk to mbed::Stream::~Stream()
 .text.mbed_die
                0x0000c200       0x2c ym/mbed-drivers/source/mbed-drivers.a(board.c.o)
                0x0000c200                mbed_die
 .text._ZN4mbed8FilePathC2EPKc
                0x0000c22c       0x3c ym/mbed-drivers/source/mbed-drivers.a(FilePath.cpp.o)
                0x0000c22c                mbed::FilePath::FilePath(char const*)
                0x0000c22c                mbed::FilePath::FilePath(char const*)
 .text._ZN4mbed8FilePath8fileNameEv
                0x0000c268        0x4 ym/mbed-drivers/source/mbed-drivers.a(FilePath.cpp.o)
                0x0000c268                mbed::FilePath::fileName()
 .text._ZN4mbed8FilePath12isFileSystemEv
                0x0000c26c       0x12 ym/mbed-drivers/source/mbed-drivers.a(FilePath.cpp.o)
                0x0000c26c                mbed::FilePath::isFileSystem()
 .text._ZN4mbed8FilePath10fileSystemEv
                0x0000c27e        0xe ym/mbed-drivers/source/mbed-drivers.a(FilePath.cpp.o)
                0x0000c27e                mbed::FilePath::fileSystem()
 .text._ZN4mbed8FilePath6isFileEv
                0x0000c28c       0x14 ym/mbed-drivers/source/mbed-drivers.a(FilePath.cpp.o)
                0x0000c28c                mbed::FilePath::isFile()
 .text._ZN4mbed8FilePath4fileEv
                0x0000c2a0       0x12 ym/mbed-drivers/source/mbed-drivers.a(FilePath.cpp.o)
                0x0000c2a0                mbed::FilePath::file()
 .text._ZN4mbed8FilePath6existsEv
                0x0000c2b2        0xa ym/mbed-drivers/source/mbed-drivers.a(FilePath.cpp.o)
                0x0000c2b2                mbed::FilePath::exists()
 .text.wait_us  0x0000c2bc       0x16 ym/mbed-drivers/source/mbed-drivers.a(wait_api.c.o)
                0x0000c2bc                wait_us
 .text.wait_ms  0x0000c2d2        0xa ym/mbed-drivers/source/mbed-drivers.a(wait_api.c.o)
                0x0000c2d2                wait_ms
 .text.gpio_init_out_ex
                0x0000c2dc       0x2e ym/mbed-drivers/source/mbed-drivers.a(gpio.c.o)
                0x0000c2dc                gpio_init_out_ex
 .text.gpio_init_out
                0x0000c30a        0x6 ym/mbed-drivers/source/mbed-drivers.a(gpio.c.o)
                0x0000c30a                gpio_init_out
 .text._ZThn4_N4mbed8FileLikeD1Ev
                0x0000c310        0x8 ym/mbed-drivers/source/mbed-drivers.a(FileLike.cpp.o)
                0x0000c310                non-virtual thunk to mbed::FileLike::~FileLike()
 .text._ZN4mbed8FileLikeD0Ev
                0x0000c318       0x12 ym/mbed-drivers/source/mbed-drivers.a(FileLike.cpp.o)
                0x0000c318                mbed::FileLike::~FileLike()
 .text._ZThn4_N4mbed8FileLikeD0Ev
                0x0000c32a        0x8 ym/mbed-drivers/source/mbed-drivers.a(FileLike.cpp.o)
                0x0000c32a                non-virtual thunk to mbed::FileLike::~FileLike()
 .text._ZN4mbed8FileBaseD0Ev
                0x0000c332       0x12 ym/mbed-drivers/source/mbed-drivers.a(FileBase.cpp.o)
                0x0000c332                mbed::FileBase::~FileBase()
 .text._ZN4mbed8FileBase11getPathTypeEv
                0x0000c344        0x4 ym/mbed-drivers/source/mbed-drivers.a(FileBase.cpp.o)
                0x0000c344                mbed::FileBase::getPathType()
 .text._ZN4mbed7Sockets2v09TCPAsynch4openE23socket_address_family_t21socket_proto_family_t
                0x0000c348        0x4 ym/sockets/source/sockets.a(TCPAsynch.cpp.o)
                0x0000c348                mbed::Sockets::v0::TCPAsynch::open(socket_address_family_t, socket_proto_family_t)
 .text._ZN4mbed6TickerD0Ev
                0x0000c34c       0x12 ym/sockets/source/sockets.a(TCPAsynch.cpp.o)